Component: ARM Compiler 5.06 update 1 (build 61) Tool: armlink [4d35a8]

==============================================================================

Section Cross References

    system_gd32f4xx.o(i.SystemCoreClockUpdate) refers to system_gd32f4xx.o(.data) for SystemCoreClock
    system_gd32f4xx.o(i.SystemInit) refers to system_gd32f4xx.o(i.system_clock_config) for system_clock_config
    system_gd32f4xx.o(i.system_clock_config) refers to system_gd32f4xx.o(i.system_clock_200m_irc16m) for system_clock_200m_irc16m
    gd32f4xx_adc.o(i.adc_deinit) refers to gd32f4xx_rcu.o(i.rcu_periph_reset_enable) for rcu_periph_reset_enable
    gd32f4xx_adc.o(i.adc_deinit) refers to gd32f4xx_rcu.o(i.rcu_periph_reset_disable) for rcu_periph_reset_disable
    gd32f4xx_can.o(i.can_debug_freeze_disable) refers to gd32f4xx_dbg.o(i.dbg_periph_disable) for dbg_periph_disable
    gd32f4xx_can.o(i.can_debug_freeze_enable) refers to gd32f4xx_dbg.o(i.dbg_periph_enable) for dbg_periph_enable
    gd32f4xx_can.o(i.can_deinit) refers to gd32f4xx_rcu.o(i.rcu_periph_reset_enable) for rcu_periph_reset_enable
    gd32f4xx_can.o(i.can_deinit) refers to gd32f4xx_rcu.o(i.rcu_periph_reset_disable) for rcu_periph_reset_disable
    gd32f4xx_ctc.o(i.ctc_deinit) refers to gd32f4xx_rcu.o(i.rcu_periph_reset_enable) for rcu_periph_reset_enable
    gd32f4xx_ctc.o(i.ctc_deinit) refers to gd32f4xx_rcu.o(i.rcu_periph_reset_disable) for rcu_periph_reset_disable
    gd32f4xx_dac.o(i.dac_deinit) refers to gd32f4xx_rcu.o(i.rcu_periph_reset_enable) for rcu_periph_reset_enable
    gd32f4xx_dac.o(i.dac_deinit) refers to gd32f4xx_rcu.o(i.rcu_periph_reset_disable) for rcu_periph_reset_disable
    gd32f4xx_dci.o(i.dci_deinit) refers to gd32f4xx_rcu.o(i.rcu_periph_reset_enable) for rcu_periph_reset_enable
    gd32f4xx_dci.o(i.dci_deinit) refers to gd32f4xx_rcu.o(i.rcu_periph_reset_disable) for rcu_periph_reset_disable
    gd32f4xx_enet.o(i.enet_deinit) refers to gd32f4xx_rcu.o(i.rcu_periph_reset_enable) for rcu_periph_reset_enable
    gd32f4xx_enet.o(i.enet_deinit) refers to gd32f4xx_rcu.o(i.rcu_periph_reset_disable) for rcu_periph_reset_disable
    gd32f4xx_enet.o(i.enet_deinit) refers to gd32f4xx_enet.o(i.enet_initpara_reset) for enet_initpara_reset
    gd32f4xx_enet.o(i.enet_descriptors_chain_init) refers to gd32f4xx_enet.o(.bss) for txdesc_tab
    gd32f4xx_enet.o(i.enet_descriptors_chain_init) refers to gd32f4xx_enet.o(.data) for dma_current_txdesc
    gd32f4xx_enet.o(i.enet_descriptors_ring_init) refers to gd32f4xx_enet.o(.bss) for txdesc_tab
    gd32f4xx_enet.o(i.enet_descriptors_ring_init) refers to gd32f4xx_enet.o(.data) for dma_current_txdesc
    gd32f4xx_enet.o(i.enet_disable) refers to gd32f4xx_enet.o(i.enet_tx_disable) for enet_tx_disable
    gd32f4xx_enet.o(i.enet_disable) refers to gd32f4xx_enet.o(i.enet_rx_disable) for enet_rx_disable
    gd32f4xx_enet.o(i.enet_enable) refers to gd32f4xx_enet.o(i.enet_tx_enable) for enet_tx_enable
    gd32f4xx_enet.o(i.enet_enable) refers to gd32f4xx_enet.o(i.enet_rx_enable) for enet_rx_enable
    gd32f4xx_enet.o(i.enet_frame_receive) refers to gd32f4xx_enet.o(.data) for dma_current_rxdesc
    gd32f4xx_enet.o(i.enet_frame_transmit) refers to gd32f4xx_enet.o(.data) for dma_current_txdesc
    gd32f4xx_enet.o(i.enet_init) refers to gd32f4xx_enet.o(i.enet_phy_config) for enet_phy_config
    gd32f4xx_enet.o(i.enet_init) refers to gd32f4xx_enet.o(i.enet_delay) for enet_delay
    gd32f4xx_enet.o(i.enet_init) refers to gd32f4xx_enet.o(i.enet_default_init) for enet_default_init
    gd32f4xx_enet.o(i.enet_init) refers to gd32f4xx_enet.o(i.enet_phy_write_read) for enet_phy_write_read
    gd32f4xx_enet.o(i.enet_init) refers to gd32f4xx_enet.o(.bss) for enet_initpara
    gd32f4xx_enet.o(i.enet_initpara_config) refers to gd32f4xx_enet.o(.bss) for enet_initpara
    gd32f4xx_enet.o(i.enet_initpara_reset) refers to gd32f4xx_enet.o(.bss) for enet_initpara
    gd32f4xx_enet.o(i.enet_phy_config) refers to gd32f4xx_rcu.o(i.rcu_clock_freq_get) for rcu_clock_freq_get
    gd32f4xx_enet.o(i.enet_phy_config) refers to gd32f4xx_enet.o(i.enet_phy_write_read) for enet_phy_write_read
    gd32f4xx_enet.o(i.enet_phy_config) refers to gd32f4xx_enet.o(i.enet_delay) for enet_delay
    gd32f4xx_enet.o(i.enet_phyloopback_disable) refers to gd32f4xx_enet.o(i.enet_phy_write_read) for enet_phy_write_read
    gd32f4xx_enet.o(i.enet_phyloopback_enable) refers to gd32f4xx_enet.o(i.enet_phy_write_read) for enet_phy_write_read
    gd32f4xx_enet.o(i.enet_ptp_normal_descriptors_chain_init) refers to gd32f4xx_enet.o(.bss) for txdesc_tab
    gd32f4xx_enet.o(i.enet_ptp_normal_descriptors_chain_init) refers to gd32f4xx_enet.o(.data) for dma_current_txdesc
    gd32f4xx_enet.o(i.enet_ptp_normal_descriptors_ring_init) refers to gd32f4xx_enet.o(.bss) for txdesc_tab
    gd32f4xx_enet.o(i.enet_ptp_normal_descriptors_ring_init) refers to gd32f4xx_enet.o(.data) for dma_current_txdesc
[...]
    ../clib/string.c                         0x00000000   Number         0  strncmp.o ABSOLUTE
    ../clib/string.c                         0x00000000   Number         0  strcat.o ABSOLUTE
    ../clib/string.c                         0x00000000   Number         0  strrchr.o ABSOLUTE
    ../clib/string.c                         0x00000000   Number         0  strstr.o ABSOLUTE
    ../fplib/d2f.s                           0x00000000   Number         0  d2f.o ABSOLUTE
    ../fplib/daddsub.s                       0x00000000   Number         0  daddsub_clz.o ABSOLUTE
    ../fplib/dcheck1.s                       0x00000000   Number         0  dcheck1.o ABSOLUTE
    ../fplib/dcmpi.s                         0x00000000   Number         0  dcmpi.o ABSOLUTE
    ../fplib/ddiv.s                          0x00000000   Number         0  ddiv.o ABSOLUTE
    ../fplib/deqf.s                          0x00000000   Number         0  deqf.o ABSOLUTE
    ../fplib/dfix.s                          0x00000000   Number         0  dfix.o ABSOLUTE
    ../fplib/dflt.s                          0x00000000   Number         0  dflt_clz.o ABSOLUTE
    ../fplib/dleqf.s                         0x00000000   Number         0  dleqf.o ABSOLUTE
    ../fplib/dmul.s                          0x00000000   Number         0  dmul.o ABSOLUTE
    ../fplib/dnaninf.s                       0x00000000   Number         0  dnaninf.o ABSOLUTE
    ../fplib/dretinf.s                       0x00000000   Number         0  dretinf.o ABSOLUTE
    ../fplib/drleqf.s                        0x00000000   Number         0  drleqf.o ABSOLUTE
    ../fplib/f2d.s                           0x00000000   Number         0  f2d.o ABSOLUTE
    ../fplib/fnaninf.s                       0x00000000   Number         0  fnaninf.o ABSOLUTE
    ../fplib/fpconst.s                       0x00000000   Number         0  fpconst.o ABSOLUTE
    ../fplib/fpinit.s                        0x00000000   Number         0  fpinit.o ABSOLUTE
    ../fplib/fretinf.s                       0x00000000   Number         0  fretinf.o ABSOLUTE
    ../fplib/istatus.s                       0x00000000   Number         0  istatus.o ABSOLUTE
    ../fplib/printf1.s                       0x00000000   Number         0  printf1.o ABSOLUTE
    ../fplib/printf2.s                       0x00000000   Number         0  printf2.o ABSOLUTE
    ../fplib/printf2a.s                      0x00000000   Number         0  printf2a.o ABSOLUTE
    ../fplib/printf2b.s                      0x00000000   Number         0  printf2b.o ABSOLUTE
    ../fplib/retnan.s                        0x00000000   Number         0  retnan.o ABSOLUTE
    ../fplib/scalbn.s                        0x00000000   Number         0  scalbn.o ABSOLUTE
    ../fplib/scanf1.s                        0x00000000   Number         0  scanf1.o ABSOLUTE
    ../fplib/scanf2.s                        0x00000000   Number         0  scanf2.o ABSOLUTE
    ../fplib/scanf2a.s                       0x00000000   Number         0  scanf2a.o ABSOLUTE
    ../fplib/scanf2b.s                       0x00000000   Number         0  scanf2b.o ABSOLUTE
    ../fplib/trapv.s                         0x00000000   Number         0  trapv.o ABSOLUTE
    ../fplib/usenofp.s                       0x00000000   Number         0  usenofp.o ABSOLUTE
    ../mathlib/dunder.c                      0x00000000   Number         0  dunder.o ABSOLUTE
    ../mathlib/fabs.c                        0x00000000   Number         0  fabs.o ABSOLUTE
    ../mathlib/fpclassify.c                  0x00000000   Number         0  fpclassify.o ABSOLUTE
    ../mathlib/frexp.c                       0x00000000   Number         0  frexp.o ABSOLUTE
    ../mathlib/ldexp.c                       0x00000000   Number         0  ldexp_x.o ABSOLUTE
    ../mathlib/ldexp.c                       0x00000000   Number         0  ldexp.o ABSOLUTE
    ../mathlib/narrow.c                      0x00000000   Number         0  narrow.o ABSOLUTE
    ../mathlib/qnan.c                        0x00000000   Number         0  qnan.o ABSOLUTE
    ../mathlib/strtod.c                      0x00000000   Number         0  strtod.o ABSOLUTE
    ..\..\..\..\GD32F4x_Firmware_Library\CMSIS\GD\GD32F4xx\Source\ARM\startup_gd32f407.s 0x00000000   Number         0  startup_gd32f407.o ABSOLUTE
    ..\..\..\..\GD32F4x_Firmware_Library\CMSIS\GD\GD32F4xx\Source\system_gd32f4xx.c 0x00000000   Number         0  system_gd32f4xx.o ABSOLUTE
    ..\..\..\..\GD32F4x_Firmware_Library\COPY_TO_USER\gd32f4xx_it.c 0x00000000   Number         0  gd32f4xx_it.o ABSOLUTE
    ..\..\..\..\GD32F4x_Firmware_Library\COPY_TO_USER\main.c 0x00000000   Number         0  main.o ABSOLUTE
    ..\..\..\..\GD32F4x_Firmware_Library\COPY_TO_USER\systick.c 0x00000000   Number         0  systick.o ABSOLUTE
    ..\..\..\..\GD32F4x_Firmware_Library\GD32F4xx_standard_peripheral\Source\gd32f4xx_adc.c 0x00000000   Number         0  gd32f4xx_adc.o ABSOLUTE
    ..\..\..\..\GD32F4x_Firmware_Library\GD32F4xx_standard_peripheral\Source\gd32f4xx_can.c 0x00000000   Number         0  gd32f4xx_can.o ABSOLUTE
    ..\..\..\..\GD32F4x_Firmware_Library\GD32F4xx_standard_peripheral\Source\gd32f4xx_crc.c 0x00000000   Number         0  gd32f4xx_crc.o ABSOLUTE
    ..\..\..\..\GD32F4x_Firmware_Library\GD32F4xx_standard_peripheral\Source\gd32f4xx_ctc.c 0x00000000   Number         0  gd32f4xx_ctc.o ABSOLUTE
    ..\..\..\..\GD32F4x_Firmware_Library\GD32F4xx_standard_peripheral\Source\gd32f4xx_dac.c 0x00000000   Number         0  gd32f4xx_dac.o ABSOLUTE
    ..\..\..\..\GD32F4x_Firmware_Library\GD32F4xx_standard_peripheral\Source\gd32f4xx_dbg.c 0x00000000   Number         0  gd32f4xx_dbg.o ABSOLUTE
    ..\..\..\..\GD32F4x_Firmware_Library\GD32F4xx_standard_peripheral\Source\gd32f4xx_dci.c 0x00000000   Number         0  gd32f4xx_dci.o ABSOLUTE
    ..\..\..\..\GD32F4x_Firmware_Library\GD32F4xx_standard_peripheral\Source\gd32f4xx_dma.c 0x00000000   Number         0  gd32f4xx_dma.o ABSOLUTE
    ..\..\..\..\GD32F4x_Firmware_Library\GD32F4xx_standard_peripheral\Source\gd32f4xx_enet.c 0x00000000   Number         0  gd32f4xx_enet.o ABSOLUTE
    ..\..\..\..\GD32F4x_Firmware_Library\GD32F4xx_standard_peripheral\Source\gd32f4xx_exmc.c 0x00000000   Number         0  gd32f4xx_exmc.o ABSOLUTE
    ..\..\..\..\GD32F4x_Firmware_Library\GD32F4xx_standard_peripheral\Source\gd32f4xx_exti.c 0x00000000   Number         0  gd32f4xx_exti.o ABSOLUTE
    ..\..\..\..\GD32F4x_Firmware_Library\GD32F4xx_standard_peripheral\Source\gd32f4xx_fmc.c 0x00000000   Number         0  gd32f4xx_fmc.o ABSOLUTE
    ..\..\..\..\GD32F4x_Firmware_Library\GD32F4xx_standard_peripheral\Source\gd32f4xx_fwdgt.c 0x00000000   Number         0  gd32f4xx_fwdgt.o ABSOLUTE
    ..\..\..\..\GD32F4x_Firmware_Library\GD32F4xx_standard_peripheral\Source\gd32f4xx_gpio.c 0x00000000   Number         0  gd32f4xx_gpio.o ABSOLUTE
    ..\..\..\..\GD32F4x_Firmware_Library\GD32F4xx_standard_peripheral\Source\gd32f4xx_i2c.c 0x00000000   Number         0  gd32f4xx_i2c.o ABSOLUTE
    ..\..\..\..\GD32F4x_Firmware_Library\GD32F4xx_standard_peripheral\Source\gd32f4xx_ipa.c 0x00000000   Number         0  gd32f4xx_ipa.o ABSOLUTE
    ..\..\..\..\GD32F4x_Firmware_Library\GD32F4xx_standard_peripheral\Source\gd32f4xx_iref.c 0x00000000   Number         0  gd32f4xx_iref.o ABSOLUTE
    ..\..\..\..\GD32F4x_Firmware_Library\GD32F4xx_standard_peripheral\Source\gd32f4xx_misc.c 0x00000000   Number         0  gd32f4xx_misc.o ABSOLUTE
    ..\..\..\..\GD32F4x_Firmware_Library\GD32F4xx_standard_peripheral\Source\gd32f4xx_pmu.c 0x00000000   Number         0  gd32f4xx_pmu.o ABSOLUTE
    ..\..\..\..\GD32F4x_Firmware_Library\GD32F4xx_standard_peripheral\Source\gd32f4xx_rcu.c 0x00000000   Number         0  gd32f4xx_rcu.o ABSOLUTE
    ..\..\..\..\GD32F4x_Firmware_Library\GD32F4xx_standard_peripheral\Source\gd32f4xx_rtc.c 0x00000000   Number         0  gd32f4xx_rtc.o ABSOLUTE
    ..\..\..\..\GD32F4x_Firmware_Library\GD32F4xx_standard_peripheral\Source\gd32f4xx_sdio.c 0x00000000   Number         0  gd32f4xx_sdio.o ABSOLUTE
    ..\..\..\..\GD32F4x_Firmware_Library\GD32F4xx_standard_peripheral\Source\gd32f4xx_spi.c 0x00000000   Number         0  gd32f4xx_spi.o ABSOLUTE
    ..\..\..\..\GD32F4x_Firmware_Library\GD32F4xx_standard_peripheral\Source\gd32f4xx_syscfg.c 0x00000000   Number         0  gd32f4xx_syscfg.o ABSOLUTE
    ..\..\..\..\GD32F4x_Firmware_Library\GD32F4xx_standard_peripheral\Source\gd32f4xx_timer.c 0x00000000   Number         0  gd32f4xx_timer.o ABSOLUTE
    ..\..\..\..\GD32F4x_Firmware_Library\GD32F4xx_standard_peripheral\Source\gd32f4xx_tli.c 0x00000000   Number         0  gd32f4xx_tli.o ABSOLUTE
    ..\..\..\..\GD32F4x_Firmware_Library\GD32F4xx_standard_peripheral\Source\gd32f4xx_trng.c 0x00000000   Number         0  gd32f4xx_trng.o ABSOLUTE
    ..\..\..\..\GD32F4x_Firmware_Library\GD32F4xx_standard_peripheral\Source\gd32f4xx_usart.c 0x00000000   Number         0  gd32f4xx_usart.o ABSOLUTE
    ..\..\..\..\GD32F4x_Firmware_Library\GD32F4xx_standard_peripheral\Source\gd32f4xx_wwdgt.c 0x00000000   Number         0  gd32f4xx_wwdgt.o ABSOLUTE
    ..\..\..\..\GD32F4x_Firmware_Library\XLL_4G\cJSON.c 0x00000000   Number         0  cjson.o ABSOLUTE
    ..\..\..\..\GD32F4x_Firmware_Library\XLL_4G\cJSON_Utils.c 0x00000000   Number         0  cjson_utils.o ABSOLUTE
    ..\..\..\..\GD32F4x_Firmware_Library\XLL_4G\crc16.c 0x00000000   Number         0  crc16.o ABSOLUTE
    ..\..\..\..\GD32F4x_Firmware_Library\XLL_4G\message_json.c 0x00000000   Number         0  message_json.o ABSOLUTE
    ..\..\..\..\GD32F4x_Firmware_Library\XLL_4G\sim7600ce.c 0x00000000   Number         0  sim7600ce.o ABSOLUTE
    ..\..\..\..\GD32F4x_Firmware_Library\XLL_4G\usart2.c 0x00000000   Number         0  usart2.o ABSOLUTE
    ..\..\..\Utilities\gd32f4xx_XII-IOT.c    0x00000000   Number         0  gd32f4xx_xii-iot.o ABSOLUTE
    ..\Soft_Drive\test.c                     0x00000000   Number         0  test.o ABSOLUTE
    ..\\..\\..\\..\\GD32F4x_Firmware_Library\\CMSIS\\GD\\GD32F4xx\\Source\\system_gd32f4xx.c 0x00000000   Number         0  system_gd32f4xx.o ABSOLUTE
    ..\\..\\..\\..\\GD32F4x_Firmware_Library\\COPY_TO_USER\\gd32f4xx_it.c 0x00000000   Number         0  gd32f4xx_it.o ABSOLUTE
    ..\\..\\..\\..\\GD32F4x_Firmware_Library\\COPY_TO_USER\\main.c 0x00000000   Number         0  main.o ABSOLUTE
    ..\\..\\..\\..\\GD32F4x_Firmware_Library\\COPY_TO_USER\\systick.c 0x00000000   Number         0  systick.o ABSOLUTE
    ..\\..\\..\\..\\GD32F4x_Firmware_Library\\GD32F4xx_standard_peripheral\\Source\\gd32f4xx_adc.c 0x00000000   Number         0  gd32f4xx_adc.o ABSOLUTE
    ..\\..\\..\\..\\GD32F4x_Firmware_Library\\GD32F4xx_standard_peripheral\\Source\\gd32f4xx_can.c 0x00000000   Number         0  gd32f4xx_can.o ABSOLUTE
    ..\\..\\..\\..\\GD32F4x_Firmware_Library\\GD32F4xx_standard_peripheral\\Source\\gd32f4xx_crc.c 0x00000000   Number         0  gd32f4xx_crc.o ABSOLUTE
    ..\\..\\..\\..\\GD32F4x_Firmware_Library\\GD32F4xx_standard_peripheral\\Source\\gd32f4xx_ctc.c 0x00000000   Number         0  gd32f4xx_ctc.o ABSOLUTE
    ..\\..\\..\\..\\GD32F4x_Firmware_Library\\GD32F4xx_standard_peripheral\\Source\\gd32f4xx_dac.c 0x00000000   Number         0  gd32f4xx_dac.o ABSOLUTE
    ..\\..\\..\\..\\GD32F4x_Firmware_Library\\GD32F4xx_standard_peripheral\\Source\\gd32f4xx_dbg.c 0x00000000   Number         0  gd32f4xx_dbg.o ABSOLUTE
    ..\\..\\..\\..\\GD32F4x_Firmware_Library\\GD32F4xx_standard_peripheral\\Source\\gd32f4xx_dci.c 0x00000000   Number         0  gd32f4xx_dci.o ABSOLUTE
    ..\\..\\..\\..\\GD32F4x_Firmware_Library\\GD32F4xx_standard_peripheral\\Source\\gd32f4xx_dma.c 0x00000000   Number         0  gd32f4xx_dma.o ABSOLUTE
    ..\\..\\..\\..\\GD32F4x_Firmware_Library\\GD32F4xx_standard_peripheral\\Source\\gd32f4xx_enet.c 0x00000000   Number         0  gd32f4xx_enet.o ABSOLUTE
    ..\\..\\..\\..\\GD32F4x_Firmware_Library\\GD32F4xx_standard_peripheral\\Source\\gd32f4xx_exmc.c 0x00000000   Number         0  gd32f4xx_exmc.o ABSOLUTE
    ..\\..\\..\\..\\GD32F4x_Firmware_Library\\GD32F4xx_standard_peripheral\\Source\\gd32f4xx_exti.c 0x00000000   Number         0  gd32f4xx_exti.o ABSOLUTE
    ..\\..\\..\\..\\GD32F4x_Firmware_Library\\GD32F4xx_standard_peripheral\\Source\\gd32f4xx_fmc.c 0x00000000   Number         0  gd32f4xx_fmc.o ABSOLUTE
    ..\\..\\..\\..\\GD32F4x_Firmware_Library\\GD32F4xx_standard_peripheral\\Source\\gd32f4xx_fwdgt.c 0x00000000   Number         0  gd32f4xx_fwdgt.o ABSOLUTE
    ..\\..\\..\\..\\GD32F4x_Firmware_Library\\GD32F4xx_standard_peripheral\\Source\\gd32f4xx_gpio.c 0x00000000   Number         0  gd32f4xx_gpio.o ABSOLUTE
    ..\\..\\..\\..\\GD32F4x_Firmware_Library\\GD32F4xx_standard_peripheral\\Source\\gd32f4xx_i2c.c 0x00000000   Number         0  gd32f4xx_i2c.o ABSOLUTE
    ..\\..\\..\\..\\GD32F4x_Firmware_Library\\GD32F4xx_standard_peripheral\\Source\\gd32f4xx_ipa.c 0x00000000   Number         0  gd32f4xx_ipa.o ABSOLUTE
    ..\\..\\..\\..\\GD32F4x_Firmware_Library\\GD32F4xx_standard_peripheral\\Source\\gd32f4xx_iref.c 0x00000000   Number         0  gd32f4xx_iref.o ABSOLUTE
    ..\\..\\..\\..\\GD32F4x_Firmware_Library\\GD32F4xx_standard_peripheral\\Source\\gd32f4xx_misc.c 0x00000000   Number         0  gd32f4xx_misc.o ABSOLUTE
    ..\\..\\..\\..\\GD32F4x_Firmware_Library\\GD32F4xx_standard_peripheral\\Source\\gd32f4xx_pmu.c 0x00000000   Number         0  gd32f4xx_pmu.o ABSOLUTE
    ..\\..\\..\\..\\GD32F4x_Firmware_Library\\GD32F4xx_standard_peripheral\\Source\\gd32f4xx_rcu.c 0x00000000   Number         0  gd32f4xx_rcu.o ABSOLUTE
    ..\\..\\..\\..\\GD32F4x_Firmware_Library\\GD32F4xx_standard_peripheral\\Source\\gd32f4xx_rtc.c 0x00000000   Number         0  gd32f4xx_rtc.o ABSOLUTE
    ..\\..\\..\\..\\GD32F4x_Firmware_Library\\GD32F4xx_standard_peripheral\\Source\\gd32f4xx_sdio.c 0x00000000   Number         0  gd32f4xx_sdio.o ABSOLUTE
    ..\\..\\..\\..\\GD32F4x_Firmware_Library\\GD32F4xx_standard_peripheral\\Source\\gd32f4xx_spi.c 0x00000000   Number         0  gd32f4xx_spi.o ABSOLUTE
    ..\\..\\..\\..\\GD32F4x_Firmware_Library\\GD32F4xx_standard_peripheral\\Source\\gd32f4xx_syscfg.c 0x00000000   Number         0  gd32f4xx_syscfg.o ABSOLUTE
    ..\\..\\..\\..\\GD32F4x_Firmware_Library\\GD32F4xx_standard_peripheral\\Source\\gd32f4xx_timer.c 0x00000000   Number         0  gd32f4xx_timer.o ABSOLUTE
    ..\\..\\..\\..\\GD32F4x_Firmware_Library\\GD32F4xx_standard_peripheral\\Source\\gd32f4xx_tli.c 0x00000000   Number         0  gd32f4xx_tli.o ABSOLUTE
    ..\\..\\..\\..\\GD32F4x_Firmware_Library\\GD32F4xx_standard_peripheral\\Source\\gd32f4xx_trng.c 0x00000000   Number         0  gd32f4xx_trng.o ABSOLUTE
    ..\\..\\..\\..\\GD32F4x_Firmware_Library\\GD32F4xx_standard_peripheral\\Source\\gd32f4xx_usart.c 0x00000000   Number         0  gd32f4xx_usart.o ABSOLUTE
    ..\\..\\..\\..\\GD32F4x_Firmware_Library\\GD32F4xx_standard_peripheral\\Source\\gd32f4xx_wwdgt.c 0x00000000   Number         0  gd32f4xx_wwdgt.o ABSOLUTE
    ..\\..\\..\\..\\GD32F4x_Firmware_Library\\XLL_4G\\message_json.c 0x00000000   Number         0  message_json.o ABSOLUTE
    ..\\..\\..\\..\\GD32F4x_Firmware_Library\\XLL_4G\\sim7600ce.c 0x00000000   Number         0  sim7600ce.o ABSOLUTE
    ..\\..\\..\\..\\GD32F4x_Firmware_Library\\XLL_4G\\usart2.c 0x00000000   Number         0  usart2.o ABSOLUTE
    ..\\..\\..\\Utilities\\gd32f4xx_XII-IOT.c 0x00000000   Number         0  gd32f4xx_xii-iot.o ABSOLUTE
    ..\\Soft_Drive\\test.c                   0x00000000   Number         0  test.o ABSOLUTE
    dc.s                                     0x00000000   Number         0  dc.o ABSOLUTE
    RESET                                    0x08000000   Section      392  startup_gd32f407.o(RESET)
    !!!main                                  0x08000188   Section        8  __main.o(!!!main)
    !!!scatter                               0x08000190   Section       52  __scatter.o(!!!scatter)
    !!handler_copy                           0x080001c4   Section       26  __scatter_copy.o(!!handler_copy)
    !!handler_zi                             0x080001e0   Section       28  __scatter_zi.o(!!handler_zi)
    .ARM.Collect$$_printf_percent$$00000000  0x080001fc   Section        0  _printf_percent.o(.ARM.Collect$$_printf_percent$$00000000)
    .ARM.Collect$$_printf_percent$$00000001  0x080001fc   Section        6  _printf_n.o(.ARM.Collect$$_printf_percent$$00000001)
    .ARM.Collect$$_printf_percent$$00000002  0x08000202   Section        6  _printf_p.o(.ARM.Collect$$_printf_percent$$00000002)
    .ARM.Collect$$_printf_percent$$00000003  0x08000208   Section        6  _printf_f.o(.ARM.Collect$$_printf_percent$$00000003)
    .ARM.Collect$$_printf_percent$$00000004  0x0800020e   Section        6  _printf_e.o(.ARM.Collect$$_printf_percent$$00000004)
    .ARM.Collect$$_printf_percent$$00000005  0x08000214   Section        6  _printf_g.o(.ARM.Collect$$_printf_percent$$00000005)
    .ARM.Collect$$_printf_percent$$00000006  0x0800021a   Section        6  _printf_a.o(.ARM.Collect$$_printf_percent$$00000006)
    .ARM.Collect$$_printf_percent$$00000007  0x08000220   Section       10  _printf_ll.o(.ARM.Collect$$_printf_percent$$00000007)
    .ARM.Collect$$_printf_percent$$00000008  0x0800022a   Section        6  _printf_i.o(.ARM.Collect$$_printf_percent$$00000008)
    .ARM.Collect$$_printf_percent$$00000009  0x08000230   Section        6  _printf_d.o(.ARM.Collect$$_printf_percent$$00000009)
    .ARM.Collect$$_printf_percent$$0000000A  0x08000236   Section        6  _printf_u.o(.ARM.Collect$$_printf_percent$$0000000A)
    .ARM.Collect$$_printf_percent$$0000000B  0x0800023c   Section        6  _printf_o.o(.ARM.Collect$$_printf_percent$$0000000B)
    .ARM.Collect$$_printf_percent$$0000000C  0x08000242   Section        6  _printf_x.o(.ARM.Collect$$_printf_percent$$0000000C)
    .ARM.Collect$$_printf_percent$$0000000D  0x08000248   Section        6  _printf_lli.o(.ARM.Collect$$_printf_percent$$0000000D)
    .ARM.Collect$$_printf_percent$$0000000E  0x0800024e   Section        6  _printf_lld.o(.ARM.Collect$$_printf_percent$$0000000E)
    .ARM.Collect$$_printf_percent$$0000000F  0x08000254   Section        6  _printf_llu.o(.ARM.Collect$$_printf_percent$$0000000F)
    .ARM.Collect$$_printf_percent$$00000010  0x0800025a   Section        6  _printf_llo.o(.ARM.Collect$$_printf_percent$$00000010)
    .ARM.Collect$$_printf_percent$$00000011  0x08000260   Section        6  _printf_llx.o(.ARM.Collect$$_printf_percent$$00000011)
    .ARM.Collect$$_printf_percent$$00000012  0x08000266   Section       10  _printf_l.o(.ARM.Collect$$_printf_percent$$00000012)
    .ARM.Collect$$_printf_percent$$00000013  0x08000270   Section        6  _printf_c.o(.ARM.Collect$$_printf_percent$$00000013)
    .ARM.Collect$$_printf_percent$$00000014  0x08000276   Section        6  _printf_s.o(.ARM.Collect$$_printf_percent$$00000014)
    .ARM.Collect$$_printf_percent$$00000015  0x0800027c   Section        6  _printf_lc.o(.ARM.Collect$$_printf_percent$$00000015)
    .ARM.Collect$$_printf_percent$$00000016  0x08000282   Section        6  _printf_ls.o(.ARM.Collect$$_printf_percent$$00000016)
    .ARM.Collect$$_printf_percent$$00000017  0x08000288   Section        4  _printf_percent_end.o(.ARM.Collect$$_printf_percent$$00000017)
    .ARM.Collect$$libinit$$00000000          0x0800028c   Section        2  libinit.o(.ARM.Collect$$libinit$$00000000)
    .ARM.Collect$$libinit$$00000001          0x0800028e   Section        4  libinit2.o(.ARM.Collect$$libinit$$00000001)
    .ARM.Collect$$libinit$$00000004          0x08000292   Section        0  libinit2.o(.ARM.Collect$$libinit$$00000004)
    .ARM.Collect$$libinit$$0000000A          0x08000292   Section        0  libinit2.o(.ARM.Collect$$libinit$$0000000A)
    .ARM.Collect$$libinit$$0000000C          0x08000292   Section        0  libinit2.o(.ARM.Collect$$libinit$$0000000C)
    .ARM.Collect$$libinit$$0000000E          0x08000292   Section        0  libinit2.o(.ARM.Collect$$libinit$$0000000E)
    .ARM.Collect$$libinit$$0000000F          0x08000292   Section        6  libinit2.o(.ARM.Collect$$libinit$$0000000F)
    .ARM.Collect$$libinit$$00000011          0x08000298   Section        0  libinit2.o(.ARM.Collect$$libinit$$00000011)
    .ARM.Collect$$libinit$$00000012          0x08000298   Section       12  libinit2.o(.ARM.Collect$$libinit$$00000012)
    .ARM.Collect$$libinit$$00000013          0x080002a4   Section        0  libinit2.o(.ARM.Collect$$libinit$$00000013)
    .ARM.Collect$$libinit$$00000015          0x080002a4   Section        0  libinit2.o(.ARM.Collect$$libinit$$00000015)
    .ARM.Collect$$libinit$$00000016          0x080002a4   Section       10  libinit2.o(.ARM.Collect$$libinit$$00000016)
    .ARM.Collect$$libinit$$00000017          0x080002ae   Section        0  libinit2.o(.ARM.Collect$$libinit$$00000017)
    .ARM.Collect$$libinit$$00000019          0x080002ae   Section        0  libinit2.o(.ARM.Collect$$libinit$$00000019)
    .ARM.Collect$$libinit$$0000001B          0x080002ae   Section        0  libinit2.o(.ARM.Collect$$libinit$$0000001B)
    .ARM.Collect$$libinit$$0000001D          0x080002ae   Section        0  libinit2.o(.ARM.Collect$$libinit$$0000001D)
    .ARM.Collect$$libinit$$0000001F          0x080002ae   Section        0  libinit2.o(.ARM.Collect$$libinit$$0000001F)
    .ARM.Collect$$libinit$$00000021          0x080002ae   Section        0  libinit2.o(.ARM.Collect$$libinit$$00000021)
    .ARM.Collect$$libinit$$00000023          0x080002ae   Section        0  libinit2.o(.ARM.Collect$$libinit$$00000023)
    .ARM.Collect$$libinit$$00000025          0x080002ae   Section        0  libinit2.o(.ARM.Collect$$libinit$$00000025)
    .ARM.Collect$$libinit$$0000002C          0x080002ae   Section        0  libinit2.o(.ARM.Collect$$libinit$$0000002C)
    .ARM.Collect$$libinit$$0000002E          0x080002ae   Section        0  libinit2.o(.ARM.Collect$$libinit$$0000002E)
    .ARM.Collect$$libinit$$00000030          0x080002ae   Section        0  libinit2.o(.ARM.Collect$$libinit$$00000030)
    .ARM.Collect$$libinit$$00000032          0x080002ae   Section        0  libinit2.o(.ARM.Collect$$libinit$$00000032)
    .ARM.Collect$$libinit$$00000033          0x080002ae   Section        2  libinit2.o(.ARM.Collect$$libinit$$00000033)
    .ARM.Collect$$libshutdown$$00000000      0x080002b0   Section        2  libshutdown.o(.ARM.Collect$$libshutdown$$00000000)
    .ARM.Collect$$libshutdown$$00000002      0x080002b2   Section        0  libshutdown2.o(.ARM.Collect$$libshutdown$$00000002)
    .ARM.Collect$$libshutdown$$00000004      0x080002b2   Section        0  libshutdown2.o(.ARM.Collect$$libshutdown$$00000004)
    .ARM.Collect$$libshutdown$$00000007      0x080002b2   Section        0  libshutdown2.o(.ARM.Collect$$libshutdown$$00000007)
    .ARM.Collect$$libshutdown$$0000000A      0x080002b2   Section        0  libshutdown2.o(.ARM.Collect$$libshutdown$$0000000A)
    .ARM.Collect$$libshutdown$$0000000C      0x080002b2   Section        0  libshutdown2.o(.ARM.Collect$$libshutdown$$0000000C)
    .ARM.Collect$$libshutdown$$0000000F      0x080002b2   Section        0  libshutdown2.o(.ARM.Collect$$libshutdown$$0000000F)
    .ARM.Collect$$libshutdown$$00000010      0x080002b2   Section        2  libshutdown2.o(.ARM.Collect$$libshutdown$$00000010)
    .ARM.Collect$$rtentry$$00000000          0x080002b4   Section        0  __rtentry.o(.ARM.Collect$$rtentry$$00000000)
    .ARM.Collect$$rtentry$$00000002          0x080002b4   Section        0  __rtentry2.o(.ARM.Collect$$rtentry$$00000002)
    .ARM.Collect$$rtentry$$00000004          0x080002b4   Section        6  __rtentry4.o(.ARM.Collect$$rtentry$$00000004)
    .ARM.Collect$$rtentry$$00000009          0x080002ba   Section        0  __rtentry2.o(.ARM.Collect$$rtentry$$00000009)
    .ARM.Collect$$rtentry$$0000000A          0x080002ba   Section        4  __rtentry2.o(.ARM.Collect$$rtentry$$0000000A)
    .ARM.Collect$$rtentry$$0000000C          0x080002be   Section        0  __rtentry2.o(.ARM.Collect$$rtentry$$0000000C)
    .ARM.Collect$$rtentry$$0000000D          0x080002be   Section        8  __rtentry2.o(.ARM.Collect$$rtentry$$0000000D)
    .ARM.Collect$$rtexit$$00000000           0x080002c6   Section        2  rtexit.o(.ARM.Collect$$rtexit$$00000000)
    .ARM.Collect$$rtexit$$00000002           0x080002c8   Section        0  rtexit2.o(.ARM.Collect$$rtexit$$00000002)
    .ARM.Collect$$rtexit$$00000003           0x080002c8   Section        4  rtexit2.o(.ARM.Collect$$rtexit$$00000003)
    .ARM.Collect$$rtexit$$00000004           0x080002cc   Section        6  rtexit2.o(.ARM.Collect$$rtexit$$00000004)
    .text                                    0x080002d4   Section       64  startup_gd32f407.o(.text)
    $v0                                      0x080002d4   Number         0  startup_gd32f407.o(.text)
    .text                                    0x08000314   Section        0  vsprintf.o(.text)
    .text                                    0x08000338   Section        0  _printf_pad.o(.text)
    .text                                    0x08000386   Section        0  _printf_str.o(.text)
    .text                                    0x080003d8   Section        0  _printf_dec.o(.text)
    .text                                    0x08000450   Section        0  _printf_hex_int_ll_ptr.o(.text)
    _printf_hex_common                       0x08000451   Thumb Code     0  _printf_hex_int_ll_ptr.o(.text)
    .text                                    0x080004e4   Section        0  __printf_flags_ss_wp.o(.text)
    .text                                    0x0800066c   Section      128  strcmpv7m.o(.text)
    .text                                    0x080006ec   Section        0  heapauxi.o(.text)
    .text                                    0x080006f4   Section       16  rt_ctype_table.o(.text)
    .text                                    0x08000704   Section        0  _printf_truncate.o(.text)
    .text                                    0x08000728   Section        0  _printf_intcommon.o(.text)
    .text                                    0x080007da   Section        0  _printf_charcount.o(.text)
    .text                                    0x08000802   Section        0  _printf_fp_dec.o(.text)
    _fp_digits                               0x08000805   Thumb Code   428  _printf_fp_dec.o(.text)
    .text                                    0x08000c1c   Section        0  _printf_char_common.o(.text)
    _printf_input_char                       0x08000c1d   Thumb Code    10  _printf_char_common.o(.text)
    .text                                    0x08000c4c   Section        0  _sputc.o(.text)
    .text                                    0x08000c56   Section        0  _printf_char.o(.text)
    .text                                    0x08000c84   Section        0  _printf_wctomb.o(.text)
    .text                                    0x08000d40   Section        0  _printf_longlong_dec.o(.text)
    .text                                    0x08000dbc   Section        0  _printf_oct_int_ll.o(.text)
    _printf_longlong_oct_internal            0x08000dbd   Thumb Code     0  _printf_oct_int_ll.o(.text)
    .text                                    0x08000e2c   Section        8  libspace.o(.text)
    .text                                    0x08000e34   Section        8  rt_locale_intlibspace.o(.text)
    .text                                    0x08000e3c   Section      138  lludiv10.o(.text)
    .text                                    0x08000ec8   Section        0  _printf_fp_hex.o(.text)
    .text                                    0x080011c4   Section        0  _printf_fp_infnan.o(.text)
    .text                                    0x08001244   Section        0  _printf_wchar.o(.text)
    .text                                    0x08001270   Section        0  bigflt0.o(.text)
    .text                                    0x0800134c   Section        0  _wcrtomb.o(.text)
    .text                                    0x0800138c   Section        2  use_no_semi.o(.text)
    .text                                    0x0800138e   Section       74  sys_stackheap_outer.o(.text)
    .text                                    0x0800138e   Section        0  indicate_semi.o(.text)
    .text                                    0x080013d8   Section        0  exit.o(.text)
    .text                                    0x080013ec   Section        0  sys_exit.o(.text)
    CL$$btod_d2e                             0x080013f8   Section       62  btod.o(CL$$btod_d2e)
    CL$$btod_d2e_denorm_low                  0x08001436   Section       70  btod.o(CL$$btod_d2e_denorm_low)
    CL$$btod_d2e_norm_op1                    0x0800147c   Section       96  btod.o(CL$$btod_d2e_norm_op1)
    CL$$btod_div_common                      0x080014dc   Section      824  btod.o(CL$$btod_div_common)
    CL$$btod_e2e                             0x08001814   Section      198  btod.o(CL$$btod_e2e)
    CL$$btod_ediv                            0x080018da   Section       40  btod.o(CL$$btod_ediv)
    CL$$btod_emul                            0x08001902   Section       40  btod.o(CL$$btod_emul)
    CL$$btod_mult_common                     0x0800192a   Section      580  btod.o(CL$$btod_mult_common)
    i.BusFault_Handler                       0x08001b6e   Section        0  gd32f4xx_it.o(i.BusFault_Handler)
    i.DebugMon_Handler                       0x08001b72   Section        0  gd32f4xx_it.o(i.DebugMon_Handler)
    i.HardFault_Handler                      0x08001b74   Section        0  gd32f4xx_it.o(i.HardFault_Handler)
    i.MemManage_Handler                      0x08001b78   Section        0  gd32f4xx_it.o(i.MemManage_Handler)
    i.NMI_Handler                            0x08001b7c   Section        0  gd32f4xx_it.o(i.NMI_Handler)
    i.NVIC_SetPriority                       0x08001b80   Section        0  systick.o(i.NVIC_SetPriority)
    NVIC_SetPriority                         0x08001b81   Thumb Code    32  systick.o(i.NVIC_SetPriority)
    i.PendSV_Handler                         0x08001ba8   Section        0  gd32f4xx_it.o(i.PendSV_Handler)
    i.SVC_Handler                            0x08001baa   Section        0  gd32f4xx_it.o(i.SVC_Handler)
    i.SysTick_Handler                        0x08001bac   Section        0  gd32f4xx_it.o(i.SysTick_Handler)
    i.SystemInit                             0x08001bb4   Section        0  system_gd32f4xx.o(i.SystemInit)
    i.USART1_IRQHandler                      0x08001c14   Section        0  usart2.o(i.USART1_IRQHandler)
    i.Uart0Printf                            0x08001c7c   Section        0  gd32f4xx_xii-iot.o(i.Uart0Printf)
    i.Uart0WriteByte                         0x08001cc4   Section        0  gd32f4xx_xii-iot.o(i.Uart0WriteByte)
    i.UsageFault_Handler                     0x08001ce4   Section        0  gd32f4xx_it.o(i.UsageFault_Handler)
    i.__ARM_fpclassify                       0x08001ce8   Section        0  fpclassify.o(i.__ARM_fpclassify)
    i._is_digit                              0x08001d18   Section        0  __printf_wp.o(i._is_digit)
    i.delay_decrement                        0x08001d28   Section        0  systick.o(i.delay_decrement)
    i.main                                   0x08001d40   Section        0  main.o(i.main)
    i.system_clock_200m_irc16m               0x08001d48   Section        0  system_gd32f4xx.o(i.system_clock_200m_irc16m)
    system_clock_200m_irc16m                 0x08001d49   Thumb Code   238  system_gd32f4xx.o(i.system_clock_200m_irc16m)
    i.system_clock_config                    0x08001e44   Section        0  system_gd32f4xx.o(i.system_clock_config)
    system_clock_config                      0x08001e45   Thumb Code     8  system_gd32f4xx.o(i.system_clock_config)
    i.systick_config                         0x08001e4c   Section        0  systick.o(i.systick_config)
    i.usart_data_receive                     0x08001e9c   Section        0  gd32f4xx_usart.o(i.usart_data_receive)
    i.usart_data_transmit                    0x08001ea6   Section        0  gd32f4xx_usart.o(i.usart_data_transmit)
    i.usart_flag_get                         0x08001eae   Section        0  gd32f4xx_usart.o(i.usart_flag_get)
    i.usart_interrupt_flag_clear             0x08001ecc   Section        0  gd32f4xx_usart.o(i.usart_interrupt_flag_clear)
    i.usart_interrupt_flag_get               0x08001ee6   Section        0  gd32f4xx_usart.o(i.usart_interrupt_flag_get)
    locale$$code                             0x08001f04   Section       44  lc_ctype_c.o(locale$$code)
    locale$$code                             0x08001f30   Section       44  lc_numeric_c.o(locale$$code)
    x$fpl$fpinit                             0x08001f5c   Section       10  fpinit.o(x$fpl$fpinit)
    $v0                                      0x08001f5c   Number         0  fpinit.o(x$fpl$fpinit)
    x$fpl$printf1                            0x08001f66   Section        4  printf1.o(x$fpl$printf1)
    $v0                                      0x08001f66   Number         0  printf1.o(x$fpl$printf1)
    x$fpl$printf2                            0x08001f6a   Section        4  printf2.o(x$fpl$printf2)
    $v0                                      0x08001f6a   Number         0  printf2.o(x$fpl$printf2)
    .constdata                               0x08001f6e   Section       40  _printf_hex_int_ll_ptr.o(.constdata)
    x$fpl$usenofp                            0x08001f6e   Section        0  usenofp.o(x$fpl$usenofp)
    uc_hextab                                0x08001f6e   Data          20  _printf_hex_int_ll_ptr.o(.constdata)
    lc_hextab                                0x08001f82   Data          20  _printf_hex_int_ll_ptr.o(.constdata)
    .constdata                               0x08001f96   Section       17  __printf_flags_ss_wp.o(.constdata)
    maptable                                 0x08001f96   Data          17  __printf_flags_ss_wp.o(.constdata)
    .constdata                               0x08001fa8   Section        8  _printf_wctomb.o(.constdata)
    initial_mbstate                          0x08001fa8   Data           8  _printf_wctomb.o(.constdata)
    .constdata                               0x08001fb0   Section       38  _printf_fp_hex.o(.constdata)
    lc_hextab                                0x08001fb0   Data          19  _printf_fp_hex.o(.constdata)
    uc_hextab                                0x08001fc3   Data          19  _printf_fp_hex.o(.constdata)
    .constdata                               0x08001fd8   Section      148  bigflt0.o(.constdata)
    tenpwrs_x                                0x08001fd8   Data          60  bigflt0.o(.constdata)
    tenpwrs_i                                0x08002014   Data          64  bigflt0.o(.constdata)
    locale$$data                             0x0800208c   Section      272  lc_ctype_c.o(locale$$data)
    __lcctype_c_name                         0x08002090   Data           2  lc_ctype_c.o(locale$$data)
    __lcctype_c_start                        0x08002098   Data           0  lc_ctype_c.o(locale$$data)
    locale$$data                             0x0800219c   Section       28  lc_numeric_c.o(locale$$data)
    __lcctype_c_end                          0x0800219c   Data           0  lc_ctype_c.o(locale$$data)
    __lcnum_c_name                           0x080021a0   Data           2  lc_numeric_c.o(locale$$data)
    __lcnum_c_start                          0x080021a8   Data           0  lc_numeric_c.o(locale$$data)
    __lcnum_c_point                          0x080021b4   Data           0  lc_numeric_c.o(locale$$data)
    __lcnum_c_thousands                      0x080021b6   Data           0  lc_numeric_c.o(locale$$data)
    __lcnum_c_grouping                       0x080021b7   Data           0  lc_numeric_c.o(locale$$data)
    __lcnum_c_end                            0x080021b8   Data           0  lc_numeric_c.o(locale$$data)
    .data                                    0x20000000   Section        4  system_gd32f4xx.o(.data)
    .data                                    0x20000004   Section        4  systick.o(.data)
    delay                                    0x20000004   Data           4  systick.o(.data)
    .bss                                     0x20000008   Section     3072  usart2.o(.bss)
    .bss                                     0x20000c08   Section      256  gd32f4xx_xii-iot.o(.bss)
    buffer1                                  0x20000c08   Data         128  gd32f4xx_xii-iot.o(.bss)
    buffer2                                  0x20000c88   Data         128  gd32f4xx_xii-iot.o(.bss)
    .bss                                     0x20000d08   Section       96  libspace.o(.bss)
    HEAP                                     0x20000d68   Section     4096  startup_gd32f407.o(HEAP)
    Heap_Mem                                 0x20000d68   Data        4096  startup_gd32f407.o(HEAP)
    STACK                                    0x20001d68   Section     1024  startup_gd32f407.o(STACK)
    Stack_Mem                                0x20001d68   Data        1024  startup_gd32f407.o(STACK)
    __initial_sp                             0x20002168   Data           0  startup_gd32f407.o(STACK)

    Global Symbols

    Symbol Name                              Value     Ov Type        Size  Object(Section)

    BuildAttributes$$THM_ISAv4$E$P$D$K$B$S$7EM$VFPi3$EXTD16$VFPS$VFMA$PE$A:L22UL41UL21$X:L11$S22US41US21$IEEE1$IW$USESV6$~STKCKD$USESV7$~SHL$OTIME$ROPI$IEEEX$EBA8$UX$STANDARDLIB$REQ8$PRES8$EABIv2 0x00000000   Number         0  anon$$obj.o ABSOLUTE
    __ARM_use_no_argv                        0x00000000   Number         0  main.o ABSOLUTE
    _printf_flags                            0x00000000   Number         0  printf_stubs.o ABSOLUTE
    _printf_return_value                     0x00000000   Number         0  printf_stubs.o ABSOLUTE
    _printf_sizespec                         0x00000000   Number         0  printf_stubs.o ABSOLUTE
    _printf_widthprec                        0x00000000   Number         0  printf_stubs.o ABSOLUTE
    __ARM_exceptions_init                     - Undefined Weak Reference
    __alloca_initialize                       - Undefined Weak Reference
    __arm_preinit_                            - Undefined Weak Reference
    __cpp_initialize__aeabi_                  - Undefined Weak Reference
    __cxa_finalize                            - Undefined Weak Reference
    __sigvec_lookup                           - Undefined Weak Reference
    __user_heap_extent                        - Undefined Weak Reference
    _atexit_init                              - Undefined Weak Reference
    _call_atexit_fns                          - Undefined Weak Reference
    _clock_init                               - Undefined Weak Reference
    _fp_trap_init                             - Undefined Weak Reference
    _fp_trap_shutdown                         - Undefined Weak Reference
    _get_lc_collate                           - Undefined Weak Reference
    _get_lc_monetary                          - Undefined Weak Reference
    _get_lc_time                              - Undefined Weak Reference
    _getenv_init                              - Undefined Weak Reference
    _handle_redirection                       - Undefined Weak Reference
    _initio                                   - Undefined Weak Reference
    _mutex_acquire                            - Undefined Weak Reference
    _mutex_free                               - Undefined Weak Reference
    _mutex_release                            - Undefined Weak Reference
    _printf_mbtowc                            - Undefined Weak Reference
    _printf_wc                                - Undefined Weak Reference
    _rand_init                                - Undefined Weak Reference
    _scanf_int                                - Undefined Weak Reference
    _scanf_longlong                           - Undefined Weak Reference
    _scanf_mbtowc                             - Undefined Weak Reference
    _scanf_string                             - Undefined Weak Reference
    _scanf_wctomb                             - Undefined Weak Reference
    _scanf_wstring                            - Undefined Weak Reference
    _signal_finish                            - Undefined Weak Reference
    _signal_init                              - Undefined Weak Reference
    _terminateio                              - Undefined Weak Reference
    __Vectors_Size                           0x00000188   Number         0  startup_gd32f407.o ABSOLUTE
    __Vectors                                0x08000000   Data           4  startup_gd32f407.o(RESET)
    __Vectors_End                            0x08000188   Data           0  startup_gd32f407.o(RESET)
    __main                                   0x08000189   Thumb Code     8  __main.o(!!!main)
    __scatterload                            0x08000191   Thumb Code     0  __scatter.o(!!!scatter)
    __scatterload_rt2                        0x08000191   Thumb Code    44  __scatter.o(!!!scatter)
    __scatterload_rt2_thumb_only             0x08000191   Thumb Code     0  __scatter.o(!!!scatter)
    __scatterload_null                       0x0800019f   Thumb Code     0  __scatter.o(!!!scatter)
    __scatterload_copy                       0x080001c5   Thumb Code    26  __scatter_copy.o(!!handler_copy)
    __scatterload_zeroinit                   0x080001e1   Thumb Code    28  __scatter_zi.o(!!handler_zi)
    _printf_n                                0x080001fd   Thumb Code     0  _printf_n.o(.ARM.Collect$$_printf_percent$$00000001)
    _printf_percent                          0x080001fd   Thumb Code     0  _printf_percent.o(.ARM.Collect$$_printf_percent$$00000000)
    _printf_p                                0x08000203   Thumb Code     0  _printf_p.o(.ARM.Collect$$_printf_percent$$00000002)
    _printf_f                                0x08000209   Thumb Code     0  _printf_f.o(.ARM.Collect$$_printf_percent$$00000003)
    _printf_e                                0x0800020f   Thumb Code     0  _printf_e.o(.ARM.Collect$$_printf_percent$$00000004)
    _printf_g                                0x08000215   Thumb Code     0  _printf_g.o(.ARM.Collect$$_printf_percent$$00000005)
    _printf_a                                0x0800021b   Thumb Code     0  _printf_a.o(.ARM.Collect$$_printf_percent$$00000006)
    _printf_ll                               0x08000221   Thumb Code     0  _printf_ll.o(.ARM.Collect$$_printf_percent$$00000007)
    _printf_i                                0x0800022b   Thumb Code     0  _printf_i.o(.ARM.Collect$$_printf_percent$$00000008)
    _printf_d                                0x08000231   Thumb Code     0  _printf_d.o(.ARM.Collect$$_printf_percent$$00000009)
    _printf_u                                0x08000237   Thumb Code     0  _printf_u.o(.ARM.Collect$$_printf_percent$$0000000A)
    _printf_o                                0x0800023d   Thumb Code     0  _printf_o.o(.ARM.Collect$$_printf_percent$$0000000B)
    _printf_x                                0x08000243   Thumb Code     0  _printf_x.o(.ARM.Collect$$_printf_percent$$0000000C)
    _printf_lli                              0x08000249   Thumb Code     0  _printf_lli.o(.ARM.Collect$$_printf_percent$$0000000D)
    _printf_lld                              0x0800024f   Thumb Code     0  _printf_lld.o(.ARM.Collect$$_printf_percent$$0000000E)
    _printf_llu                              0x08000255   Thumb Code     0  _printf_llu.o(.ARM.Collect$$_printf_percent$$0000000F)
    _printf_llo                              0x0800025b   Thumb Code     0  _printf_llo.o(.ARM.Collect$$_printf_percent$$00000010)
    _printf_llx                              0x08000261   Thumb Code     0  _printf_llx.o(.ARM.Collect$$_printf_percent$$00000011)
    _printf_l                                0x08000267   Thumb Code     0  _printf_l.o(.ARM.Collect$$_printf_percent$$00000012)
    _printf_c                                0x08000271   Thumb Code     0  _printf_c.o(.ARM.Collect$$_printf_percent$$00000013)
    _printf_s                                0x08000277   Thumb Code     0  _printf_s.o(.ARM.Collect$$_printf_percent$$00000014)
    _printf_lc                               0x0800027d   Thumb Code     0  _printf_lc.o(.ARM.Collect$$_printf_percent$$00000015)
    _printf_ls                               0x08000283   Thumb Code     0  _printf_ls.o(.ARM.Collect$$_printf_percent$$00000016)
    _printf_percent_end                      0x08000289   Thumb Code     0  _printf_percent_end.o(.ARM.Collect$$_printf_percent$$00000017)
    __rt_lib_init                            0x0800028d   Thumb Code     0  libinit.o(.ARM.Collect$$libinit$$00000000)
    __rt_lib_init_fp_1                       0x0800028f   Thumb Code     0  libinit2.o(.ARM.Collect$$libinit$$00000001)
    __rt_lib_init_heap_1                     0x08000293   Thumb Code     0  libinit2.o(.ARM.Collect$$libinit$$0000000A)
    __rt_lib_init_lc_common                  0x08000293   Thumb Code     0  libinit2.o(.ARM.Collect$$libinit$$0000000F)
    __rt_lib_init_preinit_1                  0x08000293   Thumb Code     0  libinit2.o(.ARM.Collect$$libinit$$00000004)
    __rt_lib_init_rand_1                     0x08000293   Thumb Code     0  libinit2.o(.ARM.Collect$$libinit$$0000000E)
    __rt_lib_init_user_alloc_1               0x08000293   Thumb Code     0  libinit2.o(.ARM.Collect$$libinit$$0000000C)
    __rt_lib_init_lc_collate_1               0x08000299   Thumb Code     0  libinit2.o(.ARM.Collect$$libinit$$00000011)
    __rt_lib_init_lc_ctype_2                 0x08000299   Thumb Code     0  libinit2.o(.ARM.Collect$$libinit$$00000012)
    __rt_lib_init_lc_ctype_1                 0x080002a5   Thumb Code     0  libinit2.o(.ARM.Collect$$libinit$$00000013)
    __rt_lib_init_lc_monetary_1              0x080002a5   Thumb Code     0  libinit2.o(.ARM.Collect$$libinit$$00000015)
    __rt_lib_init_lc_numeric_2               0x080002a5   Thumb Code     0  libinit2.o(.ARM.Collect$$libinit$$00000016)
    __rt_lib_init_alloca_1                   0x080002af   Thumb Code     0  libinit2.o(.ARM.Collect$$libinit$$0000002E)
    __rt_lib_init_argv_1                     0x080002af   Thumb Code     0  libinit2.o(.ARM.Collect$$libinit$$0000002C)
    __rt_lib_init_atexit_1                   0x080002af   Thumb Code     0  libinit2.o(.ARM.Collect$$libinit$$0000001B)
    __rt_lib_init_clock_1                    0x080002af   Thumb Code     0  libinit2.o(.ARM.Collect$$libinit$$00000021)
    __rt_lib_init_cpp_1                      0x080002af   Thumb Code     0  libinit2.o(.ARM.Collect$$libinit$$00000032)
    __rt_lib_init_exceptions_1               0x080002af   Thumb Code     0  libinit2.o(.ARM.Collect$$libinit$$00000030)
    __rt_lib_init_fp_trap_1                  0x080002af   Thumb Code     0  libinit2.o(.ARM.Collect$$libinit$$0000001F)
    __rt_lib_init_getenv_1                   0x080002af   Thumb Code     0  libinit2.o(.ARM.Collect$$libinit$$00000023)
    __rt_lib_init_lc_numeric_1               0x080002af   Thumb Code     0  libinit2.o(.ARM.Collect$$libinit$$00000017)
    __rt_lib_init_lc_time_1                  0x080002af   Thumb Code     0  libinit2.o(.ARM.Collect$$libinit$$00000019)
    __rt_lib_init_return                     0x080002af   Thumb Code     0  libinit2.o(.ARM.Collect$$libinit$$00000033)
    __rt_lib_init_signal_1                   0x080002af   Thumb Code     0  libinit2.o(.ARM.Collect$$libinit$$0000001D)
    __rt_lib_init_stdio_1                    0x080002af   Thumb Code     0  libinit2.o(.ARM.Collect$$libinit$$00000025)
    __rt_lib_shutdown                        0x080002b1   Thumb Code     0  libshutdown.o(.ARM.Collect$$libshutdown$$00000000)
    __rt_lib_shutdown_cpp_1                  0x080002b3   Thumb Code     0  libshutdown2.o(.ARM.Collect$$libshutdown$$00000002)
    __rt_lib_shutdown_fp_trap_1              0x080002b3   Thumb Code     0  libshutdown2.o(.ARM.Collect$$libshutdown$$00000007)
    __rt_lib_shutdown_heap_1                 0x080002b3   Thumb Code     0  libshutdown2.o(.ARM.Collect$$libshutdown$$0000000F)
    __rt_lib_shutdown_return                 0x080002b3   Thumb Code     0  libshutdown2.o(.ARM.Collect$$libshutdown$$00000010)
    __rt_lib_shutdown_signal_1               0x080002b3   Thumb Code     0  libshutdown2.o(.ARM.Collect$$libshutdown$$0000000A)
    __rt_lib_shutdown_stdio_1                0x080002b3   Thumb Code     0  libshutdown2.o(.ARM.Collect$$libshutdown$$00000004)
    __rt_lib_shutdown_user_alloc_1           0x080002b3   Thumb Code     0  libshutdown2.o(.ARM.Collect$$libshutdown$$0000000C)
    __rt_entry                               0x080002b5   Thumb Code     0  __rtentry.o(.ARM.Collect$$rtentry$$00000000)
    __rt_entry_presh_1                       0x080002b5   Thumb Code     0  __rtentry2.o(.ARM.Collect$$rtentry$$00000002)
    __rt_entry_sh                            0x080002b5   Thumb Code     0  __rtentry4.o(.ARM.Collect$$rtentry$$00000004)
    __rt_entry_li                            0x080002bb   Thumb Code     0  __rtentry2.o(.ARM.Collect$$rtentry$$0000000A)
    __rt_entry_postsh_1                      0x080002bb   Thumb Code     0  __rtentry2.o(.ARM.Collect$$rtentry$$00000009)
    __rt_entry_main                          0x080002bf   Thumb Code     0  __rtentry2.o(.ARM.Collect$$rtentry$$0000000D)
    __rt_entry_postli_1                      0x080002bf   Thumb Code     0  __rtentry2.o(.ARM.Collect$$rtentry$$0000000C)
    __rt_exit                                0x080002c7   Thumb Code     0  rtexit.o(.ARM.Collect$$rtexit$$00000000)
    __rt_exit_ls                             0x080002c9   Thumb Code     0  rtexit2.o(.ARM.Collect$$rtexit$$00000003)
    __rt_exit_prels_1                        0x080002c9   Thumb Code     0  rtexit2.o(.ARM.Collect$$rtexit$$00000002)
    __rt_exit_exit                           0x080002cd   Thumb Code     0  rtexit2.o(.ARM.Collect$$rtexit$$00000004)
    Reset_Handler                            0x080002d5   Thumb Code     8  startup_gd32f407.o(.text)
    ADC_IRQHandler                           0x080002ef   Thumb Code     0  startup_gd32f407.o(.text)
    CAN0_EWMC_IRQHandler                     0x080002ef   Thumb Code     0  startup_gd32f407.o(.text)
    CAN0_RX0_IRQHandler                      0x080002ef   Thumb Code     0  startup_gd32f407.o(.text)
    CAN0_RX1_IRQHandler                      0x080002ef   Thumb Code     0  startup_gd32f407.o(.text)
    CAN0_TX_IRQHandler                       0x080002ef   Thumb Code     0  startup_gd32f407.o(.text)
    CAN1_EWMC_IRQHandler                     0x080002ef   Thumb Code     0  startup_gd32f407.o(.text)
    CAN1_RX0_IRQHandler                      0x080002ef   Thumb Code     0  startup_gd32f407.o(.text)
    CAN1_RX1_IRQHandler                      0x080002ef   Thumb Code     0  startup_gd32f407.o(.text)
    CAN1_TX_IRQHandler                       0x080002ef   Thumb Code     0  startup_gd32f407.o(.text)
    DCI_IRQHandler                           0x080002ef   Thumb Code     0  startup_gd32f407.o(.text)
    DMA0_Channel0_IRQHandler                 0x080002ef   Thumb Code     0  startup_gd32f407.o(.text)
    DMA0_Channel1_IRQHandler                 0x080002ef   Thumb Code     0  startup_gd32f407.o(.text)
    DMA0_Channel2_IRQHandler                 0x080002ef   Thumb Code     0  startup_gd32f407.o(.text)
    DMA0_Channel3_IRQHandler                 0x080002ef   Thumb Code     0  startup_gd32f407.o(.text)
    DMA0_Channel4_IRQHandler                 0x080002ef   Thumb Code     0  startup_gd32f407.o(.text)
    DMA0_Channel5_IRQHandler                 0x080002ef   Thumb Code     0  startup_gd32f407.o(.text)
    DMA0_Channel6_IRQHandler                 0x080002ef   Thumb Code     0  startup_gd32f407.o(.text)
    DMA0_Channel7_IRQHandler                 0x080002ef   Thumb Code     0  startup_gd32f407.o(.text)
    DMA1_Channel0_IRQHandler                 0x080002ef   Thumb Code     0  startup_gd32f407.o(.text)
    DMA1_Channel1_IRQHandler                 0x080002ef   Thumb Code     0  startup_gd32f407.o(.text)
    DMA1_Channel2_IRQHandler                 0x080002ef   Thumb Code     0  startup_gd32f407.o(.text)
    DMA1_Channel3_IRQHandler                 0x080002ef   Thumb Code     0  startup_gd32f407.o(.text)
    DMA1_Channel4_IRQHandler                 0x080002ef   Thumb Code     0  startup_gd32f407.o(.text)
    DMA1_Channel5_IRQHandler                 0x080002ef   Thumb Code     0  startup_gd32f407.o(.text)
    DMA1_Channel6_IRQHandler                 0x080002ef   Thumb Code     0  startup_gd32f407.o(.text)
    DMA1_Channel7_IRQHandler                 0x080002ef   Thumb Code     0  startup_gd32f407.o(.text)
    ENET_IRQHandler                          0x080002ef   Thumb Code     0  startup_gd32f407.o(.text)
    ENET_WKUP_IRQHandler                     0x080002ef   Thumb Code     0  startup_gd32f407.o(.text)
    EXMC_IRQHandler                          0x080002ef   Thumb Code     0  startup_gd32f407.o(.text)
    EXTI0_IRQHandler                         0x080002ef   Thumb Code     0  startup_gd32f407.o(.text)
    EXTI10_15_IRQHandler                     0x080002ef   Thumb Code     0  startup_gd32f407.o(.text)
    EXTI1_IRQHandler                         0x080002ef   Thumb Code     0  startup_gd32f407.o(.text)
    EXTI2_IRQHandler                         0x080002ef   Thumb Code     0  startup_gd32f407.o(.text)
    EXTI3_IRQHandler                         0x080002ef   Thumb Code     0  startup_gd32f407.o(.text)
    EXTI4_IRQHandler                         0x080002ef   Thumb Code     0  startup_gd32f407.o(.text)
    EXTI5_9_IRQHandler                       0x080002ef   Thumb Code     0  startup_gd32f407.o(.text)
    FMC_IRQHandler                           0x080002ef   Thumb Code     0  startup_gd32f407.o(.text)
    FPU_IRQHandler                           0x080002ef   Thumb Code     0  startup_gd32f407.o(.text)
    I2C0_ER_IRQHandler                       0x080002ef   Thumb Code     0  startup_gd32f407.o(.text)
    I2C0_EV_IRQHandler                       0x080002ef   Thumb Code     0  startup_gd32f407.o(.text)
    I2C1_ER_IRQHandler                       0x080002ef   Thumb Code     0  startup_gd32f407.o(.text)
    I2C1_EV_IRQHandler                       0x080002ef   Thumb Code     0  startup_gd32f407.o(.text)
    I2C2_ER_IRQHandler                       0x080002ef   Thumb Code     0  startup_gd32f407.o(.text)
    I2C2_EV_IRQHandler                       0x080002ef   Thumb Code     0  startup_gd32f407.o(.text)
    LVD_IRQHandler                           0x080002ef   Thumb Code     0  startup_gd32f407.o(.text)
    RCU_CTC_IRQHandler                       0x080002ef   Thumb Code     0  startup_gd32f407.o(.text)
    RTC_Alarm_IRQHandler                     0x080002ef   Thumb Code     0  startup_gd32f407.o(.text)
    RTC_WKUP_IRQHandler                      0x080002ef   Thumb Code     0  startup_gd32f407.o(.text)
    SDIO_IRQHandler                          0x080002ef   Thumb Code     0  startup_gd32f407.o(.text)
    SPI0_IRQHandler                          0x080002ef   Thumb Code     0  startup_gd32f407.o(.text)
    SPI1_IRQHandler                          0x080002ef   Thumb Code     0  startup_gd32f407.o(.text)
    SPI2_IRQHandler                          0x080002ef   Thumb Code     0  startup_gd32f407.o(.text)
    TAMPER_STAMP_IRQHandler                  0x080002ef   Thumb Code     0  startup_gd32f407.o(.text)
    TIMER0_BRK_TIMER8_IRQHandler             0x080002ef   Thumb Code     0  startup_gd32f407.o(.text)
    TIMER0_CC_IRQHandler                     0x080002ef   Thumb Code     0  startup_gd32f407.o(.text)
    TIMER0_TRG_CMT_TIMER10_IRQHandler        0x080002ef   Thumb Code     0  startup_gd32f407.o(.text)
    TIMER0_UP_TIMER9_IRQHandler              0x080002ef   Thumb Code     0  startup_gd32f407.o(.text)
    TIMER1_IRQHandler                        0x080002ef   Thumb Code     0  startup_gd32f407.o(.text)
    TIMER2_IRQHandler                        0x080002ef   Thumb Code     0  startup_gd32f407.o(.text)
    TIMER3_IRQHandler                        0x080002ef   Thumb Code     0  startup_gd32f407.o(.text)
    TIMER4_IRQHandler                        0x080002ef   Thumb Code     0  startup_gd32f407.o(.text)
    TIMER5_DAC_IRQHandler                    0x080002ef   Thumb Code     0  startup_gd32f407.o(.text)
    TIMER6_IRQHandler                        0x080002ef   Thumb Code     0  startup_gd32f407.o(.text)
    TIMER7_BRK_TIMER11_IRQHandler            0x080002ef   Thumb Code     0  startup_gd32f407.o(.text)
    TIMER7_CC_IRQHandler                     0x080002ef   Thumb Code     0  startup_gd32f407.o(.text)
    TIMER7_TRG_CMT_TIMER13_IRQHandler        0x080002ef   Thumb Code     0  startup_gd32f407.o(.text)
    TIMER7_UP_TIMER12_IRQHandler             0x080002ef   Thumb Code     0  startup_gd32f407.o(.text)
    TRNG_IRQHandler                          0x080002ef   Thumb Code     0  startup_gd32f407.o(.text)
    UART3_IRQHandler                         0x080002ef   Thumb Code     0  startup_gd32f407.o(.text)
    UART4_IRQHandler                         0x080002ef   Thumb Code     0  startup_gd32f407.o(.text)
    USART0_IRQHandler                        0x080002ef   Thumb Code     0  startup_gd32f407.o(.text)
    USART2_IRQHandler                        0x080002ef   Thumb Code     0  startup_gd32f407.o(.text)
    USART5_IRQHandler                        0x080002ef   Thumb Code     0  startup_gd32f407.o(.text)
    USBFS_IRQHandler                         0x080002ef   Thumb Code     0  startup_gd32f407.o(.text)
    USBFS_WKUP_IRQHandler                    0x080002ef   Thumb Code     0  startup_gd32f407.o(.text)
    USBHS_EP1_In_IRQHandler                  0x080002ef   Thumb Code     0  startup_gd32f407.o(.text)
    USBHS_EP1_Out_IRQHandler                 0x080002ef   Thumb Code     0  startup_gd32f407.o(.text)
    USBHS_IRQHandler                         0x080002ef   Thumb Code     0  startup_gd32f407.o(.text)
    USBHS_WKUP_IRQHandler                    0x080002ef   Thumb Code     0  startup_gd32f407.o(.text)
    WWDGT_IRQHandler                         0x080002ef   Thumb Code     0  startup_gd32f407.o(.text)
    __user_initial_stackheap                 0x080002f1   Thumb Code    10  startup_gd32f407.o(.text)
    vsprintf                                 0x08000315   Thumb Code    32  vsprintf.o(.text)
    _printf_pre_padding                      0x08000339   Thumb Code    44  _printf_pad.o(.text)
    _printf_post_padding                     0x08000365   Thumb Code    34  _printf_pad.o(.text)
    _printf_str                              0x08000387   Thumb Code    82  _printf_str.o(.text)
    _printf_int_dec                          0x080003d9   Thumb Code   104  _printf_dec.o(.text)
    _printf_longlong_hex                     0x08000451   Thumb Code    86  _printf_hex_int_ll_ptr.o(.text)
    _printf_int_hex                          0x080004a7   Thumb Code    28  _printf_hex_int_ll_ptr.o(.text)
    _printf_ll_hex                           0x080004c3   Thumb Code    12  _printf_hex_int_ll_ptr.o(.text)
    _printf_hex_ptr                          0x080004cf   Thumb Code    18  _printf_hex_int_ll_ptr.o(.text)
    __printf                                 0x080004e5   Thumb Code   388  __printf_flags_ss_wp.o(.text)
    strcmp                                   0x0800066d   Thumb Code   128  strcmpv7m.o(.text)
    __use_two_region_memory                  0x080006ed   Thumb Code     2  heapauxi.o(.text)
    __rt_heap_escrow                         0x080006ef   Thumb Code     2  heapauxi.o(.text)
    __rt_heap_expand                         0x080006f1   Thumb Code     2  heapauxi.o(.text)
    __rt_ctype_table                         0x080006f5   Thumb Code    16  rt_ctype_table.o(.text)
    _printf_truncate_signed                  0x08000705   Thumb Code    18  _printf_truncate.o(.text)
    _printf_truncate_unsigned                0x08000717   Thumb Code    18  _printf_truncate.o(.text)
    _printf_int_common                       0x08000729   Thumb Code   178  _printf_intcommon.o(.text)
    _printf_charcount                        0x080007db   Thumb Code    40  _printf_charcount.o(.text)
    __lib_sel_fp_printf                      0x08000803   Thumb Code     2  _printf_fp_dec.o(.text)
    _printf_fp_dec_real                      0x080009b1   Thumb Code   620  _printf_fp_dec.o(.text)
    _printf_char_common                      0x08000c27   Thumb Code    32  _printf_char_common.o(.text)
    _sputc                                   0x08000c4d   Thumb Code    10  _sputc.o(.text)
    _printf_cs_common                        0x08000c57   Thumb Code    20  _printf_char.o(.text)
    _printf_char                             0x08000c6b   Thumb Code    16  _printf_char.o(.text)
    _printf_string                           0x08000c7b   Thumb Code     8  _printf_char.o(.text)
    _printf_wctomb                           0x08000c85   Thumb Code   182  _printf_wctomb.o(.text)
    _printf_longlong_dec                     0x08000d41   Thumb Code   108  _printf_longlong_dec.o(.text)
    _printf_longlong_oct                     0x08000dbd   Thumb Code    68  _printf_oct_int_ll.o(.text)
    _printf_int_oct                          0x08000e01   Thumb Code    24  _printf_oct_int_ll.o(.text)
    _printf_ll_oct                           0x08000e19   Thumb Code    12  _printf_oct_int_ll.o(.text)
    __user_libspace                          0x08000e2d   Thumb Code     8  libspace.o(.text)
    __user_perproc_libspace                  0x08000e2d   Thumb Code     0  libspace.o(.text)
    __user_perthread_libspace                0x08000e2d   Thumb Code     0  libspace.o(.text)
    __rt_locale                              0x08000e35   Thumb Code     8  rt_locale_intlibspace.o(.text)
    _ll_udiv10                               0x08000e3d   Thumb Code   138  lludiv10.o(.text)
    _printf_fp_hex_real                      0x08000ec9   Thumb Code   754  _printf_fp_hex.o(.text)
    _printf_fp_infnan                        0x080011c5   Thumb Code   112  _printf_fp_infnan.o(.text)
    _printf_lcs_common                       0x08001245   Thumb Code    20  _printf_wchar.o(.text)
    _printf_wchar                            0x08001259   Thumb Code    16  _printf_wchar.o(.text)
    _printf_wstring                          0x08001269   Thumb Code     8  _printf_wchar.o(.text)
    _btod_etento                             0x08001271   Thumb Code   216  bigflt0.o(.text)
    _wcrtomb                                 0x0800134d   Thumb Code    64  _wcrtomb.o(.text)
    __I$use$semihosting                      0x0800138d   Thumb Code     0  use_no_semi.o(.text)
    __use_no_semihosting_swi                 0x0800138d   Thumb Code     2  use_no_semi.o(.text)
    __semihosting_library_function           0x0800138f   Thumb Code     0  indicate_semi.o(.text)
    __user_setup_stackheap                   0x0800138f   Thumb Code    74  sys_stackheap_outer.o(.text)
    exit                                     0x080013d9   Thumb Code    18  exit.o(.text)
    _sys_exit                                0x080013ed   Thumb Code     8  sys_exit.o(.text)
    _btod_d2e                                0x080013f9   Thumb Code    62  btod.o(CL$$btod_d2e)
    _d2e_denorm_low                          0x08001437   Thumb Code    70  btod.o(CL$$btod_d2e_denorm_low)
    _d2e_norm_op1                            0x0800147d   Thumb Code    96  btod.o(CL$$btod_d2e_norm_op1)
    __btod_div_common                        0x080014dd   Thumb Code   696  btod.o(CL$$btod_div_common)
    _e2e                                     0x08001815   Thumb Code   198  btod.o(CL$$btod_e2e)
    _btod_ediv                               0x080018db   Thumb Code    40  btod.o(CL$$btod_ediv)
    _btod_emul                               0x08001903   Thumb Code    40  btod.o(CL$$btod_emul)
    __btod_mult_common                       0x0800192b   Thumb Code   580  btod.o(CL$$btod_mult_common)
    BusFault_Handler                         0x08001b6f   Thumb Code     4  gd32f4xx_it.o(i.BusFault_Handler)
    DebugMon_Handler                         0x08001b73   Thumb Code     2  gd32f4xx_it.o(i.DebugMon_Handler)
    HardFault_Handler                        0x08001b75   Thumb Code     4  gd32f4xx_it.o(i.HardFault_Handler)
    MemManage_Handler                        0x08001b79   Thumb Code     4  gd32f4xx_it.o(i.MemManage_Handler)
    NMI_Handler                              0x08001b7d   Thumb Code     2  gd32f4xx_it.o(i.NMI_Handler)
    PendSV_Handler                           0x08001ba9   Thumb Code     2  gd32f4xx_it.o(i.PendSV_Handler)
    SVC_Handler                              0x08001bab   Thumb Code     2  gd32f4xx_it.o(i.SVC_Handler)
    SysTick_Handler                          0x08001bad   Thumb Code     8  gd32f4xx_it.o(i.SysTick_Handler)
    SystemInit                               0x08001bb5   Thumb Code    78  system_gd32f4xx.o(i.SystemInit)
    USART1_IRQHandler                        0x08001c15   Thumb Code    82  usart2.o(i.USART1_IRQHandler)
    Uart0Printf                              0x08001c7d   Thumb Code    64  gd32f4xx_xii-iot.o(i.Uart0Printf)
    Uart0WriteByte                           0x08001cc5   Thumb Code    28  gd32f4xx_xii-iot.o(i.Uart0WriteByte)
    UsageFault_Handler                       0x08001ce5   Thumb Code     4  gd32f4xx_it.o(i.UsageFault_Handler)
    __ARM_fpclassify                         0x08001ce9   Thumb Code    48  fpclassify.o(i.__ARM_fpclassify)
    _is_digit                                0x08001d19   Thumb Code    14  __printf_wp.o(i._is_digit)
    delay_decrement                          0x08001d29   Thumb Code    18  systick.o(i.delay_decrement)
    main                                     0x08001d41   Thumb Code     8  main.o(i.main)
    systick_config                           0x08001e4d   Thumb Code    74  systick.o(i.systick_config)
    usart_data_receive                       0x08001e9d   Thumb Code    10  gd32f4xx_usart.o(i.usart_data_receive)
    usart_data_transmit                      0x08001ea7   Thumb Code     8  gd32f4xx_usart.o(i.usart_data_transmit)
    usart_flag_get                           0x08001eaf   Thumb Code    30  gd32f4xx_usart.o(i.usart_flag_get)
    usart_interrupt_flag_clear               0x08001ecd   Thumb Code    26  gd32f4xx_usart.o(i.usart_interrupt_flag_clear)
    usart_interrupt_flag_get                 0x08001ee7   Thumb Code    30  gd32f4xx_usart.o(i.usart_interrupt_flag_get)
    _get_lc_ctype                            0x08001f05   Thumb Code    44  lc_ctype_c.o(locale$$code)
    _get_lc_numeric                          0x08001f31   Thumb Code    44  lc_numeric_c.o(locale$$code)
    _fp_init                                 0x08001f5d   Thumb Code    10  fpinit.o(x$fpl$fpinit)
    __fplib_config_fpu_vfp                   0x08001f65   Thumb Code     0  fpinit.o(x$fpl$fpinit)
    __fplib_config_pureend_doubles           0x08001f65   Thumb Code     0  fpinit.o(x$fpl$fpinit)
    _printf_fp_dec                           0x08001f67   Thumb Code     4  printf1.o(x$fpl$printf1)
    _printf_fp_hex                           0x08001f6b   Thumb Code     4  printf2.o(x$fpl$printf2)
    __I$use$fp                               0x08001f6e   Number         0  usenofp.o(x$fpl$usenofp)
    Region$$Table$$Base                      0x0800206c   Number         0  anon$$obj.o(Region$$Table)
    Region$$Table$$Limit                     0x0800208c   Number         0  anon$$obj.o(Region$$Table)
    __ctype                                  0x08002099   Data           0  lc_ctype_c.o(locale$$data)
    SystemCoreClock                          0x20000000   Data           4  system_gd32f4xx.o(.data)
    USART2_TX_BUF                            0x20000008   Data        2048  usart2.o(.bss)
    USART2_RX_BUF                            0x20000808   Data        1024  usart2.o(.bss)
    __libspace_start                         0x20000d08   Data          96  libspace.o(.bss)
    __temporary_stack_top$libspace           0x20000d68   Data           0  libspace.o(.bss)



==============================================================================

Memory Map of the image

  Image Entry point : 0x080002d5

  Load Region LR_1 (Base: 0x08000000, Size: 0x000021c0, Max: 0xffffffff, ABSOLUTE)

    Execution Region ER_RO (Base: 0x08000000, Size: 0x000021b8, Max: 0xffffffff, ABSOLUTE)

    Base Addr    Size         Type   Attr      Idx    E Section Name        Object

    0x08000000   0x00000188   Data   RO         6935    RESET               startup_gd32f407.o
    0x08000188   0x00000008   Code   RO         7279  * !!!main             c_w.l(__main.o)
    0x08000190   0x00000034   Code   RO         7732    !!!scatter          c_w.l(__scatter.o)
    0x080001c4   0x0000001a   Code   RO         7734    !!handler_copy      c_w.l(__scatter_copy.o)
    0x080001de   0x00000002   PAD
    0x080001e0   0x0000001c   Code   RO         7736    !!handler_zi        c_w.l(__scatter_zi.o)
    0x080001fc   0x00000000   Code   RO         7252    .ARM.Collect$$_printf_percent$$00000000  c_w.l(_printf_percent.o)
    0x080001fc   0x00000006   Code   RO         7377    .ARM.Collect$$_printf_percent$$00000001  c_w.l(_printf_n.o)
    0x08000202   0x00000006   Code   RO         7378    .ARM.Collect$$_printf_percent$$00000002  c_w.l(_printf_p.o)
    0x08000208   0x00000006   Code   RO         7381    .ARM.Collect$$_printf_percent$$00000003  c_w.l(_printf_f.o)
    0x0800020e   0x00000006   Code   RO         7382    .ARM.Collect$$_printf_percent$$00000004  c_w.l(_printf_e.o)
    0x08000214   0x00000006   Code   RO         7251    .ARM.Collect$$_printf_percent$$00000005  c_w.l(_printf_g.o)
    0x0800021a   0x00000006   Code   RO         7383    .ARM.Collect$$_printf_percent$$00000006  c_w.l(_printf_a.o)
    0x08000220   0x0000000a   Code   RO         7388    .ARM.Collect$$_printf_percent$$00000007  c_w.l(_printf_ll.o)
    0x0800022a   0x00000006   Code   RO         7249    .ARM.Collect$$_printf_percent$$00000008  c_w.l(_printf_i.o)
    0x08000230   0x00000006   Code   RO         7380    .ARM.Collect$$_printf_percent$$00000009  c_w.l(_printf_d.o)
    0x08000236   0x00000006   Code   RO         7250    .ARM.Collect$$_printf_percent$$0000000A  c_w.l(_printf_u.o)
    0x0800023c   0x00000006   Code   RO         7379    .ARM.Collect$$_printf_percent$$0000000B  c_w.l(_printf_o.o)
    0x08000242   0x00000006   Code   RO         7248    .ARM.Collect$$_printf_percent$$0000000C  c_w.l(_printf_x.o)
    0x08000248   0x00000006   Code   RO         7385    .ARM.Collect$$_printf_percent$$0000000D  c_w.l(_printf_lli.o)
    0x0800024e   0x00000006   Code   RO         7386    .ARM.Collect$$_printf_percent$$0000000E  c_w.l(_printf_lld.o)
    0x08000254   0x00000006   Code   RO         7387    .ARM.Collect$$_printf_percent$$0000000F  c_w.l(_printf_llu.o)
    0x0800025a   0x00000006   Code   RO         7392    .ARM.Collect$$_printf_percent$$00000010  c_w.l(_printf_llo.o)
    0x08000260   0x00000006   Code   RO         7393    .ARM.Collect$$_printf_percent$$00000011  c_w.l(_printf_llx.o)
    0x08000266   0x0000000a   Code   RO         7389    .ARM.Collect$$_printf_percent$$00000012  c_w.l(_printf_l.o)
    0x08000270   0x00000006   Code   RO         7376    .ARM.Collect$$_printf_percent$$00000013  c_w.l(_printf_c.o)
    0x08000276   0x00000006   Code   RO         7247    .ARM.Collect$$_printf_percent$$00000014  c_w.l(_printf_s.o)
    0x0800027c   0x00000006   Code   RO         7390    .ARM.Collect$$_printf_percent$$00000015  c_w.l(_printf_lc.o)
    0x08000282   0x00000006   Code   RO         7391    .ARM.Collect$$_printf_percent$$00000016  c_w.l(_printf_ls.o)
    0x08000288   0x00000004   Code   RO         7384    .ARM.Collect$$_printf_percent$$00000017  c_w.l(_printf_percent_end.o)
    0x0800028c   0x00000002   Code   RO         7612    .ARM.Collect$$libinit$$00000000  c_w.l(libinit.o)
    0x0800028e   0x00000004   Code   RO         7404    .ARM.Collect$$libinit$$00000001  c_w.l(libinit2.o)
    0x08000292   0x00000000   Code   RO         7407    .ARM.Collect$$libinit$$00000004  c_w.l(libinit2.o)
    0x08000292   0x00000000   Code   RO         7410    .ARM.Collect$$libinit$$0000000A  c_w.l(libinit2.o)
    0x08000292   0x00000000   Code   RO         7412    .ARM.Collect$$libinit$$0000000C  c_w.l(libinit2.o)
    0x08000292   0x00000000   Code   RO         7414    .ARM.Collect$$libinit$$0000000E  c_w.l(libinit2.o)
    0x08000292   0x00000006   Code   RO         7415    .ARM.Collect$$libinit$$0000000F  c_w.l(libinit2.o)
    0x08000298   0x00000000   Code   RO         7417    .ARM.Collect$$libinit$$00000011  c_w.l(libinit2.o)
    0x08000298   0x0000000c   Code   RO         7418    .ARM.Collect$$libinit$$00000012  c_w.l(libinit2.o)
    0x080002a4   0x00000000   Code   RO         7419    .ARM.Collect$$libinit$$00000013  c_w.l(libinit2.o)
    0x080002a4   0x00000000   Code   RO         7421    .ARM.Collect$$libinit$$00000015  c_w.l(libinit2.o)
    0x080002a4   0x0000000a   Code   RO         7422    .ARM.Collect$$libinit$$00000016  c_w.l(libinit2.o)
    0x080002ae   0x00000000   Code   RO         7423    .ARM.Collect$$libinit$$00000017  c_w.l(libinit2.o)
    0x080002ae   0x00000000   Code   RO         7425    .ARM.Collect$$libinit$$00000019  c_w.l(libinit2.o)
    0x080002ae   0x00000000   Code   RO         7427    .ARM.Collect$$libinit$$0000001B  c_w.l(libinit2.o)
    0x080002ae   0x00000000   Code   RO         7429    .ARM.Collect$$libinit$$0000001D  c_w.l(libinit2.o)
    0x080002ae   0x00000000   Code   RO         7431    .ARM.Collect$$libinit$$0000001F  c_w.l(libinit2.o)
    0x080002ae   0x00000000   Code   RO         7433    .ARM.Collect$$libinit$$00000021  c_w.l(libinit2.o)
    0x080002ae   0x00000000   Code   RO         7435    .ARM.Collect$$libinit$$00000023  c_w.l(libinit2.o)
    0x080002ae   0x00000000   Code   RO         7437    .ARM.Collect$$libinit$$00000025  c_w.l(libinit2.o)
    0x080002ae   0x00000000   Code   RO         7441    .ARM.Collect$$libinit$$0000002C  c_w.l(libinit2.o)
    0x080002ae   0x00000000   Code   RO         7443    .ARM.Collect$$libinit$$0000002E  c_w.l(libinit2.o)
    0x080002ae   0x00000000   Code   RO         7445    .ARM.Collect$$libinit$$00000030  c_w.l(libinit2.o)
    0x080002ae   0x00000000   Code   RO         7447    .ARM.Collect$$libinit$$00000032  c_w.l(libinit2.o)
    0x080002ae   0x00000002   Code   RO         7448    .ARM.Collect$$libinit$$00000033  c_w.l(libinit2.o)
    0x080002b0   0x00000002   Code   RO         7719    .ARM.Collect$$libshutdown$$00000000  c_w.l(libshutdown.o)
    0x080002b2   0x00000000   Code   RO         7640    .ARM.Collect$$libshutdown$$00000002  c_w.l(libshutdown2.o)
    0x080002b2   0x00000000   Code   RO         7642    .ARM.Collect$$libshutdown$$00000004  c_w.l(libshutdown2.o)
    0x080002b2   0x00000000   Code   RO         7645    .ARM.Collect$$libshutdown$$00000007  c_w.l(libshutdown2.o)
    0x080002b2   0x00000000   Code   RO         7648    .ARM.Collect$$libshutdown$$0000000A  c_w.l(libshutdown2.o)
    0x080002b2   0x00000000   Code   RO         7650    .ARM.Collect$$libshutdown$$0000000C  c_w.l(libshutdown2.o)
    0x080002b2   0x00000000   Code   RO         7653    .ARM.Collect$$libshutdown$$0000000F  c_w.l(libshutdown2.o)
    0x080002b2   0x00000002   Code   RO         7654    .ARM.Collect$$libshutdown$$00000010  c_w.l(libshutdown2.o)
    0x080002b4   0x00000000   Code   RO         7323    .ARM.Collect$$rtentry$$00000000  c_w.l(__rtentry.o)
    0x080002b4   0x00000000   Code   RO         7470    .ARM.Collect$$rtentry$$00000002  c_w.l(__rtentry2.o)
    0x080002b4   0x00000006   Code   RO         7482    .ARM.Collect$$rtentry$$00000004  c_w.l(__rtentry4.o)
    0x080002ba   0x00000000   Code   RO         7472    .ARM.Collect$$rtentry$$00000009  c_w.l(__rtentry2.o)
    0x080002ba   0x00000004   Code   RO         7473    .ARM.Collect$$rtentry$$0000000A  c_w.l(__rtentry2.o)
    0x080002be   0x00000000   Code   RO         7475    .ARM.Collect$$rtentry$$0000000C  c_w.l(__rtentry2.o)
    0x080002be   0x00000008   Code   RO         7476    .ARM.Collect$$rtentry$$0000000D  c_w.l(__rtentry2.o)
    0x080002c6   0x00000002   Code   RO         7625    .ARM.Collect$$rtexit$$00000000  c_w.l(rtexit.o)
    0x080002c8   0x00000000   Code   RO         7676    .ARM.Collect$$rtexit$$00000002  c_w.l(rtexit2.o)
    0x080002c8   0x00000004   Code   RO         7677    .ARM.Collect$$rtexit$$00000003  c_w.l(rtexit2.o)
    0x080002cc   0x00000006   Code   RO         7678    .ARM.Collect$$rtexit$$00000004  c_w.l(rtexit2.o)
    0x080002d2   0x00000002   PAD
    0x080002d4   0x00000040   Code   RO         6936  * .text               startup_gd32f407.o
    0x08000314   0x00000024   Code   RO         7192    .text               c_w.l(vsprintf.o)
    0x08000338   0x0000004e   Code   RO         7200    .text               c_w.l(_printf_pad.o)
    0x08000386   0x00000052   Code   RO         7202    .text               c_w.l(_printf_str.o)
    0x080003d8   0x00000078   Code   RO         7204    .text               c_w.l(_printf_dec.o)
    0x08000450   0x00000094   Code   RO         7224    .text               c_w.l(_printf_hex_int_ll_ptr.o)
    0x080004e4   0x00000188   Code   RO         7244    .text               c_w.l(__printf_flags_ss_wp.o)
    0x0800066c   0x00000080   Code   RO         7275    .text               c_w.l(strcmpv7m.o)
    0x080006ec   0x00000006   Code   RO         7277    .text               c_w.l(heapauxi.o)
    0x080006f2   0x00000002   PAD
    0x080006f4   0x00000010   Code   RO         7324    .text               c_w.l(rt_ctype_table.o)
    0x08000704   0x00000024   Code   RO         7351    .text               c_w.l(_printf_truncate.o)
    0x08000728   0x000000b2   Code   RO         7353    .text               c_w.l(_printf_intcommon.o)
    0x080007da   0x00000028   Code   RO         7355    .text               c_w.l(_printf_charcount.o)
    0x08000802   0x0000041a   Code   RO         7357    .text               c_w.l(_printf_fp_dec.o)
    0x08000c1c   0x00000030   Code   RO         7359    .text               c_w.l(_printf_char_common.o)
    0x08000c4c   0x0000000a   Code   RO         7361    .text               c_w.l(_sputc.o)
    0x08000c56   0x0000002c   Code   RO         7363    .text               c_w.l(_printf_char.o)
    0x08000c82   0x00000002   PAD
    0x08000c84   0x000000bc   Code   RO         7365    .text               c_w.l(_printf_wctomb.o)
    0x08000d40   0x0000007c   Code   RO         7368    .text               c_w.l(_printf_longlong_dec.o)
    0x08000dbc   0x00000070   Code   RO         7374    .text               c_w.l(_printf_oct_int_ll.o)
    0x08000e2c   0x00000008   Code   RO         7466    .text               c_w.l(libspace.o)
    0x08000e34   0x00000008   Code   RO         7487    .text               c_w.l(rt_locale_intlibspace.o)
    0x08000e3c   0x0000008a   Code   RO         7502    .text               c_w.l(lludiv10.o)
    0x08000ec6   0x00000002   PAD
    0x08000ec8   0x000002fc   Code   RO         7506    .text               c_w.l(_printf_fp_hex.o)
    0x080011c4   0x00000080   Code   RO         7509    .text               c_w.l(_printf_fp_infnan.o)
    0x08001244   0x0000002c   Code   RO         7513    .text               c_w.l(_printf_wchar.o)
    0x08001270   0x000000dc   Code   RO         7517    .text               c_w.l(bigflt0.o)
    0x0800134c   0x00000040   Code   RO         7542    .text               c_w.l(_wcrtomb.o)
    0x0800138c   0x00000002   Code   RO         7582    .text               c_w.l(use_no_semi.o)
    0x0800138e   0x00000000   Code   RO         7584    .text               c_w.l(indicate_semi.o)
    0x0800138e   0x0000004a   Code   RO         7585    .text               c_w.l(sys_stackheap_outer.o)
    0x080013d8   0x00000012   Code   RO         7597    .text               c_w.l(exit.o)
    0x080013ea   0x00000002   PAD
    0x080013ec   0x0000000c   Code   RO         7623    .text               c_w.l(sys_exit.o)
    0x080013f8   0x0000003e   Code   RO         7520    CL$$btod_d2e        c_w.l(btod.o)
    0x08001436   0x00000046   Code   RO         7522    CL$$btod_d2e_denorm_low  c_w.l(btod.o)
    0x0800147c   0x00000060   Code   RO         7521    CL$$btod_d2e_norm_op1  c_w.l(btod.o)
    0x080014dc   0x00000338   Code   RO         7530    CL$$btod_div_common  c_w.l(btod.o)
    0x08001814   0x000000c6   Code   RO         7527    CL$$btod_e2e        c_w.l(btod.o)
    0x080018da   0x00000028   Code   RO         7524    CL$$btod_ediv       c_w.l(btod.o)
    0x08001902   0x00000028   Code   RO         7523    CL$$btod_emul       c_w.l(btod.o)
    0x0800192a   0x00000244   Code   RO         7529    CL$$btod_mult_common  c_w.l(btod.o)
    0x08001b6e   0x00000004   Code   RO         6942    i.BusFault_Handler  gd32f4xx_it.o
    0x08001b72   0x00000002   Code   RO         6943    i.DebugMon_Handler  gd32f4xx_it.o
    0x08001b74   0x00000004   Code   RO         6944    i.HardFault_Handler  gd32f4xx_it.o
    0x08001b78   0x00000004   Code   RO         6945    i.MemManage_Handler  gd32f4xx_it.o
    0x08001b7c   0x00000002   Code   RO         6946    i.NMI_Handler       gd32f4xx_it.o
    0x08001b7e   0x00000002   PAD
    0x08001b80   0x00000028   Code   RO         7047    i.NVIC_SetPriority  systick.o
    0x08001ba8   0x00000002   Code   RO         6947    i.PendSV_Handler    gd32f4xx_it.o
    0x08001baa   0x00000002   Code   RO         6948    i.SVC_Handler       gd32f4xx_it.o
    0x08001bac   0x00000008   Code   RO         6949    i.SysTick_Handler   gd32f4xx_it.o
    0x08001bb4   0x00000060   Code   RO            4    i.SystemInit        system_gd32f4xx.o
    0x08001c14   0x00000068   Code   RO         6733    i.USART1_IRQHandler  usart2.o
    0x08001c7c   0x00000048   Code   RO         6791    i.Uart0Printf       gd32f4xx_xii-iot.o
    0x08001cc4   0x00000020   Code   RO         6792    i.Uart0WriteByte    gd32f4xx_xii-iot.o
    0x08001ce4   0x00000004   Code   RO         6950    i.UsageFault_Handler  gd32f4xx_it.o
    0x08001ce8   0x00000030   Code   RO         7572    i.__ARM_fpclassify  m_wm.l(fpclassify.o)
    0x08001d18   0x0000000e   Code   RO         7237    i._is_digit         c_w.l(__printf_wp.o)
    0x08001d26   0x00000002   PAD
    0x08001d28   0x00000018   Code   RO         7049    i.delay_decrement   systick.o
    0x08001d40   0x00000008   Code   RO         7020    i.main              main.o
    0x08001d48   0x000000fc   Code   RO            5    i.system_clock_200m_irc16m  system_gd32f4xx.o
    0x08001e44   0x00000008   Code   RO            6    i.system_clock_config  system_gd32f4xx.o
    0x08001e4c   0x00000050   Code   RO         7052    i.systick_config    systick.o
    0x08001e9c   0x0000000a   Code   RO         5146    i.usart_data_receive  gd32f4xx_usart.o
    0x08001ea6   0x00000008   Code   RO         5147    i.usart_data_transmit  gd32f4xx_usart.o
    0x08001eae   0x0000001e   Code   RO         5154    i.usart_flag_get    gd32f4xx_usart.o
    0x08001ecc   0x0000001a   Code   RO         5163    i.usart_interrupt_flag_clear  gd32f4xx_usart.o
    0x08001ee6   0x0000001e   Code   RO         5164    i.usart_interrupt_flag_get  gd32f4xx_usart.o
    0x08001f04   0x0000002c   Code   RO         7545    locale$$code        c_w.l(lc_ctype_c.o)
    0x08001f30   0x0000002c   Code   RO         7548    locale$$code        c_w.l(lc_numeric_c.o)
    0x08001f5c   0x0000000a   Code   RO         7562    x$fpl$fpinit        fz_wm.l(fpinit.o)
    0x08001f66   0x00000004   Code   RO         7305    x$fpl$printf1       fz_wm.l(printf1.o)
    0x08001f6a   0x00000004   Code   RO         7457    x$fpl$printf2       fz_wm.l(printf2.o)
    0x08001f6e   0x00000000   Code   RO         7463    x$fpl$usenofp       fz_wm.l(usenofp.o)
    0x08001f6e   0x00000028   Data   RO         7225    .constdata          c_w.l(_printf_hex_int_ll_ptr.o)
    0x08001f96   0x00000011   Data   RO         7245    .constdata          c_w.l(__printf_flags_ss_wp.o)
    0x08001fa7   0x00000001   PAD
    0x08001fa8   0x00000008   Data   RO         7366    .constdata          c_w.l(_printf_wctomb.o)
    0x08001fb0   0x00000026   Data   RO         7507    .constdata          c_w.l(_printf_fp_hex.o)
    0x08001fd6   0x00000002   PAD
    0x08001fd8   0x00000094   Data   RO         7518    .constdata          c_w.l(bigflt0.o)
    0x0800206c   0x00000020   Data   RO         7730    Region$$Table       anon$$obj.o
    0x0800208c   0x00000110   Data   RO         7544    locale$$data        c_w.l(lc_ctype_c.o)
    0x0800219c   0x0000001c   Data   RO         7547    locale$$data        c_w.l(lc_numeric_c.o)


    Execution Region ER_RW (Base: 0x20000000, Size: 0x00000008, Max: 0xffffffff, ABSOLUTE)

    Base Addr    Size         Type   Attr      Idx    E Section Name        Object

    0x20000000   0x00000004   Data   RW            7    .data               system_gd32f4xx.o
    0x20000004   0x00000004   Data   RW         7053    .data               systick.o


    Execution Region ER_ZI (Base: 0x20000008, Size: 0x00002160, Max: 0xffffffff, ABSOLUTE)

    Base Addr    Size         Type   Attr      Idx    E Section Name        Object

    0x20000008   0x00000c00   Zero   RW         6737    .bss                usart2.o
    0x20000c08   0x00000100   Zero   RW         6811    .bss                gd32f4xx_xii-iot.o
    0x20000d08   0x00000060   Zero   RW         7467    .bss                c_w.l(libspace.o)
    0x20000d68   0x00001000   Zero   RW         6934    HEAP                startup_gd32f407.o
    0x20001d68   0x00000400   Zero   RW         6933    STACK               startup_gd32f407.o


==============================================================================

Image component sizes


      Code (inc. data)   RO Data    RW Data    ZI Data      Debug   Object Name

        32          0          0          0          0       5010   gd32f4xx_it.o
       104          0          0          0          0       3708   gd32f4xx_usart.o
       104         12          0          0        256       3199   gd32f4xx_xii-iot.o
         8          0          0          0          0        551   main.o
        64         26        392          0       5120       1004   startup_gd32f407.o
       356         32          0          4          0      48527   system_gd32f4xx.o
       144         20          0          4          0      28550   systick.o
       104         22          0          0       3072       4007   usart2.o

    ----------------------------------------------------------------------
       918        112        424          8       8448      94556   Object Totals
         0          0         32          0          0          0   (incl. Generated)
         2          0          0          0          0          0   (incl. Padding)

    ----------------------------------------------------------------------

      Code (inc. data)   RO Data    RW Data    ZI Data      Debug   Library Member Name

         8          0          0          0          0         68   __main.o
       392          4         17          0          0         92   __printf_flags_ss_wp.o
        14          0          0          0          0         68   __printf_wp.o
         0          0          0          0          0          0   __rtentry.o
        12          0          0          0          0          0   __rtentry2.o
         6          0          0          0          0          0   __rtentry4.o
        52          8          0          0          0          0   __scatter.o
        26          0          0          0          0          0   __scatter_copy.o
        28          0          0          0          0          0   __scatter_zi.o
         6          0          0          0          0          0   _printf_a.o
         6          0          0          0          0          0   _printf_c.o
        44          0          0          0          0        108   _printf_char.o
        48          6          0          0          0         96   _printf_char_common.o
        40          0          0          0          0         68   _printf_charcount.o
         6          0          0          0          0          0   _printf_d.o
       120         16          0          0          0         92   _printf_dec.o
         6          0          0          0          0          0   _printf_e.o
         6          0          0          0          0          0   _printf_f.o
      1050          0          0          0          0        216   _printf_fp_dec.o
       764         10         38          0          0        100   _printf_fp_hex.o
       128         16          0          0          0         84   _printf_fp_infnan.o
         6          0          0          0          0          0   _printf_g.o
       148          4         40          0          0        160   _printf_hex_int_ll_ptr.o
         6          0          0          0          0          0   _printf_i.o
       178          0          0          0          0         88   _printf_intcommon.o
        10          0          0          0          0          0   _printf_l.o
         6          0          0          0          0          0   _printf_lc.o
        10          0          0          0          0          0   _printf_ll.o
         6          0          0          0          0          0   _printf_lld.o
         6          0          0          0          0          0   _printf_lli.o
         6          0          0          0          0          0   _printf_llo.o
         6          0          0          0          0          0   _printf_llu.o
         6          0          0          0          0          0   _printf_llx.o
       124         16          0          0          0         92   _printf_longlong_dec.o
         6          0          0          0          0          0   _printf_ls.o
         6          0          0          0          0          0   _printf_n.o
         6          0          0          0          0          0   _printf_o.o
       112          8          0          0          0        124   _printf_oct_int_ll.o
         6          0          0          0          0          0   _printf_p.o
        78          0          0          0          0        108   _printf_pad.o
         0          0          0          0          0          0   _printf_percent.o
         4          0          0          0          0          0   _printf_percent_end.o
         6          0          0          0          0          0   _printf_s.o
        82          0          0          0          0         80   _printf_str.o
        36          0          0          0          0         84   _printf_truncate.o
         6          0          0          0          0          0   _printf_u.o
        44          0          0          0          0        108   _printf_wchar.o
       188          6          8          0          0         92   _printf_wctomb.o
         6          0          0          0          0          0   _printf_x.o
        10          0          0          0          0         68   _sputc.o
        64          0          0          0          0         92   _wcrtomb.o
       220          4        148          0          0         96   bigflt0.o
      1910        128          0          0          0        672   btod.o
        18          0          0          0          0         80   exit.o
         6          0          0          0          0        152   heapauxi.o
         0          0          0          0          0          0   indicate_semi.o
        44         10        272          0          0         76   lc_ctype_c.o
        44         10         28          0          0         76   lc_numeric_c.o
         2          0          0          0          0          0   libinit.o
        34          0          0          0          0          0   libinit2.o
         2          0          0          0          0          0   libshutdown.o
         2          0          0          0          0          0   libshutdown2.o
         8          4          0          0         96         68   libspace.o
       138          0          0          0          0         80   lludiv10.o
        16          4          0          0          0         76   rt_ctype_table.o
         8          4          0          0          0         68   rt_locale_intlibspace.o
         2          0          0          0          0          0   rtexit.o
        10          0          0          0          0          0   rtexit2.o
       128          0          0          0          0         68   strcmpv7m.o
        12          4          0          0          0         68   sys_exit.o
        74          0          0          0          0         80   sys_stackheap_outer.o
         2          0          0          0          0         68   use_no_semi.o
        36          4          0          0          0         76   vsprintf.o
        10          0          0          0          0        116   fpinit.o
         4          0          0          0          0        116   printf1.o
         4          0          0          0          0        116   printf2.o
         0          0          0          0          0          0   usenofp.o
        48          0          0          0          0        124   fpclassify.o

    ----------------------------------------------------------------------
      6736        266        554          0         96       4364   Library Totals
        14          0          3          0          0          0   (incl. Padding)

    ----------------------------------------------------------------------

      Code (inc. data)   RO Data    RW Data    ZI Data      Debug   Library Name

      6656        266        551          0         96       3892   c_w.l
        18          0          0          0          0        348   fz_wm.l
        48          0          0          0          0        124   m_wm.l

    ----------------------------------------------------------------------
      6736        266        554          0         96       4364   Library Totals

    ----------------------------------------------------------------------

==============================================================================


      Code (inc. data)   RO Data    RW Data    ZI Data      Debug   

      7654        378        978          8       8544      94640   Grand Totals
      7654        378        978          8       8544      94640   ELF Image Totals
      7654        378        978          8          0          0   ROM Totals

==============================================================================

    Total RO  Size (Code + RO Data)                 8632 (   8.43kB)
    Total RW  Size (RW Data + ZI Data)              8552 (   8.35kB)
    Total ROM Size (Code + RO Data + RW Data)       8640 (   8.44kB)

==============================================================================

