Component: ARM Compiler 5.05 update 1 (build 106) Tool: armlink [4d0efa]

==============================================================================

Section Cross References

    gd32f4xx_it.o(i.SysTick_Handler) refers to systick.o(i.delay_decrement) for delay_decrement
    main.o(i.main) refers to test.o(i.systemInit) for systemInit
    main.o(i.main) refers to test.o(i.test2) for test2
    systick.o(i.delay_1ms) refers to systick.o(.data) for delay
    systick.o(i.delay_decrement) refers to systick.o(.data) for delay
    systick.o(i.systick_config) refers to systick.o(i.NVIC_SetPriority) for NVIC_SetPriority
    systick.o(i.systick_config) refers to system_gd32f4xx.o(.data) for SystemCoreClock
    system_gd32f4xx.o(i.SystemCoreClockUpdate) refers to system_gd32f4xx.o(.data) for SystemCoreClock
    system_gd32f4xx.o(i.SystemInit) refers to system_gd32f4xx.o(i.system_clock_config) for system_clock_config
    system_gd32f4xx.o(i.system_clock_config) refers to system_gd32f4xx.o(i.system_clock_200m_irc16m) for system_clock_200m_irc16m
    gd32f4xx_adc.o(i.adc_deinit) refers to gd32f4xx_rcu.o(i.rcu_periph_reset_enable) for rcu_periph_reset_enable
    gd32f4xx_adc.o(i.adc_deinit) refers to gd32f4xx_rcu.o(i.rcu_periph_reset_disable) for rcu_periph_reset_disable
    gd32f4xx_can.o(i.can_debug_freeze_disable) refers to gd32f4xx_dbg.o(i.dbg_periph_disable) for dbg_periph_disable
    gd32f4xx_can.o(i.can_debug_freeze_enable) refers to gd32f4xx_dbg.o(i.dbg_periph_enable) for dbg_periph_enable
    gd32f4xx_can.o(i.can_deinit) refers to gd32f4xx_rcu.o(i.rcu_periph_reset_enable) for rcu_periph_reset_enable
    gd32f4xx_can.o(i.can_deinit) refers to gd32f4xx_rcu.o(i.rcu_periph_reset_disable) for rcu_periph_reset_disable
    gd32f4xx_ctc.o(i.ctc_deinit) refers to gd32f4xx_rcu.o(i.rcu_periph_reset_enable) for rcu_periph_reset_enable
    gd32f4xx_ctc.o(i.ctc_deinit) refers to gd32f4xx_rcu.o(i.rcu_periph_reset_disable) for rcu_periph_reset_disable
    gd32f4xx_dac.o(i.dac_deinit) refers to gd32f4xx_rcu.o(i.rcu_periph_reset_enable) for rcu_periph_reset_enable
    gd32f4xx_dac.o(i.dac_deinit) refers to gd32f4xx_rcu.o(i.rcu_periph_reset_disable) for rcu_periph_reset_disable
    gd32f4xx_dci.o(i.dci_deinit) refers to gd32f4xx_rcu.o(i.rcu_periph_reset_enable) for rcu_periph_reset_enable
    gd32f4xx_dci.o(i.dci_deinit) refers to gd32f4xx_rcu.o(i.rcu_periph_reset_disable) for rcu_periph_reset_disable
    gd32f4xx_enet.o(i.enet_deinit) refers to gd32f4xx_rcu.o(i.rcu_periph_reset_enable) for rcu_periph_reset_enable
    gd32f4xx_enet.o(i.enet_deinit) refers to gd32f4xx_rcu.o(i.rcu_periph_reset_disable) for rcu_periph_reset_disable
    gd32f4xx_enet.o(i.enet_deinit) refers to gd32f4xx_enet.o(i.enet_initpara_reset) for enet_initpara_reset
    gd32f4xx_enet.o(i.enet_descriptors_chain_init) refers to gd32f4xx_enet.o(.bss) for txdesc_tab
    gd32f4xx_enet.o(i.enet_descriptors_chain_init) refers to gd32f4xx_enet.o(.data) for dma_current_txdesc
    gd32f4xx_enet.o(i.enet_descriptors_ring_init) refers to gd32f4xx_enet.o(.bss) for txdesc_tab
    gd32f4xx_enet.o(i.enet_descriptors_ring_init) refers to gd32f4xx_enet.o(.data) for dma_current_txdesc
    gd32f4xx_enet.o(i.enet_disable) refers to gd32f4xx_enet.o(i.enet_tx_disable) for enet_tx_disable
    gd32f4xx_enet.o(i.enet_disable) refers to gd32f4xx_enet.o(i.enet_rx_disable) for enet_rx_disable
    gd32f4xx_enet.o(i.enet_enable) refers to gd32f4xx_enet.o(i.enet_tx_enable) for enet_tx_enable
    gd32f4xx_enet.o(i.enet_enable) refers to gd32f4xx_enet.o(i.enet_rx_enable) for enet_rx_enable
    gd32f4xx_enet.o(i.enet_frame_receive) refers to gd32f4xx_enet.o(.data) for dma_current_rxdesc
    gd32f4xx_enet.o(i.enet_frame_transmit) refers to gd32f4xx_enet.o(.data) for dma_current_txdesc
    gd32f4xx_enet.o(i.enet_init) refers to gd32f4xx_enet.o(i.enet_phy_config) for enet_phy_config
    gd32f4xx_enet.o(i.enet_init) refers to gd32f4xx_enet.o(i.enet_delay) for enet_delay
    gd32f4xx_enet.o(i.enet_init) refers to gd32f4xx_enet.o(i.enet_default_init) for enet_default_init
    gd32f4xx_enet.o(i.enet_init) refers to gd32f4xx_enet.o(i.enet_phy_write_read) for enet_phy_write_read
    gd32f4xx_enet.o(i.enet_init) refers to gd32f4xx_enet.o(.bss) for enet_initpara
    gd32f4xx_enet.o(i.enet_initpara_config) refers to gd32f4xx_enet.o(.bss) for enet_initpara
    gd32f4xx_enet.o(i.enet_initpara_reset) refers to gd32f4xx_enet.o(.bss) for enet_initpara
    gd32f4xx_enet.o(i.enet_phy_config) refers to gd32f4xx_rcu.o(i.rcu_clock_freq_get) for rcu_clock_freq_get
    gd32f4xx_enet.o(i.enet_phy_config) refers to gd32f4xx_enet.o(i.enet_phy_write_read) for enet_phy_write_read
    gd32f4xx_enet.o(i.enet_phy_config) refers to gd32f4xx_enet.o(i.enet_delay) for enet_delay
    gd32f4xx_enet.o(i.enet_phyloopback_disable) refers to gd32f4xx_enet.o(i.enet_phy_write_read) for enet_phy_write_read
    gd32f4xx_enet.o(i.enet_phyloopback_enable) refers to gd32f4xx_enet.o(i.enet_phy_write_read) for enet_phy_write_read
[...]
    .ARM.Collect$$libinit$$00000023          0x080002fa   Section        0  libinit2.o(.ARM.Collect$$libinit$$00000023)
    .ARM.Collect$$libinit$$00000025          0x080002fa   Section        0  libinit2.o(.ARM.Collect$$libinit$$00000025)
    .ARM.Collect$$libinit$$0000002C          0x080002fa   Section        0  libinit2.o(.ARM.Collect$$libinit$$0000002C)
    .ARM.Collect$$libinit$$0000002E          0x080002fa   Section        0  libinit2.o(.ARM.Collect$$libinit$$0000002E)
    .ARM.Collect$$libinit$$00000030          0x080002fa   Section        0  libinit2.o(.ARM.Collect$$libinit$$00000030)
    .ARM.Collect$$libinit$$00000032          0x080002fa   Section        0  libinit2.o(.ARM.Collect$$libinit$$00000032)
    .ARM.Collect$$libinit$$00000033          0x080002fa   Section        2  libinit2.o(.ARM.Collect$$libinit$$00000033)
    .ARM.Collect$$libshutdown$$00000000      0x080002fc   Section        2  libshutdown.o(.ARM.Collect$$libshutdown$$00000000)
    .ARM.Collect$$libshutdown$$00000003      0x080002fe   Section        0  libshutdown2.o(.ARM.Collect$$libshutdown$$00000003)
    .ARM.Collect$$libshutdown$$00000006      0x080002fe   Section        0  libshutdown2.o(.ARM.Collect$$libshutdown$$00000006)
    .ARM.Collect$$libshutdown$$00000009      0x080002fe   Section        0  libshutdown2.o(.ARM.Collect$$libshutdown$$00000009)
    .ARM.Collect$$libshutdown$$0000000B      0x080002fe   Section        0  libshutdown2.o(.ARM.Collect$$libshutdown$$0000000B)
    .ARM.Collect$$libshutdown$$0000000E      0x080002fe   Section        0  libshutdown2.o(.ARM.Collect$$libshutdown$$0000000E)
    .ARM.Collect$$libshutdown$$0000000F      0x080002fe   Section        2  libshutdown2.o(.ARM.Collect$$libshutdown$$0000000F)
    .ARM.Collect$$rtentry$$00000000          0x08000300   Section        0  __rtentry.o(.ARM.Collect$$rtentry$$00000000)
    .ARM.Collect$$rtentry$$00000002          0x08000300   Section        0  __rtentry2.o(.ARM.Collect$$rtentry$$00000002)
    .ARM.Collect$$rtentry$$00000004          0x08000300   Section        6  __rtentry4.o(.ARM.Collect$$rtentry$$00000004)
    .ARM.Collect$$rtentry$$00000009          0x08000306   Section        0  __rtentry2.o(.ARM.Collect$$rtentry$$00000009)
    .ARM.Collect$$rtentry$$0000000A          0x08000306   Section        4  __rtentry2.o(.ARM.Collect$$rtentry$$0000000A)
    .ARM.Collect$$rtentry$$0000000C          0x0800030a   Section        0  __rtentry2.o(.ARM.Collect$$rtentry$$0000000C)
    .ARM.Collect$$rtentry$$0000000D          0x0800030a   Section        8  __rtentry2.o(.ARM.Collect$$rtentry$$0000000D)
    .ARM.Collect$$rtexit$$00000000           0x08000312   Section        2  rtexit.o(.ARM.Collect$$rtexit$$00000000)
    .ARM.Collect$$rtexit$$00000002           0x08000314   Section        0  rtexit2.o(.ARM.Collect$$rtexit$$00000002)
    .ARM.Collect$$rtexit$$00000003           0x08000314   Section        4  rtexit2.o(.ARM.Collect$$rtexit$$00000003)
    .ARM.Collect$$rtexit$$00000004           0x08000318   Section        6  rtexit2.o(.ARM.Collect$$rtexit$$00000004)
    .emb_text                                0x08000320   Section       52  rand.o(.emb_text)
    .text                                    0x08000354   Section       64  startup_gd32f407.o(.text)
    $v0                                      0x08000354   Number         0  startup_gd32f407.o(.text)
    .text                                    0x08000394   Section        0  c89vsprintf.o(.text)
    .text                                    0x080003b8   Section        0  rand.o(.text)
    .text                                    0x080003f4   Section        0  heapauxi.o(.text)
    .text                                    0x080003fa   Section        0  _printf_pad.o(.text)
    .text                                    0x08000448   Section        0  _printf_truncate.o(.text)
    .text                                    0x0800046c   Section        0  _printf_str.o(.text)
    .text                                    0x080004c0   Section        0  _printf_dec.o(.text)
    .text                                    0x08000538   Section        0  _printf_charcount.o(.text)
    .text                                    0x08000560   Section        0  _printf_char_common.o(.text)
    _printf_input_char                       0x08000561   Thumb Code    10  _printf_char_common.o(.text)
    .text                                    0x08000590   Section        0  _sputc.o(.text)
    .text                                    0x0800059c   Section        0  _printf_wctomb.o(.text)
    .text                                    0x08000658   Section        0  _printf_longlong_dec.o(.text)
    .text                                    0x080006d4   Section        0  _printf_oct_int_ll.o(.text)
    _printf_longlong_oct_internal            0x080006d5   Thumb Code     0  _printf_oct_int_ll.o(.text)
    .text                                    0x08000744   Section        0  _printf_hex_int_ll_ptr.o(.text)
    _printf_hex_common                       0x08000745   Thumb Code     0  _printf_hex_int_ll_ptr.o(.text)
    .text                                    0x080007d8   Section        0  __printf_flags_ss_wp.o(.text)
    .text                                    0x08000960   Section      138  lludiv10.o(.text)
    .text                                    0x080009ea   Section        0  _printf_intcommon.o(.text)
    .text                                    0x08000a9c   Section        0  _printf_fp_dec.o(.text)
    _fp_digits                               0x08000a9f   Thumb Code   428  _printf_fp_dec.o(.text)
    .text                                    0x08000eb6   Section        0  _printf_char.o(.text)
    .text                                    0x08000ee2   Section        0  _printf_wchar.o(.text)
    .text                                    0x08000f0e   Section        0  _wcrtomb.o(.text)
    .text                                    0x08000f4e   Section       74  sys_stackheap_outer.o(.text)
    .text                                    0x08000f98   Section       16  rt_ctype_table.o(.text)
    .text                                    0x08000fa8   Section        8  rt_locale_intlibspace.o(.text)
    .text                                    0x08000fb0   Section        0  _printf_fp_infnan.o(.text)
    .text                                    0x08001030   Section        0  bigflt0.o(.text)
    .text                                    0x0800110c   Section        0  exit.o(.text)
    .text                                    0x08001118   Section        8  libspace.o(.text)
    .text                                    0x08001120   Section      128  strcmpv7m.o(.text)
    .text                                    0x080011a0   Section        2  use_no_semi.o(.text)
    .text                                    0x080011a2   Section        0  indicate_semi.o(.text)
    .text                                    0x080011a4   Section        0  sys_exit.o(.text)
    CL$$btod_d2e                             0x080011b0   Section       62  btod.o(CL$$btod_d2e)
    CL$$btod_d2e_denorm_low                  0x080011ee   Section       70  btod.o(CL$$btod_d2e_denorm_low)
    CL$$btod_d2e_norm_op1                    0x08001234   Section       96  btod.o(CL$$btod_d2e_norm_op1)
    CL$$btod_div_common                      0x08001294   Section      824  btod.o(CL$$btod_div_common)
    CL$$btod_e2e                             0x080015cc   Section      198  btod.o(CL$$btod_e2e)
    CL$$btod_ediv                            0x08001692   Section       40  btod.o(CL$$btod_ediv)
    CL$$btod_emul                            0x080016ba   Section       40  btod.o(CL$$btod_emul)
    CL$$btod_mult_common                     0x080016e2   Section      580  btod.o(CL$$btod_mult_common)
    i.BusFault_Handler                       0x08001926   Section        0  gd32f4xx_it.o(i.BusFault_Handler)
    i.DebugMon_Handler                       0x0800192a   Section        0  gd32f4xx_it.o(i.DebugMon_Handler)
    i.HardFault_Handler                      0x0800192c   Section        0  gd32f4xx_it.o(i.HardFault_Handler)
    i.MemManage_Handler                      0x08001930   Section        0  gd32f4xx_it.o(i.MemManage_Handler)
    i.NMI_Handler                            0x08001934   Section        0  gd32f4xx_it.o(i.NMI_Handler)
    i.NVIC_SetPriority                       0x08001938   Section        0  systick.o(i.NVIC_SetPriority)
    NVIC_SetPriority                         0x08001939   Thumb Code    32  systick.o(i.NVIC_SetPriority)
    i.OLED_Clear                             0x08001960   Section        0  oled.o(i.OLED_Clear)
    i.OLED_DrawBMP                           0x08001998   Section        0  oled.o(i.OLED_DrawBMP)
    i.OLED_Gpio_Init                         0x08001a0c   Section        0  oled.o(i.OLED_Gpio_Init)
    i.OLED_Init                              0x08001ae0   Section        0  oled.o(i.OLED_Init)
    i.OLED_SPI_Send                          0x08001bc4   Section        0  oled.o(i.OLED_SPI_Send)
    i.OLED_Set_Pos                           0x08001bf4   Section        0  oled.o(i.OLED_Set_Pos)
    i.OLED_ShowCHinese                       0x08001c1c   Section        0  oled.o(i.OLED_ShowCHinese)
    i.OLED_Write_Cmd                         0x08001c80   Section        0  oled.o(i.OLED_Write_Cmd)
    i.OLED_Write_Data                        0x08001ca4   Section        0  oled.o(i.OLED_Write_Data)
    i.PendSV_Handler                         0x08001cc8   Section        0  gd32f4xx_it.o(i.PendSV_Handler)
    i.SVC_Handler                            0x08001cca   Section        0  gd32f4xx_it.o(i.SVC_Handler)
    i.SysTick_Handler                        0x08001ccc   Section        0  gd32f4xx_it.o(i.SysTick_Handler)
    i.SystemInit                             0x08001cd4   Section        0  system_gd32f4xx.o(i.SystemInit)
    i.Uart0Printf                            0x08001d34   Section        0  gd32f4xx_xii-iot.o(i.Uart0Printf)
    i.Uart0WriteByte                         0x08001d7c   Section        0  gd32f4xx_xii-iot.o(i.Uart0WriteByte)
    i.UsageFault_Handler                     0x08001d9c   Section        0  gd32f4xx_it.o(i.UsageFault_Handler)
    i.__ARM_fpclassify                       0x08001da0   Section        0  fpclassify.o(i.__ARM_fpclassify)
    i._is_digit                              0x08001dd0   Section        0  __printf_wp.o(i._is_digit)
    i.delay_1ms                              0x08001de0   Section        0  systick.o(i.delay_1ms)
    i.delay_decrement                        0x08001df4   Section        0  systick.o(i.delay_decrement)
    i.eeprom_buffer_read                     0x08001e0c   Section        0  at24cxx.o(i.eeprom_buffer_read)
    i.eeprom_buffer_write                    0x08001f58   Section        0  at24cxx.o(i.eeprom_buffer_write)
    i.eeprom_page_write                      0x0800206c   Section        0  at24cxx.o(i.eeprom_page_write)
    i.eeprom_wait_standby_state              0x08002124   Section        0  at24cxx.o(i.eeprom_wait_standby_state)
    i.gd_XII_systeminit                      0x080021b8   Section        0  gd32f4xx_xii-iot.o(i.gd_XII_systeminit)
    i.gd_eval_led_init                       0x080021ec   Section        0  gd32f4xx_xii-iot.o(i.gd_eval_led_init)
    i.gd_eval_led_on                         0x08002240   Section        0  gd32f4xx_xii-iot.o(i.gd_eval_led_on)
    i.gpio_af_set                            0x08002258   Section        0  gd32f4xx_gpio.o(i.gpio_af_set)
    i.gpio_bit_reset                         0x080022b6   Section        0  gd32f4xx_gpio.o(i.gpio_bit_reset)
    i.gpio_bit_set                           0x080022ba   Section        0  gd32f4xx_gpio.o(i.gpio_bit_set)
    i.gpio_mode_set                          0x080022be   Section        0  gd32f4xx_gpio.o(i.gpio_mode_set)
    i.gpio_output_options_set                0x0800230c   Section        0  gd32f4xx_gpio.o(i.gpio_output_options_set)
    i.i2c_ack_config                         0x0800234e   Section        0  gd32f4xx_i2c.o(i.i2c_ack_config)
    i.i2c_ackpos_config                      0x08002366   Section        0  gd32f4xx_i2c.o(i.i2c_ackpos_config)
    i.i2c_clock_config                       0x0800237c   Section        0  gd32f4xx_i2c.o(i.i2c_clock_config)
    i.i2c_config                             0x0800244c   Section        0  i2c.o(i.i2c_config)
    i.i2c_eeprom_init                        0x08002484   Section        0  at24cxx.o(i.i2c_eeprom_init)
    i.i2c_enable                             0x08002490   Section        0  gd32f4xx_i2c.o(i.i2c_enable)
    i.i2c_flag_clear                         0x0800249a   Section        0  gd32f4xx_i2c.o(i.i2c_flag_clear)
    i.i2c_flag_get                           0x080024ac   Section        0  gd32f4xx_i2c.o(i.i2c_flag_get)
    i.i2c_gpio_config                        0x080024e0   Section        0  i2c.o(i.i2c_gpio_config)
    i.i2c_master_addressing                  0x08002548   Section        0  gd32f4xx_i2c.o(i.i2c_master_addressing)
    i.i2c_mode_addr_config                   0x0800255c   Section        0  gd32f4xx_i2c.o(i.i2c_mode_addr_config)
    i.i2c_receive_data                       0x08002574   Section        0  gd32f4xx_i2c.o(i.i2c_receive_data)
    i.i2c_start_on_bus                       0x0800257c   Section        0  gd32f4xx_i2c.o(i.i2c_start_on_bus)
    i.i2c_stop_on_bus                        0x08002586   Section        0  gd32f4xx_i2c.o(i.i2c_stop_on_bus)
    i.i2c_transmit_data                      0x08002590   Section        0  gd32f4xx_i2c.o(i.i2c_transmit_data)
    i.main                                   0x08002594   Section        0  main.o(i.main)
    i.rcu_clock_freq_get                     0x080025a0   Section        0  gd32f4xx_rcu.o(i.rcu_clock_freq_get)
    i.rcu_periph_clock_enable                0x080026c4   Section        0  gd32f4xx_rcu.o(i.rcu_periph_clock_enable)
    i.rcu_periph_reset_disable               0x080026e8   Section        0  gd32f4xx_rcu.o(i.rcu_periph_reset_disable)
    i.rcu_periph_reset_enable                0x0800270c   Section        0  gd32f4xx_rcu.o(i.rcu_periph_reset_enable)
    i.spi_enable                             0x08002730   Section        0  gd32f4xx_spi.o(i.spi_enable)
    i.spi_i2s_data_transmit                  0x0800273a   Section        0  gd32f4xx_spi.o(i.spi_i2s_data_transmit)
    i.spi_i2s_flag_get                       0x0800273e   Section        0  gd32f4xx_spi.o(i.spi_i2s_flag_get)
    i.spi_init                               0x0800274e   Section        0  gd32f4xx_spi.o(i.spi_init)
    i.systemInit                             0x08002780   Section        0  test.o(i.systemInit)
    i.system_clock_200m_irc16m               0x080027b0   Section        0  system_gd32f4xx.o(i.system_clock_200m_irc16m)
    system_clock_200m_irc16m                 0x080027b1   Thumb Code   238  system_gd32f4xx.o(i.system_clock_200m_irc16m)
    i.system_clock_config                    0x080028ac   Section        0  system_gd32f4xx.o(i.system_clock_config)
    system_clock_config                      0x080028ad   Thumb Code     8  system_gd32f4xx.o(i.system_clock_config)
    i.systick_config                         0x080028b4   Section        0  systick.o(i.systick_config)
    i.test2                                  0x08002904   Section        0  test.o(i.test2)
    i.usart5Init                             0x08002a0c   Section        0  gd32f4xx_xii-iot.o(i.usart5Init)
    i.usart_baudrate_set                     0x08002ad8   Section        0  gd32f4xx_usart.o(i.usart_baudrate_set)
    i.usart_data_transmit                    0x08002bc8   Section        0  gd32f4xx_usart.o(i.usart_data_transmit)
    i.usart_deinit                           0x08002bd0   Section        0  gd32f4xx_usart.o(i.usart_deinit)
    i.usart_enable                           0x08002cac   Section        0  gd32f4xx_usart.o(i.usart_enable)
    i.usart_flag_get                         0x08002cb6   Section        0  gd32f4xx_usart.o(i.usart_flag_get)
    i.usart_receive_config                   0x08002cd4   Section        0  gd32f4xx_usart.o(i.usart_receive_config)
    i.usart_transmit_config                  0x08002ce4   Section        0  gd32f4xx_usart.o(i.usart_transmit_config)
    locale$$code                             0x08002cf4   Section       44  lc_numeric_c.o(locale$$code)
    locale$$code                             0x08002d20   Section       44  lc_ctype_c.o(locale$$code)
    x$fpl$ddiv                               0x08002d4c   Section      688  ddiv.o(x$fpl$ddiv)
    $v0                                      0x08002d4c   Number         0  ddiv.o(x$fpl$ddiv)
    ddiv_entry                               0x08002d53   Thumb Code     0  ddiv.o(x$fpl$ddiv)
    x$fpl$dfix                               0x08002ffc   Section       94  dfix.o(x$fpl$dfix)
    $v0                                      0x08002ffc   Number         0  dfix.o(x$fpl$dfix)
    x$fpl$dflt                               0x0800305a   Section       46  dflt_clz.o(x$fpl$dflt)
    $v0                                      0x0800305a   Number         0  dflt_clz.o(x$fpl$dflt)
    x$fpl$dmul                               0x08003088   Section      340  dmul.o(x$fpl$dmul)
    $v0                                      0x08003088   Number         0  dmul.o(x$fpl$dmul)
    x$fpl$dnaninf                            0x080031dc   Section      156  dnaninf.o(x$fpl$dnaninf)
    $v0                                      0x080031dc   Number         0  dnaninf.o(x$fpl$dnaninf)
    x$fpl$dretinf                            0x08003278   Section       12  dretinf.o(x$fpl$dretinf)
    $v0                                      0x08003278   Number         0  dretinf.o(x$fpl$dretinf)
    x$fpl$fpinit                             0x08003284   Section       10  fpinit.o(x$fpl$fpinit)
    $v0                                      0x08003284   Number         0  fpinit.o(x$fpl$fpinit)
    x$fpl$printf1                            0x0800328e   Section        4  printf1.o(x$fpl$printf1)
    $v0                                      0x0800328e   Number         0  printf1.o(x$fpl$printf1)
    x$fpl$usenofp                            0x08003292   Section        0  usenofp.o(x$fpl$usenofp)
    .constdata                               0x08003294   Section        8  _printf_wctomb.o(.constdata)
    initial_mbstate                          0x08003294   Data           8  _printf_wctomb.o(.constdata)
    .constdata                               0x0800329c   Section       40  _printf_hex_int_ll_ptr.o(.constdata)
    uc_hextab                                0x0800329c   Data          20  _printf_hex_int_ll_ptr.o(.constdata)
    lc_hextab                                0x080032b0   Data          20  _printf_hex_int_ll_ptr.o(.constdata)
    .constdata                               0x080032c4   Section       17  __printf_flags_ss_wp.o(.constdata)
    maptable                                 0x080032c4   Data          17  __printf_flags_ss_wp.o(.constdata)
    .constdata                               0x080032d8   Section      148  bigflt0.o(.constdata)
    tenpwrs_x                                0x080032d8   Data          60  bigflt0.o(.constdata)
    tenpwrs_i                                0x08003314   Data          64  bigflt0.o(.constdata)
    locale$$data                             0x0800338c   Section       28  lc_numeric_c.o(locale$$data)
    __lcnum_c_name                           0x08003390   Data           2  lc_numeric_c.o(locale$$data)
    __lcnum_c_start                          0x08003398   Data           0  lc_numeric_c.o(locale$$data)
    __lcnum_c_point                          0x080033a4   Data           0  lc_numeric_c.o(locale$$data)
    __lcnum_c_thousands                      0x080033a6   Data           0  lc_numeric_c.o(locale$$data)
    __lcnum_c_grouping                       0x080033a7   Data           0  lc_numeric_c.o(locale$$data)
    locale$$data                             0x080033a8   Section      272  lc_ctype_c.o(locale$$data)
    __lcnum_c_end                            0x080033a8   Data           0  lc_numeric_c.o(locale$$data)
    __lcctype_c_name                         0x080033ac   Data           2  lc_ctype_c.o(locale$$data)
    __lcctype_c_start                        0x080033b4   Data           0  lc_ctype_c.o(locale$$data)
    __lcctype_c_end                          0x080034b8   Data           0  lc_ctype_c.o(locale$$data)
    .data                                    0x20000000   Section        4  systick.o(.data)
    delay                                    0x20000000   Data           4  systick.o(.data)
    .data                                    0x20000004   Section        4  system_gd32f4xx.o(.data)
    .data                                    0x20000008   Section      324  gd32f4xx_xii-iot.o(.data)
    GPIO_PORT                                0x20000008   Data          32  gd32f4xx_xii-iot.o(.data)
    GPIO_PIN                                 0x20000028   Data          32  gd32f4xx_xii-iot.o(.data)
    COM_CLK                                  0x20000048   Data          12  gd32f4xx_xii-iot.o(.data)
    COM_TX_PIN                               0x20000054   Data          24  gd32f4xx_xii-iot.o(.data)
    COM_RX_PIN                               0x2000006c   Data          24  gd32f4xx_xii-iot.o(.data)
    COM_GPIO_PORT                            0x20000084   Data          24  gd32f4xx_xii-iot.o(.data)
    COM_GPIO_CLK                             0x2000009c   Data          12  gd32f4xx_xii-iot.o(.data)
    GPIO_CLK                                 0x200000a8   Data          16  gd32f4xx_xii-iot.o(.data)
    KEY_PORT                                 0x200000b8   Data          16  gd32f4xx_xii-iot.o(.data)
    KEY_PIN                                  0x200000c8   Data          16  gd32f4xx_xii-iot.o(.data)
    KEY_CLK                                  0x200000d8   Data           8  gd32f4xx_xii-iot.o(.data)
    KEY_EXTI_LINE                            0x200000e0   Data          16  gd32f4xx_xii-iot.o(.data)
    KEY_PORT_SOURCE                          0x200000f0   Data           4  gd32f4xx_xii-iot.o(.data)
    KEY_PIN_SOURCE                           0x200000f4   Data           4  gd32f4xx_xii-iot.o(.data)
    KEY_IRQn                                 0x200000f8   Data           4  gd32f4xx_xii-iot.o(.data)
    DIP_PORT                                 0x200000fc   Data          32  gd32f4xx_xii-iot.o(.data)
    DIP_PIN                                  0x2000011c   Data          32  gd32f4xx_xii-iot.o(.data)
    DIP_CLK                                  0x2000013c   Data          16  gd32f4xx_xii-iot.o(.data)
    .data                                    0x2000014c   Section      192  oled.o(.data)
    .data                                    0x2000020c   Section        2  at24cxx.o(.data)
    .data                                    0x2000020e   Section     2112  test.o(.data)
    .bss                                     0x20000a50   Section      128  gd32f4xx_xii-iot.o(.bss)
    buffer1                                  0x20000a50   Data         128  gd32f4xx_xii-iot.o(.bss)
    .bss                                     0x20000ad0   Section      228  rand.o(.bss)
    .bss                                     0x20000bb4   Section       96  libspace.o(.bss)
    HEAP                                     0x20000c18   Section     1024  startup_gd32f407.o(HEAP)
    Heap_Mem                                 0x20000c18   Data        1024  startup_gd32f407.o(HEAP)
    STACK                                    0x20001018   Section     1024  startup_gd32f407.o(STACK)
    Stack_Mem                                0x20001018   Data        1024  startup_gd32f407.o(STACK)
    __initial_sp                             0x20001418   Data           0  startup_gd32f407.o(STACK)

    Global Symbols

    Symbol Name                              Value     Ov Type        Size  Object(Section)

    BuildAttributes$$THM_ISAv4$E$P$D$K$B$S$7EM$VFPi3$EXTD16$VFPS$VFMA$PE$A:L22UL41UL21$X:L11$S22US41US21$IEEE1$IW$USESV6$~STKCKD$USESV7$~SHL$OTIME$ROPI$IEEEJ$EBA8$UX$STANDARDLIB$REQ8$PRES8$EABIv2 0x00000000   Number         0  anon$$obj.o ABSOLUTE
    __ARM_use_no_argv                        0x00000000   Number         0  main.o ABSOLUTE
    _printf_flags                            0x00000000   Number         0  printf_stubs.o ABSOLUTE
    _printf_return_value                     0x00000000   Number         0  printf_stubs.o ABSOLUTE
    _printf_sizespec                         0x00000000   Number         0  printf_stubs.o ABSOLUTE
    _printf_widthprec                        0x00000000   Number         0  printf_stubs.o ABSOLUTE
    __ARM_exceptions_init                     - Undefined Weak Reference
    __alloca_initialize                       - Undefined Weak Reference
    __arm_preinit_                            - Undefined Weak Reference
    __cpp_initialize__aeabi_                  - Undefined Weak Reference
    __cxa_finalize                            - Undefined Weak Reference
    __sigvec_lookup                           - Undefined Weak Reference
    _atexit_init                              - Undefined Weak Reference
    _call_atexit_fns                          - Undefined Weak Reference
    _clock_init                               - Undefined Weak Reference
    _fp_trap_init                             - Undefined Weak Reference
    _fp_trap_shutdown                         - Undefined Weak Reference
    _get_lc_collate                           - Undefined Weak Reference
    _get_lc_monetary                          - Undefined Weak Reference
    _get_lc_time                              - Undefined Weak Reference
    _getenv_init                              - Undefined Weak Reference
    _handle_redirection                       - Undefined Weak Reference
    _init_alloc                               - Undefined Weak Reference
    _init_user_alloc                          - Undefined Weak Reference
    _initio                                   - Undefined Weak Reference
    _printf_fp_hex                            - Undefined Weak Reference
    _printf_mbtowc                            - Undefined Weak Reference
    _printf_wc                                - Undefined Weak Reference
    _signal_finish                            - Undefined Weak Reference
    _signal_init                              - Undefined Weak Reference
    _terminate_alloc                          - Undefined Weak Reference
    _terminate_user_alloc                     - Undefined Weak Reference
    _terminateio                              - Undefined Weak Reference
    __Vectors_Size                           0x00000188   Number         0  startup_gd32f407.o ABSOLUTE
    __Vectors                                0x08000000   Data           4  startup_gd32f407.o(RESET)
    __Vectors_End                            0x08000188   Data           0  startup_gd32f407.o(RESET)
    __main                                   0x08000189   Thumb Code     8  __main.o(!!!main)
    __scatterload                            0x08000191   Thumb Code     0  __scatter.o(!!!scatter)
    __scatterload_rt2                        0x08000191   Thumb Code    44  __scatter.o(!!!scatter)
    __scatterload_rt2_thumb_only             0x08000191   Thumb Code     0  __scatter.o(!!!scatter)
    __scatterload_null                       0x0800019f   Thumb Code     0  __scatter.o(!!!scatter)
    __decompress                             0x080001c5   Thumb Code   100  __dclz77c.o(!!dclz77c)
    __decompress2                            0x080001c5   Thumb Code     0  __dclz77c.o(!!dclz77c)
    __scatterload_zeroinit                   0x08000229   Thumb Code    28  __scatter_zi.o(!!handler_zi)
    _printf_n                                0x08000245   Thumb Code     0  _printf_n.o(.ARM.Collect$$_printf_percent$$00000001)
    _printf_percent                          0x08000245   Thumb Code     0  _printf_percent.o(.ARM.Collect$$_printf_percent$$00000000)
    _printf_p                                0x0800024b   Thumb Code     0  _printf_p.o(.ARM.Collect$$_printf_percent$$00000002)
    _printf_f                                0x08000251   Thumb Code     0  _printf_f.o(.ARM.Collect$$_printf_percent$$00000003)
    _printf_e                                0x08000257   Thumb Code     0  _printf_e.o(.ARM.Collect$$_printf_percent$$00000004)
    _printf_g                                0x0800025d   Thumb Code     0  _printf_g.o(.ARM.Collect$$_printf_percent$$00000005)
    _printf_a                                0x08000263   Thumb Code     0  _printf_a.o(.ARM.Collect$$_printf_percent$$00000006)
    _printf_ll                               0x08000269   Thumb Code     0  _printf_ll.o(.ARM.Collect$$_printf_percent$$00000007)
    _printf_i                                0x08000273   Thumb Code     0  _printf_i.o(.ARM.Collect$$_printf_percent$$00000008)
    _printf_d                                0x08000279   Thumb Code     0  _printf_d.o(.ARM.Collect$$_printf_percent$$00000009)
    _printf_u                                0x0800027f   Thumb Code     0  _printf_u.o(.ARM.Collect$$_printf_percent$$0000000A)
    _printf_o                                0x08000285   Thumb Code     0  _printf_o.o(.ARM.Collect$$_printf_percent$$0000000B)
    _printf_x                                0x0800028b   Thumb Code     0  _printf_x.o(.ARM.Collect$$_printf_percent$$0000000C)
    _printf_lli                              0x08000291   Thumb Code     0  _printf_lli.o(.ARM.Collect$$_printf_percent$$0000000D)
    _printf_lld                              0x08000297   Thumb Code     0  _printf_lld.o(.ARM.Collect$$_printf_percent$$0000000E)
    _printf_llu                              0x0800029d   Thumb Code     0  _printf_llu.o(.ARM.Collect$$_printf_percent$$0000000F)
    _printf_llo                              0x080002a3   Thumb Code     0  _printf_llo.o(.ARM.Collect$$_printf_percent$$00000010)
    _printf_llx                              0x080002a9   Thumb Code     0  _printf_llx.o(.ARM.Collect$$_printf_percent$$00000011)
    _printf_l                                0x080002af   Thumb Code     0  _printf_l.o(.ARM.Collect$$_printf_percent$$00000012)
    _printf_c                                0x080002b9   Thumb Code     0  _printf_c.o(.ARM.Collect$$_printf_percent$$00000013)
    _printf_s                                0x080002bf   Thumb Code     0  _printf_s.o(.ARM.Collect$$_printf_percent$$00000014)
    _printf_lc                               0x080002c5   Thumb Code     0  _printf_lc.o(.ARM.Collect$$_printf_percent$$00000015)
    _printf_ls                               0x080002cb   Thumb Code     0  _printf_ls.o(.ARM.Collect$$_printf_percent$$00000016)
    _printf_percent_end                      0x080002d1   Thumb Code     0  _printf_percent_end.o(.ARM.Collect$$_printf_percent$$00000017)
    __rt_lib_init                            0x080002d5   Thumb Code     0  libinit.o(.ARM.Collect$$libinit$$00000000)
    __rt_lib_init_fp_1                       0x080002d7   Thumb Code     0  libinit2.o(.ARM.Collect$$libinit$$00000001)
    __rt_lib_init_heap_1                     0x080002db   Thumb Code     0  libinit2.o(.ARM.Collect$$libinit$$0000000A)
    __rt_lib_init_preinit_1                  0x080002db   Thumb Code     0  libinit2.o(.ARM.Collect$$libinit$$00000004)
    __rt_lib_init_rand_2                     0x080002db   Thumb Code     0  libinit2.o(.ARM.Collect$$libinit$$0000000D)
    __rt_lib_init_user_alloc_1               0x080002db   Thumb Code     0  libinit2.o(.ARM.Collect$$libinit$$0000000C)
    __rt_lib_init_lc_common                  0x080002df   Thumb Code     0  libinit2.o(.ARM.Collect$$libinit$$0000000F)
    __rt_lib_init_rand_1                     0x080002df   Thumb Code     0  libinit2.o(.ARM.Collect$$libinit$$0000000E)
    __rt_lib_init_lc_collate_1               0x080002e5   Thumb Code     0  libinit2.o(.ARM.Collect$$libinit$$00000011)
    __rt_lib_init_lc_ctype_2                 0x080002e5   Thumb Code     0  libinit2.o(.ARM.Collect$$libinit$$00000012)
    __rt_lib_init_lc_ctype_1                 0x080002f1   Thumb Code     0  libinit2.o(.ARM.Collect$$libinit$$00000013)
    __rt_lib_init_lc_monetary_1              0x080002f1   Thumb Code     0  libinit2.o(.ARM.Collect$$libinit$$00000015)
    __rt_lib_init_lc_numeric_2               0x080002f1   Thumb Code     0  libinit2.o(.ARM.Collect$$libinit$$00000016)
    __rt_lib_init_alloca_1                   0x080002fb   Thumb Code     0  libinit2.o(.ARM.Collect$$libinit$$0000002E)
    __rt_lib_init_argv_1                     0x080002fb   Thumb Code     0  libinit2.o(.ARM.Collect$$libinit$$0000002C)
    __rt_lib_init_atexit_1                   0x080002fb   Thumb Code     0  libinit2.o(.ARM.Collect$$libinit$$0000001B)
    __rt_lib_init_clock_1                    0x080002fb   Thumb Code     0  libinit2.o(.ARM.Collect$$libinit$$00000021)
    __rt_lib_init_cpp_1                      0x080002fb   Thumb Code     0  libinit2.o(.ARM.Collect$$libinit$$00000032)
    __rt_lib_init_exceptions_1               0x080002fb   Thumb Code     0  libinit2.o(.ARM.Collect$$libinit$$00000030)
    __rt_lib_init_fp_trap_1                  0x080002fb   Thumb Code     0  libinit2.o(.ARM.Collect$$libinit$$0000001F)
    __rt_lib_init_getenv_1                   0x080002fb   Thumb Code     0  libinit2.o(.ARM.Collect$$libinit$$00000023)
    __rt_lib_init_lc_numeric_1               0x080002fb   Thumb Code     0  libinit2.o(.ARM.Collect$$libinit$$00000017)
    __rt_lib_init_lc_time_1                  0x080002fb   Thumb Code     0  libinit2.o(.ARM.Collect$$libinit$$00000019)
    __rt_lib_init_return                     0x080002fb   Thumb Code     0  libinit2.o(.ARM.Collect$$libinit$$00000033)
    __rt_lib_init_signal_1                   0x080002fb   Thumb Code     0  libinit2.o(.ARM.Collect$$libinit$$0000001D)
    __rt_lib_init_stdio_1                    0x080002fb   Thumb Code     0  libinit2.o(.ARM.Collect$$libinit$$00000025)
    __rt_lib_shutdown                        0x080002fd   Thumb Code     0  libshutdown.o(.ARM.Collect$$libshutdown$$00000000)
    __rt_lib_shutdown_fp_trap_1              0x080002ff   Thumb Code     0  libshutdown2.o(.ARM.Collect$$libshutdown$$00000006)
    __rt_lib_shutdown_heap_1                 0x080002ff   Thumb Code     0  libshutdown2.o(.ARM.Collect$$libshutdown$$0000000E)
    __rt_lib_shutdown_return                 0x080002ff   Thumb Code     0  libshutdown2.o(.ARM.Collect$$libshutdown$$0000000F)
    __rt_lib_shutdown_signal_1               0x080002ff   Thumb Code     0  libshutdown2.o(.ARM.Collect$$libshutdown$$00000009)
    __rt_lib_shutdown_stdio_1                0x080002ff   Thumb Code     0  libshutdown2.o(.ARM.Collect$$libshutdown$$00000003)
    __rt_lib_shutdown_user_alloc_1           0x080002ff   Thumb Code     0  libshutdown2.o(.ARM.Collect$$libshutdown$$0000000B)
    __rt_entry                               0x08000301   Thumb Code     0  __rtentry.o(.ARM.Collect$$rtentry$$00000000)
    __rt_entry_presh_1                       0x08000301   Thumb Code     0  __rtentry2.o(.ARM.Collect$$rtentry$$00000002)
    __rt_entry_sh                            0x08000301   Thumb Code     0  __rtentry4.o(.ARM.Collect$$rtentry$$00000004)
    __rt_entry_li                            0x08000307   Thumb Code     0  __rtentry2.o(.ARM.Collect$$rtentry$$0000000A)
    __rt_entry_postsh_1                      0x08000307   Thumb Code     0  __rtentry2.o(.ARM.Collect$$rtentry$$00000009)
    __rt_entry_main                          0x0800030b   Thumb Code     0  __rtentry2.o(.ARM.Collect$$rtentry$$0000000D)
    __rt_entry_postli_1                      0x0800030b   Thumb Code     0  __rtentry2.o(.ARM.Collect$$rtentry$$0000000C)
    __rt_exit                                0x08000313   Thumb Code     0  rtexit.o(.ARM.Collect$$rtexit$$00000000)
    __rt_exit_ls                             0x08000315   Thumb Code     0  rtexit2.o(.ARM.Collect$$rtexit$$00000003)
    __rt_exit_prels_1                        0x08000315   Thumb Code     0  rtexit2.o(.ARM.Collect$$rtexit$$00000002)
    __rt_exit_exit                           0x08000319   Thumb Code     0  rtexit2.o(.ARM.Collect$$rtexit$$00000004)
    rand                                     0x08000321   Thumb Code    48  rand.o(.emb_text)
    Reset_Handler                            0x08000355   Thumb Code     8  startup_gd32f407.o(.text)
    ADC_IRQHandler                           0x0800036f   Thumb Code     0  startup_gd32f407.o(.text)
    CAN0_EWMC_IRQHandler                     0x0800036f   Thumb Code     0  startup_gd32f407.o(.text)
    CAN0_RX0_IRQHandler                      0x0800036f   Thumb Code     0  startup_gd32f407.o(.text)
    CAN0_RX1_IRQHandler                      0x0800036f   Thumb Code     0  startup_gd32f407.o(.text)
    CAN0_TX_IRQHandler                       0x0800036f   Thumb Code     0  startup_gd32f407.o(.text)
    CAN1_EWMC_IRQHandler                     0x0800036f   Thumb Code     0  startup_gd32f407.o(.text)
    CAN1_RX0_IRQHandler                      0x0800036f   Thumb Code     0  startup_gd32f407.o(.text)
    CAN1_RX1_IRQHandler                      0x0800036f   Thumb Code     0  startup_gd32f407.o(.text)
    CAN1_TX_IRQHandler                       0x0800036f   Thumb Code     0  startup_gd32f407.o(.text)
    DCI_IRQHandler                           0x0800036f   Thumb Code     0  startup_gd32f407.o(.text)
    DMA0_Channel0_IRQHandler                 0x0800036f   Thumb Code     0  startup_gd32f407.o(.text)
    DMA0_Channel1_IRQHandler                 0x0800036f   Thumb Code     0  startup_gd32f407.o(.text)
    DMA0_Channel2_IRQHandler                 0x0800036f   Thumb Code     0  startup_gd32f407.o(.text)
    DMA0_Channel3_IRQHandler                 0x0800036f   Thumb Code     0  startup_gd32f407.o(.text)
    DMA0_Channel4_IRQHandler                 0x0800036f   Thumb Code     0  startup_gd32f407.o(.text)
    DMA0_Channel5_IRQHandler                 0x0800036f   Thumb Code     0  startup_gd32f407.o(.text)
    DMA0_Channel6_IRQHandler                 0x0800036f   Thumb Code     0  startup_gd32f407.o(.text)
    DMA0_Channel7_IRQHandler                 0x0800036f   Thumb Code     0  startup_gd32f407.o(.text)
    DMA1_Channel0_IRQHandler                 0x0800036f   Thumb Code     0  startup_gd32f407.o(.text)
    DMA1_Channel1_IRQHandler                 0x0800036f   Thumb Code     0  startup_gd32f407.o(.text)
    DMA1_Channel2_IRQHandler                 0x0800036f   Thumb Code     0  startup_gd32f407.o(.text)
    DMA1_Channel3_IRQHandler                 0x0800036f   Thumb Code     0  startup_gd32f407.o(.text)
    DMA1_Channel4_IRQHandler                 0x0800036f   Thumb Code     0  startup_gd32f407.o(.text)
    DMA1_Channel5_IRQHandler                 0x0800036f   Thumb Code     0  startup_gd32f407.o(.text)
    DMA1_Channel6_IRQHandler                 0x0800036f   Thumb Code     0  startup_gd32f407.o(.text)
    DMA1_Channel7_IRQHandler                 0x0800036f   Thumb Code     0  startup_gd32f407.o(.text)
    ENET_IRQHandler                          0x0800036f   Thumb Code     0  startup_gd32f407.o(.text)
    ENET_WKUP_IRQHandler                     0x0800036f   Thumb Code     0  startup_gd32f407.o(.text)
    EXMC_IRQHandler                          0x0800036f   Thumb Code     0  startup_gd32f407.o(.text)
    EXTI0_IRQHandler                         0x0800036f   Thumb Code     0  startup_gd32f407.o(.text)
    EXTI10_15_IRQHandler                     0x0800036f   Thumb Code     0  startup_gd32f407.o(.text)
    EXTI1_IRQHandler                         0x0800036f   Thumb Code     0  startup_gd32f407.o(.text)
    EXTI2_IRQHandler                         0x0800036f   Thumb Code     0  startup_gd32f407.o(.text)
    EXTI3_IRQHandler                         0x0800036f   Thumb Code     0  startup_gd32f407.o(.text)
    EXTI4_IRQHandler                         0x0800036f   Thumb Code     0  startup_gd32f407.o(.text)
    EXTI5_9_IRQHandler                       0x0800036f   Thumb Code     0  startup_gd32f407.o(.text)
    FMC_IRQHandler                           0x0800036f   Thumb Code     0  startup_gd32f407.o(.text)
    FPU_IRQHandler                           0x0800036f   Thumb Code     0  startup_gd32f407.o(.text)
    I2C0_ER_IRQHandler                       0x0800036f   Thumb Code     0  startup_gd32f407.o(.text)
    I2C0_EV_IRQHandler                       0x0800036f   Thumb Code     0  startup_gd32f407.o(.text)
    I2C1_ER_IRQHandler                       0x0800036f   Thumb Code     0  startup_gd32f407.o(.text)
    I2C1_EV_IRQHandler                       0x0800036f   Thumb Code     0  startup_gd32f407.o(.text)
    I2C2_ER_IRQHandler                       0x0800036f   Thumb Code     0  startup_gd32f407.o(.text)
    I2C2_EV_IRQHandler                       0x0800036f   Thumb Code     0  startup_gd32f407.o(.text)
    LVD_IRQHandler                           0x0800036f   Thumb Code     0  startup_gd32f407.o(.text)
    RCU_CTC_IRQHandler                       0x0800036f   Thumb Code     0  startup_gd32f407.o(.text)
    RTC_Alarm_IRQHandler                     0x0800036f   Thumb Code     0  startup_gd32f407.o(.text)
    RTC_WKUP_IRQHandler                      0x0800036f   Thumb Code     0  startup_gd32f407.o(.text)
    SDIO_IRQHandler                          0x0800036f   Thumb Code     0  startup_gd32f407.o(.text)
    SPI0_IRQHandler                          0x0800036f   Thumb Code     0  startup_gd32f407.o(.text)
    SPI1_IRQHandler                          0x0800036f   Thumb Code     0  startup_gd32f407.o(.text)
    SPI2_IRQHandler                          0x0800036f   Thumb Code     0  startup_gd32f407.o(.text)
    TAMPER_STAMP_IRQHandler                  0x0800036f   Thumb Code     0  startup_gd32f407.o(.text)
    TIMER0_BRK_TIMER8_IRQHandler             0x0800036f   Thumb Code     0  startup_gd32f407.o(.text)
    TIMER0_CC_IRQHandler                     0x0800036f   Thumb Code     0  startup_gd32f407.o(.text)
    TIMER0_TRG_CMT_TIMER10_IRQHandler        0x0800036f   Thumb Code     0  startup_gd32f407.o(.text)
    TIMER0_UP_TIMER9_IRQHandler              0x0800036f   Thumb Code     0  startup_gd32f407.o(.text)
    TIMER1_IRQHandler                        0x0800036f   Thumb Code     0  startup_gd32f407.o(.text)
    TIMER2_IRQHandler                        0x0800036f   Thumb Code     0  startup_gd32f407.o(.text)
    TIMER3_IRQHandler                        0x0800036f   Thumb Code     0  startup_gd32f407.o(.text)
    TIMER4_IRQHandler                        0x0800036f   Thumb Code     0  startup_gd32f407.o(.text)
    TIMER5_DAC_IRQHandler                    0x0800036f   Thumb Code     0  startup_gd32f407.o(.text)
    TIMER6_IRQHandler                        0x0800036f   Thumb Code     0  startup_gd32f407.o(.text)
    TIMER7_BRK_TIMER11_IRQHandler            0x0800036f   Thumb Code     0  startup_gd32f407.o(.text)
    TIMER7_CC_IRQHandler                     0x0800036f   Thumb Code     0  startup_gd32f407.o(.text)
    TIMER7_TRG_CMT_TIMER13_IRQHandler        0x0800036f   Thumb Code     0  startup_gd32f407.o(.text)
    TIMER7_UP_TIMER12_IRQHandler             0x0800036f   Thumb Code     0  startup_gd32f407.o(.text)
    TRNG_IRQHandler                          0x0800036f   Thumb Code     0  startup_gd32f407.o(.text)
    UART3_IRQHandler                         0x0800036f   Thumb Code     0  startup_gd32f407.o(.text)
    UART4_IRQHandler                         0x0800036f   Thumb Code     0  startup_gd32f407.o(.text)
    USART0_IRQHandler                        0x0800036f   Thumb Code     0  startup_gd32f407.o(.text)
    USART1_IRQHandler                        0x0800036f   Thumb Code     0  startup_gd32f407.o(.text)
    USART2_IRQHandler                        0x0800036f   Thumb Code     0  startup_gd32f407.o(.text)
    USART5_IRQHandler                        0x0800036f   Thumb Code     0  startup_gd32f407.o(.text)
    USBFS_IRQHandler                         0x0800036f   Thumb Code     0  startup_gd32f407.o(.text)
    USBFS_WKUP_IRQHandler                    0x0800036f   Thumb Code     0  startup_gd32f407.o(.text)
    USBHS_EP1_In_IRQHandler                  0x0800036f   Thumb Code     0  startup_gd32f407.o(.text)
    USBHS_EP1_Out_IRQHandler                 0x0800036f   Thumb Code     0  startup_gd32f407.o(.text)
    USBHS_IRQHandler                         0x0800036f   Thumb Code     0  startup_gd32f407.o(.text)
    USBHS_WKUP_IRQHandler                    0x0800036f   Thumb Code     0  startup_gd32f407.o(.text)
    WWDGT_IRQHandler                         0x0800036f   Thumb Code     0  startup_gd32f407.o(.text)
    __user_initial_stackheap                 0x08000371   Thumb Code    10  startup_gd32f407.o(.text)
    __c89vsprintf                            0x08000395   Thumb Code    32  c89vsprintf.o(.text)
    srand                                    0x080003b9   Thumb Code    42  rand.o(.text)
    _rand_init                               0x080003e3   Thumb Code     4  rand.o(.text)
    __use_two_region_memory                  0x080003f5   Thumb Code     2  heapauxi.o(.text)
    __rt_heap_escrow$2region                 0x080003f7   Thumb Code     2  heapauxi.o(.text)
    __rt_heap_expand$2region                 0x080003f9   Thumb Code     2  heapauxi.o(.text)
    _printf_pre_padding                      0x080003fb   Thumb Code    44  _printf_pad.o(.text)
    _printf_post_padding                     0x08000427   Thumb Code    34  _printf_pad.o(.text)
    _printf_truncate_signed                  0x08000449   Thumb Code    18  _printf_truncate.o(.text)
    _printf_truncate_unsigned                0x0800045b   Thumb Code    18  _printf_truncate.o(.text)
    _printf_str                              0x0800046d   Thumb Code    82  _printf_str.o(.text)
    _printf_int_dec                          0x080004c1   Thumb Code   104  _printf_dec.o(.text)
    _printf_charcount                        0x08000539   Thumb Code    40  _printf_charcount.o(.text)
    _printf_char_common                      0x0800056b   Thumb Code    32  _printf_char_common.o(.text)
    _sputc                                   0x08000591   Thumb Code    10  _sputc.o(.text)
    _printf_wctomb                           0x0800059d   Thumb Code   182  _printf_wctomb.o(.text)
    _printf_longlong_dec                     0x08000659   Thumb Code   108  _printf_longlong_dec.o(.text)
    _printf_longlong_oct                     0x080006d5   Thumb Code    68  _printf_oct_int_ll.o(.text)
    _printf_int_oct                          0x08000719   Thumb Code    24  _printf_oct_int_ll.o(.text)
    _printf_ll_oct                           0x08000731   Thumb Code    12  _printf_oct_int_ll.o(.text)
    _printf_longlong_hex                     0x08000745   Thumb Code    86  _printf_hex_int_ll_ptr.o(.text)
    _printf_int_hex                          0x0800079b   Thumb Code    28  _printf_hex_int_ll_ptr.o(.text)
    _printf_ll_hex                           0x080007b7   Thumb Code    12  _printf_hex_int_ll_ptr.o(.text)
    _printf_hex_ptr                          0x080007c3   Thumb Code    18  _printf_hex_int_ll_ptr.o(.text)
    __printf                                 0x080007d9   Thumb Code   388  __printf_flags_ss_wp.o(.text)
    _ll_udiv10                               0x08000961   Thumb Code   138  lludiv10.o(.text)
    _printf_int_common                       0x080009eb   Thumb Code   178  _printf_intcommon.o(.text)
    __lib_sel_fp_printf                      0x08000a9d   Thumb Code     2  _printf_fp_dec.o(.text)
    _printf_fp_dec_real                      0x08000c4b   Thumb Code   620  _printf_fp_dec.o(.text)
    _printf_cs_common                        0x08000eb7   Thumb Code    20  _printf_char.o(.text)
    _printf_char                             0x08000ecb   Thumb Code    16  _printf_char.o(.text)
    _printf_string                           0x08000edb   Thumb Code     8  _printf_char.o(.text)
    _printf_lcs_common                       0x08000ee3   Thumb Code    20  _printf_wchar.o(.text)
    _printf_wchar                            0x08000ef7   Thumb Code    16  _printf_wchar.o(.text)
    _printf_wstring                          0x08000f07   Thumb Code     8  _printf_wchar.o(.text)
    _wcrtomb                                 0x08000f0f   Thumb Code    64  _wcrtomb.o(.text)
    __user_setup_stackheap                   0x08000f4f   Thumb Code    74  sys_stackheap_outer.o(.text)
    __rt_ctype_table                         0x08000f99   Thumb Code    16  rt_ctype_table.o(.text)
    __rt_locale                              0x08000fa9   Thumb Code     8  rt_locale_intlibspace.o(.text)
    _printf_fp_infnan                        0x08000fb1   Thumb Code   112  _printf_fp_infnan.o(.text)
    _btod_etento                             0x08001031   Thumb Code   216  bigflt0.o(.text)
    exit                                     0x0800110d   Thumb Code    12  exit.o(.text)
    __user_libspace                          0x08001119   Thumb Code     8  libspace.o(.text)
    __user_perproc_libspace                  0x08001119   Thumb Code     0  libspace.o(.text)
    __user_perthread_libspace                0x08001119   Thumb Code     0  libspace.o(.text)
    strcmp                                   0x08001121   Thumb Code   128  strcmpv7m.o(.text)
    __I$use$semihosting                      0x080011a1   Thumb Code     0  use_no_semi.o(.text)
    __use_no_semihosting_swi                 0x080011a1   Thumb Code     2  use_no_semi.o(.text)
    __semihosting_library_function           0x080011a3   Thumb Code     0  indicate_semi.o(.text)
    _sys_exit                                0x080011a5   Thumb Code     8  sys_exit.o(.text)
    _btod_d2e                                0x080011b1   Thumb Code    62  btod.o(CL$$btod_d2e)
    _d2e_denorm_low                          0x080011ef   Thumb Code    70  btod.o(CL$$btod_d2e_denorm_low)
    _d2e_norm_op1                            0x08001235   Thumb Code    96  btod.o(CL$$btod_d2e_norm_op1)
    __btod_div_common                        0x08001295   Thumb Code   696  btod.o(CL$$btod_div_common)
    _e2e                                     0x080015cd   Thumb Code   198  btod.o(CL$$btod_e2e)
    _btod_ediv                               0x08001693   Thumb Code    40  btod.o(CL$$btod_ediv)
    _btod_emul                               0x080016bb   Thumb Code    40  btod.o(CL$$btod_emul)
    __btod_mult_common                       0x080016e3   Thumb Code   580  btod.o(CL$$btod_mult_common)
    BusFault_Handler                         0x08001927   Thumb Code     4  gd32f4xx_it.o(i.BusFault_Handler)
    DebugMon_Handler                         0x0800192b   Thumb Code     2  gd32f4xx_it.o(i.DebugMon_Handler)
    HardFault_Handler                        0x0800192d   Thumb Code     4  gd32f4xx_it.o(i.HardFault_Handler)
    MemManage_Handler                        0x08001931   Thumb Code     4  gd32f4xx_it.o(i.MemManage_Handler)
    NMI_Handler                              0x08001935   Thumb Code     2  gd32f4xx_it.o(i.NMI_Handler)
    OLED_Clear                               0x08001961   Thumb Code    56  oled.o(i.OLED_Clear)
    OLED_DrawBMP                             0x08001999   Thumb Code   116  oled.o(i.OLED_DrawBMP)
    OLED_Gpio_Init                           0x08001a0d   Thumb Code   200  oled.o(i.OLED_Gpio_Init)
    OLED_Init                                0x08001ae1   Thumb Code   222  oled.o(i.OLED_Init)
    OLED_SPI_Send                            0x08001bc5   Thumb Code    42  oled.o(i.OLED_SPI_Send)
    OLED_Set_Pos                             0x08001bf5   Thumb Code    40  oled.o(i.OLED_Set_Pos)
    OLED_ShowCHinese                         0x08001c1d   Thumb Code    94  oled.o(i.OLED_ShowCHinese)
    OLED_Write_Cmd                           0x08001c81   Thumb Code    28  oled.o(i.OLED_Write_Cmd)
    OLED_Write_Data                          0x08001ca5   Thumb Code    28  oled.o(i.OLED_Write_Data)
    PendSV_Handler                           0x08001cc9   Thumb Code     2  gd32f4xx_it.o(i.PendSV_Handler)
    SVC_Handler                              0x08001ccb   Thumb Code     2  gd32f4xx_it.o(i.SVC_Handler)
    SysTick_Handler                          0x08001ccd   Thumb Code     8  gd32f4xx_it.o(i.SysTick_Handler)
    SystemInit                               0x08001cd5   Thumb Code    78  system_gd32f4xx.o(i.SystemInit)
    Uart0Printf                              0x08001d35   Thumb Code    64  gd32f4xx_xii-iot.o(i.Uart0Printf)
    Uart0WriteByte                           0x08001d7d   Thumb Code    28  gd32f4xx_xii-iot.o(i.Uart0WriteByte)
    UsageFault_Handler                       0x08001d9d   Thumb Code     4  gd32f4xx_it.o(i.UsageFault_Handler)
    __ARM_fpclassify                         0x08001da1   Thumb Code    48  fpclassify.o(i.__ARM_fpclassify)
    _is_digit                                0x08001dd1   Thumb Code    14  __printf_wp.o(i._is_digit)
    delay_1ms                                0x08001de1   Thumb Code    16  systick.o(i.delay_1ms)
    delay_decrement                          0x08001df5   Thumb Code    18  systick.o(i.delay_decrement)
    eeprom_buffer_read                       0x08001e0d   Thumb Code   320  at24cxx.o(i.eeprom_buffer_read)
    eeprom_buffer_write                      0x08001f59   Thumb Code   274  at24cxx.o(i.eeprom_buffer_write)
    eeprom_page_write                        0x0800206d   Thumb Code   172  at24cxx.o(i.eeprom_page_write)
    eeprom_wait_standby_state                0x08002125   Thumb Code   134  at24cxx.o(i.eeprom_wait_standby_state)
    gd_XII_systeminit                        0x080021b9   Thumb Code    52  gd32f4xx_xii-iot.o(i.gd_XII_systeminit)
    gd_eval_led_init                         0x080021ed   Thumb Code    70  gd32f4xx_xii-iot.o(i.gd_eval_led_init)
    gd_eval_led_on                           0x08002241   Thumb Code    16  gd32f4xx_xii-iot.o(i.gd_eval_led_on)
    gpio_af_set                              0x08002259   Thumb Code    94  gd32f4xx_gpio.o(i.gpio_af_set)
    gpio_bit_reset                           0x080022b7   Thumb Code     4  gd32f4xx_gpio.o(i.gpio_bit_reset)
    gpio_bit_set                             0x080022bb   Thumb Code     4  gd32f4xx_gpio.o(i.gpio_bit_set)
    gpio_mode_set                            0x080022bf   Thumb Code    78  gd32f4xx_gpio.o(i.gpio_mode_set)
    gpio_output_options_set                  0x0800230d   Thumb Code    66  gd32f4xx_gpio.o(i.gpio_output_options_set)
    i2c_ack_config                           0x0800234f   Thumb Code    24  gd32f4xx_i2c.o(i.i2c_ack_config)
    i2c_ackpos_config                        0x08002367   Thumb Code    22  gd32f4xx_i2c.o(i.i2c_ackpos_config)
    i2c_clock_config                         0x0800237d   Thumb Code   200  gd32f4xx_i2c.o(i.i2c_clock_config)
    i2c_config                               0x0800244d   Thumb Code    48  i2c.o(i.i2c_config)
    i2c_eeprom_init                          0x08002485   Thumb Code     8  at24cxx.o(i.i2c_eeprom_init)
    i2c_enable                               0x08002491   Thumb Code    10  gd32f4xx_i2c.o(i.i2c_enable)
    i2c_flag_clear                           0x0800249b   Thumb Code    18  gd32f4xx_i2c.o(i.i2c_flag_clear)
    i2c_flag_get                             0x080024ad   Thumb Code    50  gd32f4xx_i2c.o(i.i2c_flag_get)
    i2c_gpio_config                          0x080024e1   Thumb Code   100  i2c.o(i.i2c_gpio_config)
    i2c_master_addressing                    0x08002549   Thumb Code    20  gd32f4xx_i2c.o(i.i2c_master_addressing)
    i2c_mode_addr_config                     0x0800255d   Thumb Code    24  gd32f4xx_i2c.o(i.i2c_mode_addr_config)
    i2c_receive_data                         0x08002575   Thumb Code     8  gd32f4xx_i2c.o(i.i2c_receive_data)
    i2c_start_on_bus                         0x0800257d   Thumb Code    10  gd32f4xx_i2c.o(i.i2c_start_on_bus)
    i2c_stop_on_bus                          0x08002587   Thumb Code    10  gd32f4xx_i2c.o(i.i2c_stop_on_bus)
    i2c_transmit_data                        0x08002591   Thumb Code     4  gd32f4xx_i2c.o(i.i2c_transmit_data)
    main                                     0x08002595   Thumb Code    12  main.o(i.main)
    rcu_clock_freq_get                       0x080025a1   Thumb Code   264  gd32f4xx_rcu.o(i.rcu_clock_freq_get)
    rcu_periph_clock_enable                  0x080026c5   Thumb Code    32  gd32f4xx_rcu.o(i.rcu_periph_clock_enable)
    rcu_periph_reset_disable                 0x080026e9   Thumb Code    32  gd32f4xx_rcu.o(i.rcu_periph_reset_disable)
    rcu_periph_reset_enable                  0x0800270d   Thumb Code    32  gd32f4xx_rcu.o(i.rcu_periph_reset_enable)
    spi_enable                               0x08002731   Thumb Code    10  gd32f4xx_spi.o(i.spi_enable)
    spi_i2s_data_transmit                    0x0800273b   Thumb Code     4  gd32f4xx_spi.o(i.spi_i2s_data_transmit)
    spi_i2s_flag_get                         0x0800273f   Thumb Code    16  gd32f4xx_spi.o(i.spi_i2s_flag_get)
    spi_init                                 0x0800274f   Thumb Code    50  gd32f4xx_spi.o(i.spi_init)
    systemInit                               0x08002781   Thumb Code    42  test.o(i.systemInit)
    systick_config                           0x080028b5   Thumb Code    74  systick.o(i.systick_config)
    test2                                    0x08002905   Thumb Code   216  test.o(i.test2)
    usart5Init                               0x08002a0d   Thumb Code   182  gd32f4xx_xii-iot.o(i.usart5Init)
    usart_baudrate_set                       0x08002ad9   Thumb Code   232  gd32f4xx_usart.o(i.usart_baudrate_set)
    usart_data_transmit                      0x08002bc9   Thumb Code     8  gd32f4xx_usart.o(i.usart_data_transmit)
    usart_deinit                             0x08002bd1   Thumb Code   210  gd32f4xx_usart.o(i.usart_deinit)
    usart_enable                             0x08002cad   Thumb Code    10  gd32f4xx_usart.o(i.usart_enable)
    usart_flag_get                           0x08002cb7   Thumb Code    30  gd32f4xx_usart.o(i.usart_flag_get)
    usart_receive_config                     0x08002cd5   Thumb Code    16  gd32f4xx_usart.o(i.usart_receive_config)
    usart_transmit_config                    0x08002ce5   Thumb Code    16  gd32f4xx_usart.o(i.usart_transmit_config)
    _get_lc_numeric                          0x08002cf5   Thumb Code    44  lc_numeric_c.o(locale$$code)
    _get_lc_ctype                            0x08002d21   Thumb Code    44  lc_ctype_c.o(locale$$code)
    __aeabi_ddiv                             0x08002d4d   Thumb Code     0  ddiv.o(x$fpl$ddiv)
    _ddiv                                    0x08002d4d   Thumb Code   552  ddiv.o(x$fpl$ddiv)
    __aeabi_d2iz                             0x08002ffd   Thumb Code     0  dfix.o(x$fpl$dfix)
    _dfix                                    0x08002ffd   Thumb Code    94  dfix.o(x$fpl$dfix)
    __aeabi_i2d                              0x0800305b   Thumb Code     0  dflt_clz.o(x$fpl$dflt)
    _dflt                                    0x0800305b   Thumb Code    46  dflt_clz.o(x$fpl$dflt)
    __aeabi_dmul                             0x08003089   Thumb Code     0  dmul.o(x$fpl$dmul)
    _dmul                                    0x08003089   Thumb Code   332  dmul.o(x$fpl$dmul)
    __fpl_dnaninf                            0x080031dd   Thumb Code   156  dnaninf.o(x$fpl$dnaninf)
    __fpl_dretinf                            0x08003279   Thumb Code    12  dretinf.o(x$fpl$dretinf)
    _fp_init                                 0x08003285   Thumb Code    10  fpinit.o(x$fpl$fpinit)
    __fplib_config_fpu_vfp                   0x0800328d   Thumb Code     0  fpinit.o(x$fpl$fpinit)
    __fplib_config_pureend_doubles           0x0800328d   Thumb Code     0  fpinit.o(x$fpl$fpinit)
    _printf_fp_dec                           0x0800328f   Thumb Code     4  printf1.o(x$fpl$printf1)
    __I$use$fp                               0x08003292   Number         0  usenofp.o(x$fpl$usenofp)
    Region$$Table$$Base                      0x0800336c   Number         0  anon$$obj.o(Region$$Table)
    Region$$Table$$Limit                     0x0800338c   Number         0  anon$$obj.o(Region$$Table)
    __ctype                                  0x080033b5   Data           0  lc_ctype_c.o(locale$$data)
    SystemCoreClock                          0x20000004   Data           4  system_gd32f4xx.o(.data)
    Hzk                                      0x2000014c   Data         192  oled.o(.data)
    eeprom_address                           0x2000020c   Data           2  at24cxx.o(.data)
    BMP1                                     0x2000020e   Data        1024  test.o(.data)
    BMP2                                     0x2000060e   Data        1024  test.o(.data)
    tab                                      0x20000a0e   Data          14  test.o(.data)
    s                                        0x20000a1c   Data          16  test.o(.data)
    s1                                       0x20000a2c   Data          11  test.o(.data)
    s2                                       0x20000a37   Data          17  test.o(.data)
    arr                                      0x20000a48   Data           3  test.o(.data)
    read_back_hex                            0x20000a4b   Data           1  test.o(.data)
    start_flag                               0x20000a4c   Data           1  test.o(.data)
    get_rand_num                             0x20000a4d   Data           1  test.o(.data)
    _random_number_data                      0x20000ad0   Data         228  rand.o(.bss)
    __libspace_start                         0x20000bb4   Data          96  libspace.o(.bss)
    __temporary_stack_top$libspace           0x20000c14   Data           0  libspace.o(.bss)



==============================================================================

Memory Map of the image

  Image Entry point : 0x08000355

  Load Region LR_1 (Base: 0x08000000, Size: 0x00003f08, Max: 0xffffffff, ABSOLUTE, COMPRESSED[0x000037b8])

    Execution Region ER_RO (Base: 0x08000000, Size: 0x000034b8, Max: 0xffffffff, ABSOLUTE)

    Base Addr    Size         Type   Attr      Idx    E Section Name        Object

    0x08000000   0x00000188   Data   RO         5810    RESET               startup_gd32f407.o
    0x08000188   0x00000008   Code   RO         6084  * !!!main             c_w.l(__main.o)
    0x08000190   0x00000034   Code   RO         6417    !!!scatter          c_w.l(__scatter.o)
    0x080001c4   0x00000064   Code   RO         6415    !!dclz77c           c_w.l(__dclz77c.o)
    0x08000228   0x0000001c   Code   RO         6419    !!handler_zi        c_w.l(__scatter_zi.o)
    0x08000244   0x00000000   Code   RO         6184    .ARM.Collect$$_printf_percent$$00000000  c_w.l(_printf_percent.o)
    0x08000244   0x00000006   Code   RO         6173    .ARM.Collect$$_printf_percent$$00000001  c_w.l(_printf_n.o)
    0x0800024a   0x00000006   Code   RO         6175    .ARM.Collect$$_printf_percent$$00000002  c_w.l(_printf_p.o)
    0x08000250   0x00000006   Code   RO         6180    .ARM.Collect$$_printf_percent$$00000003  c_w.l(_printf_f.o)
    0x08000256   0x00000006   Code   RO         6181    .ARM.Collect$$_printf_percent$$00000004  c_w.l(_printf_e.o)
    0x0800025c   0x00000006   Code   RO         6182    .ARM.Collect$$_printf_percent$$00000005  c_w.l(_printf_g.o)
    0x08000262   0x00000006   Code   RO         6183    .ARM.Collect$$_printf_percent$$00000006  c_w.l(_printf_a.o)
    0x08000268   0x0000000a   Code   RO         6188    .ARM.Collect$$_printf_percent$$00000007  c_w.l(_printf_ll.o)
    0x08000272   0x00000006   Code   RO         6177    .ARM.Collect$$_printf_percent$$00000008  c_w.l(_printf_i.o)
    0x08000278   0x00000006   Code   RO         6178    .ARM.Collect$$_printf_percent$$00000009  c_w.l(_printf_d.o)
    0x0800027e   0x00000006   Code   RO         6179    .ARM.Collect$$_printf_percent$$0000000A  c_w.l(_printf_u.o)
    0x08000284   0x00000006   Code   RO         6176    .ARM.Collect$$_printf_percent$$0000000B  c_w.l(_printf_o.o)
    0x0800028a   0x00000006   Code   RO         6174    .ARM.Collect$$_printf_percent$$0000000C  c_w.l(_printf_x.o)
    0x08000290   0x00000006   Code   RO         6185    .ARM.Collect$$_printf_percent$$0000000D  c_w.l(_printf_lli.o)
    0x08000296   0x00000006   Code   RO         6186    .ARM.Collect$$_printf_percent$$0000000E  c_w.l(_printf_lld.o)
    0x0800029c   0x00000006   Code   RO         6187    .ARM.Collect$$_printf_percent$$0000000F  c_w.l(_printf_llu.o)
    0x080002a2   0x00000006   Code   RO         6192    .ARM.Collect$$_printf_percent$$00000010  c_w.l(_printf_llo.o)
    0x080002a8   0x00000006   Code   RO         6193    .ARM.Collect$$_printf_percent$$00000011  c_w.l(_printf_llx.o)
    0x080002ae   0x0000000a   Code   RO         6189    .ARM.Collect$$_printf_percent$$00000012  c_w.l(_printf_l.o)
    0x080002b8   0x00000006   Code   RO         6171    .ARM.Collect$$_printf_percent$$00000013  c_w.l(_printf_c.o)
    0x080002be   0x00000006   Code   RO         6172    .ARM.Collect$$_printf_percent$$00000014  c_w.l(_printf_s.o)
    0x080002c4   0x00000006   Code   RO         6190    .ARM.Collect$$_printf_percent$$00000015  c_w.l(_printf_lc.o)
    0x080002ca   0x00000006   Code   RO         6191    .ARM.Collect$$_printf_percent$$00000016  c_w.l(_printf_ls.o)
    0x080002d0   0x00000004   Code   RO         6273    .ARM.Collect$$_printf_percent$$00000017  c_w.l(_printf_percent_end.o)
    0x080002d4   0x00000002   Code   RO         6330    .ARM.Collect$$libinit$$00000000  c_w.l(libinit.o)
    0x080002d6   0x00000004   Code   RO         6194    .ARM.Collect$$libinit$$00000001  c_w.l(libinit2.o)
    0x080002da   0x00000000   Code   RO         6197    .ARM.Collect$$libinit$$00000004  c_w.l(libinit2.o)
    0x080002da   0x00000000   Code   RO         6200    .ARM.Collect$$libinit$$0000000A  c_w.l(libinit2.o)
    0x080002da   0x00000000   Code   RO         6202    .ARM.Collect$$libinit$$0000000C  c_w.l(libinit2.o)
    0x080002da   0x00000004   Code   RO         6203    .ARM.Collect$$libinit$$0000000D  c_w.l(libinit2.o)
    0x080002de   0x00000000   Code   RO         6204    .ARM.Collect$$libinit$$0000000E  c_w.l(libinit2.o)
    0x080002de   0x00000006   Code   RO         6205    .ARM.Collect$$libinit$$0000000F  c_w.l(libinit2.o)
    0x080002e4   0x00000000   Code   RO         6207    .ARM.Collect$$libinit$$00000011  c_w.l(libinit2.o)
    0x080002e4   0x0000000c   Code   RO         6208    .ARM.Collect$$libinit$$00000012  c_w.l(libinit2.o)
    0x080002f0   0x00000000   Code   RO         6209    .ARM.Collect$$libinit$$00000013  c_w.l(libinit2.o)
    0x080002f0   0x00000000   Code   RO         6211    .ARM.Collect$$libinit$$00000015  c_w.l(libinit2.o)
    0x080002f0   0x0000000a   Code   RO         6212    .ARM.Collect$$libinit$$00000016  c_w.l(libinit2.o)
    0x080002fa   0x00000000   Code   RO         6213    .ARM.Collect$$libinit$$00000017  c_w.l(libinit2.o)
    0x080002fa   0x00000000   Code   RO         6215    .ARM.Collect$$libinit$$00000019  c_w.l(libinit2.o)
    0x080002fa   0x00000000   Code   RO         6217    .ARM.Collect$$libinit$$0000001B  c_w.l(libinit2.o)
    0x080002fa   0x00000000   Code   RO         6219    .ARM.Collect$$libinit$$0000001D  c_w.l(libinit2.o)
    0x080002fa   0x00000000   Code   RO         6221    .ARM.Collect$$libinit$$0000001F  c_w.l(libinit2.o)
    0x080002fa   0x00000000   Code   RO         6223    .ARM.Collect$$libinit$$00000021  c_w.l(libinit2.o)
    0x080002fa   0x00000000   Code   RO         6225    .ARM.Collect$$libinit$$00000023  c_w.l(libinit2.o)
    0x080002fa   0x00000000   Code   RO         6227    .ARM.Collect$$libinit$$00000025  c_w.l(libinit2.o)
    0x080002fa   0x00000000   Code   RO         6231    .ARM.Collect$$libinit$$0000002C  c_w.l(libinit2.o)
    0x080002fa   0x00000000   Code   RO         6233    .ARM.Collect$$libinit$$0000002E  c_w.l(libinit2.o)
    0x080002fa   0x00000000   Code   RO         6235    .ARM.Collect$$libinit$$00000030  c_w.l(libinit2.o)
    0x080002fa   0x00000000   Code   RO         6237    .ARM.Collect$$libinit$$00000032  c_w.l(libinit2.o)
    0x080002fa   0x00000002   Code   RO         6238    .ARM.Collect$$libinit$$00000033  c_w.l(libinit2.o)
    0x080002fc   0x00000002   Code   RO         6377    .ARM.Collect$$libshutdown$$00000000  c_w.l(libshutdown.o)
    0x080002fe   0x00000000   Code   RO         6384    .ARM.Collect$$libshutdown$$00000003  c_w.l(libshutdown2.o)
    0x080002fe   0x00000000   Code   RO         6387    .ARM.Collect$$libshutdown$$00000006  c_w.l(libshutdown2.o)
    0x080002fe   0x00000000   Code   RO         6390    .ARM.Collect$$libshutdown$$00000009  c_w.l(libshutdown2.o)
    0x080002fe   0x00000000   Code   RO         6392    .ARM.Collect$$libshutdown$$0000000B  c_w.l(libshutdown2.o)
    0x080002fe   0x00000000   Code   RO         6395    .ARM.Collect$$libshutdown$$0000000E  c_w.l(libshutdown2.o)
    0x080002fe   0x00000002   Code   RO         6396    .ARM.Collect$$libshutdown$$0000000F  c_w.l(libshutdown2.o)
    0x08000300   0x00000000   Code   RO         6102    .ARM.Collect$$rtentry$$00000000  c_w.l(__rtentry.o)
    0x08000300   0x00000000   Code   RO         6247    .ARM.Collect$$rtentry$$00000002  c_w.l(__rtentry2.o)
    0x08000300   0x00000006   Code   RO         6259    .ARM.Collect$$rtentry$$00000004  c_w.l(__rtentry4.o)
    0x08000306   0x00000000   Code   RO         6249    .ARM.Collect$$rtentry$$00000009  c_w.l(__rtentry2.o)
    0x08000306   0x00000004   Code   RO         6250    .ARM.Collect$$rtentry$$0000000A  c_w.l(__rtentry2.o)
    0x0800030a   0x00000000   Code   RO         6252    .ARM.Collect$$rtentry$$0000000C  c_w.l(__rtentry2.o)
    0x0800030a   0x00000008   Code   RO         6253    .ARM.Collect$$rtentry$$0000000D  c_w.l(__rtentry2.o)
    0x08000312   0x00000002   Code   RO         6340    .ARM.Collect$$rtexit$$00000000  c_w.l(rtexit.o)
    0x08000314   0x00000000   Code   RO         6357    .ARM.Collect$$rtexit$$00000002  c_w.l(rtexit2.o)
    0x08000314   0x00000004   Code   RO         6358    .ARM.Collect$$rtexit$$00000003  c_w.l(rtexit2.o)
    0x08000318   0x00000006   Code   RO         6359    .ARM.Collect$$rtexit$$00000004  c_w.l(rtexit2.o)
    0x0800031e   0x00000002   PAD
    0x08000320   0x00000034   Code   RO         6077    .emb_text           c_w.l(rand.o)
    0x08000354   0x00000040   Code   RO         5811  * .text               startup_gd32f407.o
    0x08000394   0x00000024   Code   RO         6075    .text               c_w.l(c89vsprintf.o)
    0x080003b8   0x0000003c   Code   RO         6078    .text               c_w.l(rand.o)
    0x080003f4   0x00000006   Code   RO         6082    .text               c_w.l(heapauxi.o)
    0x080003fa   0x0000004e   Code   RO         6105    .text               c_w.l(_printf_pad.o)
    0x08000448   0x00000024   Code   RO         6107    .text               c_w.l(_printf_truncate.o)
    0x0800046c   0x00000052   Code   RO         6109    .text               c_w.l(_printf_str.o)
    0x080004be   0x00000002   PAD
    0x080004c0   0x00000078   Code   RO         6111    .text               c_w.l(_printf_dec.o)
    0x08000538   0x00000028   Code   RO         6113    .text               c_w.l(_printf_charcount.o)
    0x08000560   0x00000030   Code   RO         6115    .text               c_w.l(_printf_char_common.o)
    0x08000590   0x0000000a   Code   RO         6117    .text               c_w.l(_sputc.o)
    0x0800059a   0x00000002   PAD
    0x0800059c   0x000000bc   Code   RO         6119    .text               c_w.l(_printf_wctomb.o)
    0x08000658   0x0000007c   Code   RO         6122    .text               c_w.l(_printf_longlong_dec.o)
    0x080006d4   0x00000070   Code   RO         6128    .text               c_w.l(_printf_oct_int_ll.o)
    0x08000744   0x00000094   Code   RO         6148    .text               c_w.l(_printf_hex_int_ll_ptr.o)
    0x080007d8   0x00000188   Code   RO         6168    .text               c_w.l(__printf_flags_ss_wp.o)
    0x08000960   0x0000008a   Code   RO         6261    .text               c_w.l(lludiv10.o)
    0x080009ea   0x000000b2   Code   RO         6263    .text               c_w.l(_printf_intcommon.o)
    0x08000a9c   0x0000041a   Code   RO         6265    .text               c_w.l(_printf_fp_dec.o)
    0x08000eb6   0x0000002c   Code   RO         6269    .text               c_w.l(_printf_char.o)
    0x08000ee2   0x0000002c   Code   RO         6271    .text               c_w.l(_printf_wchar.o)
    0x08000f0e   0x00000040   Code   RO         6274    .text               c_w.l(_wcrtomb.o)
    0x08000f4e   0x0000004a   Code   RO         6280    .text               c_w.l(sys_stackheap_outer.o)
    0x08000f98   0x00000010   Code   RO         6282    .text               c_w.l(rt_ctype_table.o)
    0x08000fa8   0x00000008   Code   RO         6287    .text               c_w.l(rt_locale_intlibspace.o)
    0x08000fb0   0x00000080   Code   RO         6289    .text               c_w.l(_printf_fp_infnan.o)
    0x08001030   0x000000dc   Code   RO         6291    .text               c_w.l(bigflt0.o)
    0x0800110c   0x0000000c   Code   RO         6319    .text               c_w.l(exit.o)
    0x08001118   0x00000008   Code   RO         6337    .text               c_w.l(libspace.o)
    0x08001120   0x00000080   Code   RO         6351    .text               c_w.l(strcmpv7m.o)
    0x080011a0   0x00000002   Code   RO         6353    .text               c_w.l(use_no_semi.o)
    0x080011a2   0x00000000   Code   RO         6355    .text               c_w.l(indicate_semi.o)
    0x080011a2   0x00000002   PAD
    0x080011a4   0x0000000c   Code   RO         6369    .text               c_w.l(sys_exit.o)
    0x080011b0   0x0000003e   Code   RO         6294    CL$$btod_d2e        c_w.l(btod.o)
    0x080011ee   0x00000046   Code   RO         6296    CL$$btod_d2e_denorm_low  c_w.l(btod.o)
    0x08001234   0x00000060   Code   RO         6295    CL$$btod_d2e_norm_op1  c_w.l(btod.o)
    0x08001294   0x00000338   Code   RO         6304    CL$$btod_div_common  c_w.l(btod.o)
    0x080015cc   0x000000c6   Code   RO         6301    CL$$btod_e2e        c_w.l(btod.o)
    0x08001692   0x00000028   Code   RO         6298    CL$$btod_ediv       c_w.l(btod.o)
    0x080016ba   0x00000028   Code   RO         6297    CL$$btod_emul       c_w.l(btod.o)
    0x080016e2   0x00000244   Code   RO         6303    CL$$btod_mult_common  c_w.l(btod.o)
    0x08001926   0x00000004   Code   RO            3    i.BusFault_Handler  gd32f4xx_it.o
    0x0800192a   0x00000002   Code   RO            4    i.DebugMon_Handler  gd32f4xx_it.o
    0x0800192c   0x00000004   Code   RO            5    i.HardFault_Handler  gd32f4xx_it.o
    0x08001930   0x00000004   Code   RO            6    i.MemManage_Handler  gd32f4xx_it.o
    0x08001934   0x00000002   Code   RO            7    i.NMI_Handler       gd32f4xx_it.o
    0x08001936   0x00000002   PAD
    0x08001938   0x00000028   Code   RO          219    i.NVIC_SetPriority  systick.o
    0x08001960   0x00000038   Code   RO         5817    i.OLED_Clear        oled.o
    0x08001998   0x00000074   Code   RO         5820    i.OLED_DrawBMP      oled.o
    0x08001a0c   0x000000d4   Code   RO         5821    i.OLED_Gpio_Init    oled.o
    0x08001ae0   0x000000e4   Code   RO         5822    i.OLED_Init         oled.o
    0x08001bc4   0x00000030   Code   RO         5823    i.OLED_SPI_Send     oled.o
    0x08001bf4   0x00000028   Code   RO         5824    i.OLED_Set_Pos      oled.o
    0x08001c1c   0x00000064   Code   RO         5825    i.OLED_ShowCHinese  oled.o
    0x08001c80   0x00000024   Code   RO         5830    i.OLED_Write_Cmd    oled.o
    0x08001ca4   0x00000024   Code   RO         5831    i.OLED_Write_Data   oled.o
    0x08001cc8   0x00000002   Code   RO            8    i.PendSV_Handler    gd32f4xx_it.o
    0x08001cca   0x00000002   Code   RO            9    i.SVC_Handler       gd32f4xx_it.o
    0x08001ccc   0x00000008   Code   RO           10    i.SysTick_Handler   gd32f4xx_it.o
    0x08001cd4   0x00000060   Code   RO          263    i.SystemInit        system_gd32f4xx.o
    0x08001d34   0x00000048   Code   RO         5675    i.Uart0Printf       gd32f4xx_xii-iot.o
    0x08001d7c   0x00000020   Code   RO         5676    i.Uart0WriteByte    gd32f4xx_xii-iot.o
    0x08001d9c   0x00000004   Code   RO           11    i.UsageFault_Handler  gd32f4xx_it.o
    0x08001da0   0x00000030   Code   RO         6333    i.__ARM_fpclassify  m_wm.l(fpclassify.o)
    0x08001dd0   0x0000000e   Code   RO         6161    i._is_digit         c_w.l(__printf_wp.o)
    0x08001dde   0x00000002   PAD
    0x08001de0   0x00000014   Code   RO          220    i.delay_1ms         systick.o
    0x08001df4   0x00000018   Code   RO          221    i.delay_decrement   systick.o
    0x08001e0c   0x0000014c   Code   RO         5937    i.eeprom_buffer_read  at24cxx.o
    0x08001f58   0x00000112   Code   RO         5938    i.eeprom_buffer_write  at24cxx.o
    0x0800206a   0x00000002   PAD
    0x0800206c   0x000000b8   Code   RO         5940    i.eeprom_page_write  at24cxx.o
    0x08002124   0x00000094   Code   RO         5941    i.eeprom_wait_standby_state  at24cxx.o
    0x080021b8   0x00000034   Code   RO         5678    i.gd_XII_systeminit  gd32f4xx_xii-iot.o
    0x080021ec   0x00000054   Code   RO         5684    i.gd_eval_led_init  gd32f4xx_xii-iot.o
    0x08002240   0x00000018   Code   RO         5686    i.gd_eval_led_on    gd32f4xx_xii-iot.o
    0x08002258   0x0000005e   Code   RO         2745    i.gpio_af_set       gd32f4xx_gpio.o
    0x080022b6   0x00000004   Code   RO         2746    i.gpio_bit_reset    gd32f4xx_gpio.o
    0x080022ba   0x00000004   Code   RO         2747    i.gpio_bit_set      gd32f4xx_gpio.o
    0x080022be   0x0000004e   Code   RO         2753    i.gpio_mode_set     gd32f4xx_gpio.o
    0x0800230c   0x00000042   Code   RO         2755    i.gpio_output_options_set  gd32f4xx_gpio.o
    0x0800234e   0x00000018   Code   RO         2849    i.i2c_ack_config    gd32f4xx_i2c.o
    0x08002366   0x00000016   Code   RO         2850    i.i2c_ackpos_config  gd32f4xx_i2c.o
    0x0800237c   0x000000d0   Code   RO         2853    i.i2c_clock_config  gd32f4xx_i2c.o
    0x0800244c   0x00000038   Code   RO         6000    i.i2c_config        i2c.o
    0x08002484   0x0000000c   Code   RO         5942    i.i2c_eeprom_init   at24cxx.o
    0x08002490   0x0000000a   Code   RO         2860    i.i2c_enable        gd32f4xx_i2c.o
    0x0800249a   0x00000012   Code   RO         2861    i.i2c_flag_clear    gd32f4xx_i2c.o
    0x080024ac   0x00000032   Code   RO         2862    i.i2c_flag_get      gd32f4xx_i2c.o
    0x080024de   0x00000002   PAD
    0x080024e0   0x00000068   Code   RO         6001    i.i2c_gpio_config   i2c.o
    0x08002548   0x00000014   Code   RO         2865    i.i2c_master_addressing  gd32f4xx_i2c.o
    0x0800255c   0x00000018   Code   RO         2866    i.i2c_mode_addr_config  gd32f4xx_i2c.o
    0x08002574   0x00000008   Code   RO         2870    i.i2c_receive_data  gd32f4xx_i2c.o
    0x0800257c   0x0000000a   Code   RO         2884    i.i2c_start_on_bus  gd32f4xx_i2c.o
    0x08002586   0x0000000a   Code   RO         2885    i.i2c_stop_on_bus   gd32f4xx_i2c.o
    0x08002590   0x00000004   Code   RO         2887    i.i2c_transmit_data  gd32f4xx_i2c.o
    0x08002594   0x0000000c   Code   RO          196    i.main              main.o
    0x080025a0   0x00000124   Code   RO         3492    i.rcu_clock_freq_get  gd32f4xx_rcu.o
    0x080026c4   0x00000024   Code   RO         3511    i.rcu_periph_clock_enable  gd32f4xx_rcu.o
    0x080026e8   0x00000024   Code   RO         3514    i.rcu_periph_reset_disable  gd32f4xx_rcu.o
    0x0800270c   0x00000024   Code   RO         3515    i.rcu_periph_reset_enable  gd32f4xx_rcu.o
    0x08002730   0x0000000a   Code   RO         4351    i.spi_enable        gd32f4xx_spi.o
    0x0800273a   0x00000004   Code   RO         4354    i.spi_i2s_data_transmit  gd32f4xx_spi.o
    0x0800273e   0x00000010   Code   RO         4356    i.spi_i2s_flag_get  gd32f4xx_spi.o
    0x0800274e   0x00000032   Code   RO         4360    i.spi_init          gd32f4xx_spi.o
    0x08002780   0x00000030   Code   RO         6027    i.systemInit        test.o
    0x080027b0   0x000000fc   Code   RO          264    i.system_clock_200m_irc16m  system_gd32f4xx.o
    0x080028ac   0x00000008   Code   RO          265    i.system_clock_config  system_gd32f4xx.o
    0x080028b4   0x00000050   Code   RO          222    i.systick_config    systick.o
    0x08002904   0x00000108   Code   RO         6029    i.test2             test.o
    0x08002a0c   0x000000cc   Code   RO         5692    i.usart5Init        gd32f4xx_xii-iot.o
    0x08002ad8   0x000000f0   Code   RO         5282    i.usart_baudrate_set  gd32f4xx_usart.o
    0x08002bc8   0x00000008   Code   RO         5287    i.usart_data_transmit  gd32f4xx_usart.o
    0x08002bd0   0x000000dc   Code   RO         5288    i.usart_deinit      gd32f4xx_usart.o
    0x08002cac   0x0000000a   Code   RO         5292    i.usart_enable      gd32f4xx_usart.o
    0x08002cb6   0x0000001e   Code   RO         5294    i.usart_flag_get    gd32f4xx_usart.o
    0x08002cd4   0x00000010   Code   RO         5318    i.usart_receive_config  gd32f4xx_usart.o
    0x08002ce4   0x00000010   Code   RO         5333    i.usart_transmit_config  gd32f4xx_usart.o
    0x08002cf4   0x0000002c   Code   RO         6317    locale$$code        c_w.l(lc_numeric_c.o)
    0x08002d20   0x0000002c   Code   RO         6345    locale$$code        c_w.l(lc_ctype_c.o)
    0x08002d4c   0x000002b0   Code   RO         6087    x$fpl$ddiv          fz_wm.l(ddiv.o)
    0x08002ffc   0x0000005e   Code   RO         6090    x$fpl$dfix          fz_wm.l(dfix.o)
    0x0800305a   0x0000002e   Code   RO         6095    x$fpl$dflt          fz_wm.l(dflt_clz.o)
    0x08003088   0x00000154   Code   RO         6100    x$fpl$dmul          fz_wm.l(dmul.o)
    0x080031dc   0x0000009c   Code   RO         6239    x$fpl$dnaninf       fz_wm.l(dnaninf.o)
    0x08003278   0x0000000c   Code   RO         6241    x$fpl$dretinf       fz_wm.l(dretinf.o)
    0x08003284   0x0000000a   Code   RO         6278    x$fpl$fpinit        fz_wm.l(fpinit.o)
    0x0800328e   0x00000004   Code   RO         6243    x$fpl$printf1       fz_wm.l(printf1.o)
    0x08003292   0x00000000   Code   RO         6245    x$fpl$usenofp       fz_wm.l(usenofp.o)
    0x08003292   0x00000002   PAD
    0x08003294   0x00000008   Data   RO         6120    .constdata          c_w.l(_printf_wctomb.o)
    0x0800329c   0x00000028   Data   RO         6149    .constdata          c_w.l(_printf_hex_int_ll_ptr.o)
    0x080032c4   0x00000011   Data   RO         6169    .constdata          c_w.l(__printf_flags_ss_wp.o)
    0x080032d5   0x00000003   PAD
    0x080032d8   0x00000094   Data   RO         6292    .constdata          c_w.l(bigflt0.o)
    0x0800336c   0x00000020   Data   RO         6413    Region$$Table       anon$$obj.o
    0x0800338c   0x0000001c   Data   RO         6316    locale$$data        c_w.l(lc_numeric_c.o)
    0x080033a8   0x00000110   Data   RO         6344    locale$$data        c_w.l(lc_ctype_c.o)


    Execution Region ER_RW (Base: 0x20000000, Size: 0x00000a50, Max: 0xffffffff, ABSOLUTE, COMPRESSED[0x00000300])

    Base Addr    Size         Type   Attr      Idx    E Section Name        Object

    0x20000000   0x00000004   Data   RW          223    .data               systick.o
    0x20000004   0x00000004   Data   RW          266    .data               system_gd32f4xx.o
    0x20000008   0x00000144   Data   RW         5694    .data               gd32f4xx_xii-iot.o
    0x2000014c   0x000000c0   Data   RW         5834    .data               oled.o
    0x2000020c   0x00000002   Data   RW         5943    .data               at24cxx.o
    0x2000020e   0x00000840   Data   RW         6032    .data               test.o


    Execution Region ER_ZI (Base: 0x20000a50, Size: 0x000009c8, Max: 0xffffffff, ABSOLUTE)

    Base Addr    Size         Type   Attr      Idx    E Section Name        Object

    0x20000a50   0x00000080   Zero   RW         5693    .bss                gd32f4xx_xii-iot.o
    0x20000ad0   0x000000e4   Zero   RW         6079    .bss                c_w.l(rand.o)
    0x20000bb4   0x00000060   Zero   RW         6338    .bss                c_w.l(libspace.o)
    0x20000c14   0x00000004   PAD
    0x20000c18   0x00000400   Zero   RW         5809    HEAP                startup_gd32f407.o
    0x20001018   0x00000400   Zero   RW         5808    STACK               startup_gd32f407.o


==============================================================================

Image component sizes


      Code (inc. data)   RO Data    RW Data    ZI Data      Debug   Object Name

       950         42          0          2          0       4622   at24cxx.o
       246          0          0          0          0       4144   gd32f4xx_gpio.o
       408          8          0          0          0       9152   gd32f4xx_i2c.o
        32          0          0          0          0      57002   gd32f4xx_it.o
       400         40          0          0          0       3992   gd32f4xx_rcu.o
        80          0          0          0          0       3595   gd32f4xx_spi.o
       540         18          0          0          0       5513   gd32f4xx_usart.o
       468         56          0        324        128       9916   gd32f4xx_xii-iot.o
       160         12          0          0          0       1119   i2c.o
        12          0          0          0          0        511   main.o
       872         46          0        192          0       6663   oled.o
        64         26        392          0       2048       1036   startup_gd32f407.o
       356         32          0          4          0       2355   system_gd32f4xx.o
       164         24          0          4          0      28838   systick.o
       312         54          0       2112          0       3081   test.o

    ----------------------------------------------------------------------
      5070        358        424       2640       2176     141539   Object Totals
         0          0         32          0          0          0   (incl. Generated)
         6          0          0          2          0          0   (incl. Padding)

    ----------------------------------------------------------------------

      Code (inc. data)   RO Data    RW Data    ZI Data      Debug   Library Member Name

       100          0          0          0          0          0   __dclz77c.o
         8          0          0          0          0         68   __main.o
       392          4         17          0          0         92   __printf_flags_ss_wp.o
        14          0          0          0          0         68   __printf_wp.o
         0          0          0          0          0          0   __rtentry.o
        12          0          0          0          0          0   __rtentry2.o
         6          0          0          0          0          0   __rtentry4.o
        52          8          0          0          0          0   __scatter.o
        28          0          0          0          0          0   __scatter_zi.o
         6          0          0          0          0          0   _printf_a.o
         6          0          0          0          0          0   _printf_c.o
        44          0          0          0          0        108   _printf_char.o
        48          6          0          0          0         96   _printf_char_common.o
        40          0          0          0          0         68   _printf_charcount.o
         6          0          0          0          0          0   _printf_d.o
       120         16          0          0          0         92   _printf_dec.o
         6          0          0          0          0          0   _printf_e.o
         6          0          0          0          0          0   _printf_f.o
      1050          0          0          0          0        216   _printf_fp_dec.o
       128         16          0          0          0         84   _printf_fp_infnan.o
         6          0          0          0          0          0   _printf_g.o
       148          4         40          0          0        160   _printf_hex_int_ll_ptr.o
         6          0          0          0          0          0   _printf_i.o
       178          0          0          0          0         88   _printf_intcommon.o
        10          0          0          0          0          0   _printf_l.o
         6          0          0          0          0          0   _printf_lc.o
        10          0          0          0          0          0   _printf_ll.o
         6          0          0          0          0          0   _printf_lld.o
         6          0          0          0          0          0   _printf_lli.o
         6          0          0          0          0          0   _printf_llo.o
         6          0          0          0          0          0   _printf_llu.o
         6          0          0          0          0          0   _printf_llx.o
       124         16          0          0          0         92   _printf_longlong_dec.o
         6          0          0          0          0          0   _printf_ls.o
         6          0          0          0          0          0   _printf_n.o
         6          0          0          0          0          0   _printf_o.o
       112          8          0          0          0        124   _printf_oct_int_ll.o
         6          0          0          0          0          0   _printf_p.o
        78          0          0          0          0        108   _printf_pad.o
         0          0          0          0          0          0   _printf_percent.o
         4          0          0          0          0          0   _printf_percent_end.o
         6          0          0          0          0          0   _printf_s.o
        82          0          0          0          0         80   _printf_str.o
        36          0          0          0          0         84   _printf_truncate.o
         6          0          0          0          0          0   _printf_u.o
        44          0          0          0          0        108   _printf_wchar.o
       188          6          8          0          0         92   _printf_wctomb.o
         6          0          0          0          0          0   _printf_x.o
        10          0          0          0          0         68   _sputc.o
        64          0          0          0          0         92   _wcrtomb.o
       220          4        148          0          0         96   bigflt0.o
      1910        128          0          0          0        672   btod.o
        36          4          0          0          0         76   c89vsprintf.o
        12          0          0          0          0         72   exit.o
         6          0          0          0          0        152   heapauxi.o
         0          0          0          0          0          0   indicate_semi.o
        44         10        272          0          0         76   lc_ctype_c.o
        44         10         28          0          0         76   lc_numeric_c.o
         2          0          0          0          0          0   libinit.o
        38          0          0          0          0          0   libinit2.o
         2          0          0          0          0          0   libshutdown.o
         2          0          0          0          0          0   libshutdown2.o
         8          4          0          0         96         68   libspace.o
       138          0          0          0          0         80   lludiv10.o
       112         18          0          0        228        160   rand.o
        16          4          0          0          0         76   rt_ctype_table.o
         8          4          0          0          0         68   rt_locale_intlibspace.o
         2          0          0          0          0          0   rtexit.o
        10          0          0          0          0          0   rtexit2.o
       128          0          0          0          0         68   strcmpv7m.o
        12          4          0          0          0         68   sys_exit.o
        74          0          0          0          0         80   sys_stackheap_outer.o
         2          0          0          0          0         68   use_no_semi.o
       688        140          0          0          0        256   ddiv.o
        94          4          0          0          0        140   dfix.o
        46          0          0          0          0        116   dflt_clz.o
       340         12          0          0          0        152   dmul.o
       156          4          0          0          0        140   dnaninf.o
        12          0          0          0          0        116   dretinf.o
        10          0          0          0          0        116   fpinit.o
         4          0          0          0          0        116   printf1.o
         0          0          0          0          0          0   usenofp.o
        48          0          0          0          0        124   fpclassify.o

    ----------------------------------------------------------------------
      7486        434        516          0        328       5220   Library Totals
        12          0          3          0          4          0   (incl. Padding)

    ----------------------------------------------------------------------

      Code (inc. data)   RO Data    RW Data    ZI Data      Debug   Library Name

      6076        274        513          0        324       3944   c_w.l
      1350        160          0          0          0       1152   fz_wm.l
        48          0          0          0          0        124   m_wm.l

    ----------------------------------------------------------------------
      7486        434        516          0        328       5220   Library Totals

    ----------------------------------------------------------------------

==============================================================================


      Code (inc. data)   RO Data    RW Data    ZI Data      Debug   

     12556        792        940       2640       2504     137027   Grand Totals
     12556        792        940        768       2504     137027   ELF Image Totals (compressed)
     12556        792        940        768          0          0   ROM Totals

==============================================================================

    Total RO  Size (Code + RO Data)                13496 (  13.18kB)
    Total RW  Size (RW Data + ZI Data)              5144 (   5.02kB)
    Total ROM Size (Code + RO Data + RW Data)      14264 (  13.93kB)

==============================================================================

