<html>
<body>
<pre>
<h1>µVision Build Log</h1>
<h2>Tool Versions:</h2>
IDE-Version: ¦ÌVision V5.18.0.0
Copyright (C) 2016 ARM Ltd and ARM Germany GmbH. All rights reserved.
License Information: rong rong, xmu, LIC=QF82M-XPQ3M-UHS8H-WDNEP-XLR2D-7ICK0
 
Tool Versions:
Toolchain:       MDK-ARM Standard  Version: 5.18
Toolchain Path:  C:\Keil_518\ARM\ARMCC\Bin
C Compiler:      Armcc.exe V5.06 update 1 (build 61)
Assembler:       Armasm.exe V5.06 update 1 (build 61)
Linker/Locator:  ArmLink.exe V5.06 update 1 (build 61)
Library Manager: ArmAr.exe V5.06 update 1 (build 61)
Hex Converter:   FromElf.exe V5.06 update 1 (build 61)
CPU DLL:         SARMCM3.DLL V5.18
Dialog DLL:      DCM.DLL V1.13.6.0
Target DLL:      STLink\ST-LINKIII-KEIL_SWO.dll V2.0.18.0
Dialog DLL:      TCM.DLL V1.14.8.0
 
<h2>Project:</h2>
C:\keil_demo\xll_demo\Xll-IOT_Demo_Suites\Projects\08_PWM_motor -20221206\MDK-ARM\08_PWM.uvprojx
Project File Date:  12/12/2022

<h2>Output:</h2>
*** Using Compiler 'V5.06 update 1 (build 61)', folder: 'C:\Keil_518\ARM\ARMCC\Bin'
Build target 'PWM'
compiling test.c...
..\Soft_Drive\platformtest\test.h(11): warning:  #1295-D: Deprecated declaration test2 - give arg types
  void test2();
..\..\..\..\GD32F4x_Firmware_Library\XLL_4G\stdarg.h(13): warning:  #47-D: incompatible redefinition of macro "__ARMCLIB_VERSION" (declared at line 22 of "C:\Keil_518\ARM\ARMCC\Bin\..\include\string.h")
  #define __ARMCLIB_VERSION 5050106
..\Soft_Drive\platformtest\test.c(163): warning:  #1-D: last line of file ends without a newline
  }
..\Soft_Drive\platformtest\test.c: 3 warnings, 0 errors
linking...
Program Size: Code=5296 RO-data=424 RW-data=68 ZI-data=4356  
".\output\01_GPIO_Runing_LED.axf" - 0 Error(s), 3 Warning(s).

<h2>Collection of Component include folders:</h2>
  C:\keil_demo\xll_demo\Xll-IOT_Demo_Suites\Projects\08_PWM_motor -20221206\MDK-ARM\RTE
  C:\Keil_518\ARM\PACK\GigaDevice\GD32F4xx_DFP\3.0.0\Device\F4XX\Include

<h2>Collection of Component Files used:</h2>
Build Time Elapsed:  00:00:01
</pre>
</body>
</html>
