<html>
<body>
<pre>
<h1>µVision Build Log</h1>
<h2>Tool Versions:</h2>
IDE-Version: ¦ÌVision V5.18.0.0
Copyright (C) 2016 ARM Ltd and ARM Germany GmbH. All rights reserved.
License Information: rong rong, xmu, LIC=----
 
Tool Versions:
Toolchain:       MDK-Lite  Version: 5.18
Toolchain Path:  C:\Keil_518\ARM\ARMCC\Bin
C Compiler:      Armcc.exe V5.06 update 1 (build 61)
Assembler:       Armasm.exe V5.06 update 1 (build 61)
Linker/Locator:  ArmLink.exe V5.06 update 1 (build 61)
Library Manager: ArmAr.exe V5.06 update 1 (build 61)
Hex Converter:   FromElf.exe V5.06 update 1 (build 61)
CPU DLL:         SARMCM3.DLL V5.18
Dialog DLL:      DCM.DLL V1.13.6.0
Target DLL:      STLink\ST-LINKIII-KEIL_SWO.dll V2.0.18.0
Dialog DLL:      TCM.DLL V1.14.8.0
 
<h2>Project:</h2>
C:\keil_demo\xll_demo\Xll-IOT_Demo_Suites\Projects\08_PWM_motor -20221206\MDK-ARM\08_PWM.uvprojx
Project File Date:  12/12/2022

<h2>Output:</h2>
*** Using Compiler 'V5.06 update 1 (build 61)', folder: 'C:\Keil_518\ARM\ARMCC\Bin'
Rebuild target 'PWM'
assembling startup_gd32f407.s...
compiling gd32f4xx_it.c...
compiling system_gd32f4xx.c...
compiling gd32f4xx_adc.c...
compiling systick.c...
compiling main.c...
..\Soft_Drive\platformtest\test.h(11): warning:  #1295-D: Deprecated declaration test2 - give arg types
  void test2();
..\..\..\..\GD32F4x_Firmware_Library\XLL_4G\stdarg.h(13): warning:  #47-D: incompatible redefinition of macro "__ARMCLIB_VERSION" (declared at line 22 of "C:\Keil_518\ARM\ARMCC\Bin\..\include\string.h")
  #define __ARMCLIB_VERSION 5050106
..\USER\main.c: 2 warnings, 0 errors
compiling gd32f4xx_can.c...
compiling gd32f4xx_crc.c...
compiling gd32f4xx_ctc.c...
compiling gd32f4xx_dac.c...
compiling gd32f4xx_dma.c...
compiling gd32f4xx_dci.c...
compiling gd32f4xx_dbg.c...
compiling gd32f4xx_exmc.c...
compiling gd32f4xx_enet.c...
compiling gd32f4xx_exti.c...
compiling gd32f4xx_fwdgt.c...
compiling gd32f4xx_fmc.c...
compiling gd32f4xx_i2c.c...
compiling gd32f4xx_gpio.c...
compiling gd32f4xx_ipa.c...
compiling gd32f4xx_iref.c...
compiling gd32f4xx_misc.c...
compiling gd32f4xx_pmu.c...
compiling gd32f4xx_sdio.c...
compiling gd32f4xx_rcu.c...
compiling gd32f4xx_rtc.c...
compiling gd32f4xx_syscfg.c...
compiling gd32f4xx_spi.c...
compiling gd32f4xx_timer.c...
compiling gd32f4xx_tli.c...
compiling gd32f4xx_wwdgt.c...
compiling gd32f4xx_trng.c...
compiling gd32f4xx_usart.c...
compiling gd32f4xx_XII-IOT.c...
compiling test.c...
..\Soft_Drive\platformtest\test.h(11): warning:  #1295-D: Deprecated declaration test2 - give arg types
  void test2();
..\..\..\..\GD32F4x_Firmware_Library\XLL_4G\stdarg.h(13): warning:  #47-D: incompatible redefinition of macro "__ARMCLIB_VERSION" (declared at line 22 of "C:\Keil_518\ARM\ARMCC\Bin\..\include\string.h")
  #define __ARMCLIB_VERSION 5050106
..\Soft_Drive\platformtest\test.c(163): warning:  #1-D: last line of file ends without a newline
  }
..\Soft_Drive\platformtest\test.c: 3 warnings, 0 errors
compiling pwm.c...
..\..\..\..\GD32F4x_Firmware_Library\XLL_4G\stdarg.h(13): warning:  #47-D: incompatible redefinition of macro "__ARMCLIB_VERSION" (declared at line 22 of "C:\Keil_518\ARM\ARMCC\Bin\..\include\string.h")
  #define __ARMCLIB_VERSION 5050106
..\Soft_Drive\pwm\pwm.c: 1 warning, 0 errors
compiling oled.c...
compiling crc16.c...
compiling cJSON_Utils.c...
compiling cJSON.c...
compiling message_json.c...
..\..\..\..\GD32F4x_Firmware_Library\XLL_4G\stdarg.h(13): warning:  #47-D: incompatible redefinition of macro "__ARMCLIB_VERSION" (declared at line 22 of "C:\Keil_518\ARM\ARMCC\Bin\..\include\string.h")
  #define __ARMCLIB_VERSION 5050106
..\..\..\..\GD32F4x_Firmware_Library\XLL_4G\message_json.c: 1 warning, 0 errors
compiling usart2.c...
..\..\..\..\GD32F4x_Firmware_Library\XLL_4G\stdarg.h(13): warning:  #47-D: incompatible redefinition of macro "__ARMCLIB_VERSION" (declared at line 22 of "C:\Keil_518\ARM\ARMCC\Bin\..\include\string.h")
  #define __ARMCLIB_VERSION 5050106
..\..\..\..\GD32F4x_Firmware_Library\XLL_4G\usart2.c: 1 warning, 0 errors
compiling sim7600ce.c...
..\..\..\..\GD32F4x_Firmware_Library\XLL_4G\stdarg.h(13): warning:  #47-D: incompatible redefinition of macro "__ARMCLIB_VERSION" (declared at line 22 of "C:\Keil_518\ARM\ARMCC\Bin\..\include\string.h")
  #define __ARMCLIB_VERSION 5050106
..\..\..\..\GD32F4x_Firmware_Library\XLL_4G\sim7600ce.c: 1 warning, 0 errors
linking...
Program Size: Code=10622 RO-data=2498 RW-data=392 ZI-data=4352  
".\output\01_GPIO_Runing_LED.axf" - 0 Error(s), 9 Warning(s).

<h2>Collection of Component include folders:</h2>
  C:\keil_demo\xll_demo\Xll-IOT_Demo_Suites\Projects\08_PWM_motor -20221206\MDK-ARM\RTE
  C:\Keil_518\ARM\PACK\GigaDevice\GD32F4xx_DFP\3.0.0\Device\F4XX\Include

<h2>Collection of Component Files used:</h2>
Build Time Elapsed:  00:00:08
</pre>
</body>
</html>
