<html>
<body>
<pre>
<h1>µVision Build Log</h1>
<h2>Tool Versions:</h2>
IDE-Version: ¶ÃVision V5.18.0.0
Copyright (C) 2016 ARM Ltd and ARM Germany GmbH. All rights reserved.
License Information: rong rong, xmu, LIC=----
 
Tool Versions:
Toolchain:       MDK-Lite  Version: 5.18
Toolchain Path:  C:\Keil_518\ARM\ARMCC\Bin
C Compiler:      Armcc.exe V5.06 update 1 (build 61)
Assembler:       Armasm.exe V5.06 update 1 (build 61)
Linker/Locator:  ArmLink.exe V5.06 update 1 (build 61)
Library Manager: ArmAr.exe V5.06 update 1 (build 61)
Hex Converter:   FromElf.exe V5.06 update 1 (build 61)
CPU DLL:         SARMCM3.DLL V5.18
Dialog DLL:      DCM.DLL V1.13.6.0
Target DLL:      STLink\ST-LINKIII-KEIL_SWO.dll V2.0.18.0
Dialog DLL:      TCM.DLL V1.14.8.0
 
<h2>Project:</h2>
C:\keil_demo\xll_demo\Xll-IOT_Demo_Suites\Projects\04_Timer_USAT_HMI_æÿ’ÛLED -221128\MDK-ARM\04_Timer_USAT_HMI_æÿ’ÛLED.uvprojx
Project File Date:  11/29/2022

<h2>Output:</h2>
*** Using Compiler 'V5.06 update 1 (build 61)', folder: 'C:\Keil_518\ARM\ARMCC\Bin'
Rebuild target 'Target 1'
compiling gd32f4xx_it.c...
compiling gd32f4xx_crc.c...
compiling system_gd32f4xx.c...
compiling systick.c...
compiling gd32f4xx_can.c...
compiling gd32f4xx_adc.c...
compiling main.c...
..\..\..\..\GD32F4x_Firmware_Library\XLL_4G\stdarg.h(13): warning:  #47-D: incompatible redefinition of macro "__ARMCLIB_VERSION" (declared at line 22 of "C:\Keil_518\ARM\ARMCC\Bin\..\include\string.h")
  #define __ARMCLIB_VERSION 5050106
..\USER\main.c: 1 warning, 0 errors
compiling gd32f4xx_ctc.c...
compiling gd32f4xx_dbg.c...
compiling gd32f4xx_dac.c...
compiling gd32f4xx_dci.c...
compiling gd32f4xx_dma.c...
compiling gd32f4xx_enet.c...
compiling gd32f4xx_exmc.c...
compiling gd32f4xx_fwdgt.c...
compiling gd32f4xx_exti.c...
compiling gd32f4xx_gpio.c...
compiling gd32f4xx_fmc.c...
compiling gd32f4xx_i2c.c...
compiling gd32f4xx_iref.c...
compiling gd32f4xx_ipa.c...
compiling gd32f4xx_pmu.c...
compiling gd32f4xx_misc.c...
compiling gd32f4xx_rcu.c...
compiling gd32f4xx_sdio.c...
compiling gd32f4xx_rtc.c...
compiling gd32f4xx_syscfg.c...
compiling gd32f4xx_spi.c...
assembling startup_gd32f407.s...
compiling gd32f4xx_trng.c...
compiling gd32f4xx_wwdgt.c...
compiling gd32f4xx_tli.c...
compiling gd32f4xx_timer.c...
compiling gd32f4xx_usart.c...
compiling gd32f4xx_XII-IOT.c...
compiling 74HC595_LED.c...
compiling cJSON.c...
compiling cJSON_Utils.c...
compiling crc16.c...
compiling timer.c...
..\..\..\..\GD32F4x_Firmware_Library\XLL_4G\stdarg.h(13): warning:  #47-D: incompatible redefinition of macro "__ARMCLIB_VERSION" (declared at line 22 of "C:\Keil_518\ARM\ARMCC\Bin\..\include\string.h")
  #define __ARMCLIB_VERSION 5050106
..\Soft_Drive\timer\timer.c: 1 warning, 0 errors
compiling test.c...
..\..\..\..\GD32F4x_Firmware_Library\XLL_4G\stdarg.h(13): warning:  #47-D: incompatible redefinition of macro "__ARMCLIB_VERSION" (declared at line 12 of "C:\Keil_518\ARM\ARMCC\Bin\..\include\stdbool.h")
  #define __ARMCLIB_VERSION 5050106
..\Soft_Drive\platfrom_test\test.c: 1 warning, 0 errors
compiling diwen.c...
..\Soft_Drive\HMI\diwen.c(188): warning:  #177-D: variable "recvOffset" was declared but never referenced
  		static uint8_t recvOffset = 0;
..\Soft_Drive\HMI\diwen.c(189): warning:  #177-D: variable "status" was declared but never referenced
      static uint8_t status = STAUS_IDLE;
..\Soft_Drive\HMI\diwen.c(20): warning:  #177-D: variable "USART_Rx_Buf" was declared but never referenced
  static uint8_t USART_Rx_Buf[USART_RECV_BUF_SIZE];// ???? RX ??????
..\Soft_Drive\HMI\diwen.c(21): warning:  #177-D: variable "USART_Rx_Len" was declared but never referenced
  static uint16_t USART_Rx_Len = 0;                // ???? RX ?????????
..\Soft_Drive\HMI\diwen.c(22): warning:  #177-D: variable "USART_Rx_Count" was declared but never referenced
  static uint16_t USART_Rx_Count = 0;              // ???? RX ???????????????
..\Soft_Drive\HMI\diwen.c(23): warning:  #177-D: variable "USART_Tx_Buf" was declared but never referenced
  static uint8_t USART_Tx_Buf[USART_SEND_BUF_SIZE];// ???? Tx ??????
..\Soft_Drive\HMI\diwen.c(24): warning:  #177-D: variable "USART_Tx_Len" was declared but never referenced
  static uint16_t USART_Tx_Len = 0;                // ???? Tx ?????????
..\Soft_Drive\HMI\diwen.c(25): warning:  #177-D: variable "USART_Tx_Count" was declared but never referenced
  static uint16_t USART_Tx_Count = 0;
..\Soft_Drive\HMI\diwen.c(33): warning:  #177-D: variable "uart5_rcev_index" was declared but never referenced
  static uint8_t uart5_rcev_index = 0;
..\Soft_Drive\HMI\diwen.c: 9 warnings, 0 errors
compiling oled.c...
compiling sim7600ce.c...
..\..\..\..\GD32F4x_Firmware_Library\XLL_4G\stdarg.h(13): warning:  #47-D: incompatible redefinition of macro "__ARMCLIB_VERSION" (declared at line 22 of "C:\Keil_518\ARM\ARMCC\Bin\..\include\string.h")
  #define __ARMCLIB_VERSION 5050106
..\..\..\..\GD32F4x_Firmware_Library\XLL_4G\sim7600ce.c: 1 warning, 0 errors
compiling message_json.c...
..\..\..\..\GD32F4x_Firmware_Library\XLL_4G\stdarg.h(13): warning:  #47-D: incompatible redefinition of macro "__ARMCLIB_VERSION" (declared at line 22 of "C:\Keil_518\ARM\ARMCC\Bin\..\include\string.h")
  #define __ARMCLIB_VERSION 5050106
..\..\..\..\GD32F4x_Firmware_Library\XLL_4G\message_json.c: 1 warning, 0 errors
compiling usart2.c...
..\..\..\..\GD32F4x_Firmware_Library\XLL_4G\stdarg.h(13): warning:  #47-D: incompatible redefinition of macro "__ARMCLIB_VERSION" (declared at line 22 of "C:\Keil_518\ARM\ARMCC\Bin\..\include\string.h")
  #define __ARMCLIB_VERSION 5050106
..\..\..\..\GD32F4x_Firmware_Library\XLL_4G\usart2.c: 1 warning, 0 errors
linking...
Program Size: Code=8044 RO-data=424 RW-data=432 ZI-data=4936  
".\output\04_Timer_USAT_HMI_æÿ’ÛLED.axf" - 0 Error(s), 15 Warning(s).

<h2>Collection of Component include folders:</h2>
  C:\keil_demo\xll_demo\Xll-IOT_Demo_Suites\Projects\04_Timer_USAT_HMI_æÿ’ÛLED -221128\MDK-ARM\RTE
  C:\Keil_518\ARM\PACK\GigaDevice\GD32F4xx_DFP\3.0.0\Device\F4XX\Include

<h2>Collection of Component Files used:</h2>
Build Time Elapsed:  00:00:09
</pre>
</body>
</html>
